AUDIO on: device=1 sha=15f03e0219d6 lib=C:/Users/q/Desktop/gametwo/game-two-audio
TELEMETRY persist loaded digest=1c2c35ed0fd6730583ca969e13102a27 schema=2 banked=422 provisions=0 seals=5 marks=3 sessions=18 source=handshake
NETPLAY handshake seat=2 d=9 link_slow=false rtt_ms=-
AUDIO ambience key=amb_meadow zone=zone_7
AUDIO footstep material=dirt zone=zone_7
AUDIO footstep material=grass zone=zone_7
AUDIO footstep material=dirt zone=zone_7
AUDIO footstep material=grass zone=zone_7
AUDIO footstep material=dirt zone=zone_7
AUDIO footstep material=grass zone=zone_7
AUDIO footstep material=dirt zone=zone_7
AUDIO ambience key=none zone=low_quay
AUDIO footstep material=stone zone=low_quay
AUDIO footstep material=grass zone=low_quay
AUDIO footstep material=stone zone=low_quay
AUDIO footstep material=grass zone=low_quay
AUDIO footstep material=stone zone=low_quay
AUDIO footstep material=dirt zone=low_quay
AUDIO footstep material=stone zone=low_quay
AUDIO footstep material=dirt zone=low_quay
AUDIO footstep material=stone zone=low_quay
AUDIO footstep material=grass zone=low_quay
AUDIO footstep material=stone zone=low_quay
AUDIO footstep material=grass zone=low_quay
AUDIO footstep material=stone zone=low_quay
AUDIO footstep material=dirt zone=low_quay
AUDIO footstep material=stone zone=low_quay
AUDIO footstep material=dirt zone=low_quay
AUDIO footstep material=stone zone=low_quay
AUDIO footstep material=dirt zone=low_quay
AUDIO footstep material=stone zone=low_quay
AUDIO footstep material=grass zone=low_quay
AUDIO footstep material=stone zone=low_quay
AUDIO footstep material=grass zone=low_quay
AUDIO footstep material=stone zone=low_quay
AUDIO footstep material=dirt zone=low_quay
AUDIO footstep material=stone zone=low_quay
AUDIO footstep material=grass zone=low_quay
AUDIO footstep material=stone zone=low_quay
AUDIO footstep material=grass zone=low_quay
AUDIO footstep material=stone zone=low_quay
AUDIO footstep material=grass zone=low_quay
AUDIO footstep material=stone zone=low_quay
AUDIO footstep material=grass zone=low_quay
AUDIO footstep material=stone zone=low_quay
AUDIO footstep material=dirt zone=low_quay
AUDIO footstep material=stone zone=low_quay
AUDIO ambience key=amb_meadow zone=zone_7
AUDIO footstep material=grass zone=zone_7
AUDIO footstep material=dirt zone=zone_7
AUDIO footstep material=grass zone=zone_7
AUDIO footstep material=dirt zone=zone_7
AUDIO footstep material=grass zone=zone_7
AUDIO footstep material=dirt zone=zone_7
AUDIO footstep material=stone zone=zone_7
AUDIO ambience key=amb_town zone=zone_7
AUDIO footstep material=water zone=zone_7
AUDIO ambience key=amb_dungeon zone=dungeon_1
AUDIO footstep material=stone zone=dungeon_1
AUDIO ambience key=none zone=zone_8
AUDIO footstep material=dirt zone=zone_8
AUDIO footstep material=grass zone=zone_8
AUDIO footstep material=dirt zone=zone_8
AUDIO footstep material=grass zone=zone_8
AUDIO footstep material=dirt zone=zone_8
AUDIO footstep material=grass zone=zone_8
AUDIO footstep material=dirt zone=zone_8
AUDIO footstep material=grass zone=zone_8
AUDIO footstep material=water zone=zone_8
AUDIO footstep material=dirt zone=zone_8
AUDIO footstep material=grass zone=zone_8
AUDIO footstep material=wood zone=zone_8
AUDIO footstep material=grass zone=zone_8
AUDIO footstep material=wood zone=zone_8
AUDIO footstep material=grass zone=zone_8
AUDIO footstep material=dirt zone=zone_8
AUDIO footstep material=grass zone=zone_8
AUDIO footstep material=dirt zone=zone_8
AUDIO footstep material=water zone=zone_8
AUDIO footstep material=grass zone=zone_8
AUDIO footstep material=dirt zone=zone_8
AUDIO footstep material=grass zone=zone_8
AUDIO footstep material=dirt zone=zone_8
AUDIO footstep material=grass zone=zone_8
AUDIO footstep material=dirt zone=zone_8
AUDIO footstep material=grass zone=zone_8
AUDIO footstep material=dirt zone=zone_8
AUDIO ambience key=amb_dungeon zone=dungeon_1
AUDIO footstep material=stone zone=dungeon_1
AUDIO ambience key=amb_meadow zone=zone_7
AUDIO footstep material=dirt zone=zone_7
AUDIO footstep material=grass zone=zone_7
AUDIO footstep material=dirt zone=zone_7
AUDIO footstep material=grass zone=zone_7
AUDIO footstep material=dirt zone=zone_7
AUDIO ambience key=amb_town zone=zone_7
AUDIO footstep material=stone zone=zone_7
AUDIO footstep material=water zone=zone_7
AUDIO ambience key=amb_dungeon zone=dungeon_1
AUDIO footstep material=stone zone=dungeon_1
AUDIO ambience key=none zone=zone_8
AUDIO footstep material=dirt zone=zone_8
AUDIO footstep material=grass zone=zone_8
AUDIO footstep material=dirt zone=zone_8
AUDIO footstep material=grass zone=zone_8
AUDIO footstep material=dirt zone=zone_8
AUDIO footstep material=water zone=zone_8
AUDIO footstep material=dirt zone=zone_8
AUDIO footstep material=grass zone=zone_8
AUDIO footstep material=wood zone=zone_8
AUDIO footstep material=grass zone=zone_8
AUDIO footstep material=dirt zone=zone_8
AUDIO footstep material=grass zone=zone_8
AUDIO footstep material=dirt zone=zone_8
AUDIO footstep material=water zone=zone_8
AUDIO footstep material=dirt zone=zone_8
AUDIO footstep material=water zone=zone_8
AUDIO footstep material=dirt zone=zone_8
AUDIO footstep material=water zone=zone_8
AUDIO footstep material=dirt zone=zone_8
AUDIO ambience key=amb_dungeon zone=dungeon_1
AUDIO footstep material=stone zone=dungeon_1
AUDIO ambience key=none zone=zone_8
AUDIO footstep material=dirt zone=zone_8
AUDIO footstep material=grass zone=zone_8
AUDIO footstep material=dirt zone=zone_8
AUDIO footstep material=grass zone=zone_8
AUDIO footstep material=dirt zone=zone_8
AUDIO footstep material=grass zone=zone_8
AUDIO footstep material=dirt zone=zone_8
AUDIO footstep material=water zone=zone_8
AUDIO footstep material=dirt zone=zone_8
AUDIO footstep material=grass zone=zone_8
AUDIO footstep material=wood zone=zone_8
AUDIO footstep material=grass zone=zone_8
AUDIO footstep material=dirt zone=zone_8
AUDIO footstep material=water zone=zone_8
AUDIO footstep material=dirt zone=zone_8
AUDIO footstep material=grass zone=zone_8
AUDIO footstep material=dirt zone=zone_8
AUDIO footstep material=grass zone=zone_8
AUDIO footstep material=dirt zone=zone_8
TELEMETRY catchup zone=dungeon_1 elapsed=6063 advanced=11
AUDIO ambience key=amb_dungeon zone=dungeon_1
AUDIO footstep material=stone zone=dungeon_1
AUDIO ambience key=amb_meadow zone=zone_7
AUDIO footstep material=grass zone=zone_7
AUDIO footstep material=dirt zone=zone_7
TELEMETRY catchup zone=low_quay elapsed=20659 advanced=4
AUDIO ambience key=none zone=low_quay
AUDIO footstep material=stone zone=low_quay
AUDIO ambience key=amb_meadow zone=zone_7
AUDIO footstep material=dirt zone=zone_7
AUDIO ambience key=none zone=low_quay
AUDIO footstep material=grass zone=low_quay
AUDIO footstep material=stone zone=low_quay
AUDIO footstep material=dirt zone=low_quay
AUDIO footstep material=stone zone=low_quay
AUDIO footstep material=dirt zone=low_quay
AUDIO footstep material=stone zone=low_quay
AUDIO footstep material=grass zone=low_quay
AUDIO footstep material=stone zone=low_quay
AUDIO footstep material=dirt zone=low_quay
AUDIO footstep material=stone zone=low_quay
AUDIO footstep material=grass zone=low_quay
AUDIO footstep material=stone zone=low_quay
AUDIO footstep material=grass zone=low_quay
AUDIO footstep material=stone zone=low_quay
AUDIO footstep material=grass zone=low_quay
AUDIO footstep material=stone zone=low_quay
AUDIO footstep material=dirt zone=low_quay
AUDIO footstep material=stone zone=low_quay
AUDIO footstep material=dirt zone=low_quay
AUDIO footstep material=wood zone=low_quay
AUDIO footstep material=dirt zone=low_quay
AUDIO footstep material=wood zone=low_quay
AUDIO footstep material=dirt zone=low_quay
AUDIO footstep material=wood zone=low_quay
AUDIO footstep material=dirt zone=low_quay
AUDIO footstep material=wood zone=low_quay
AUDIO footstep material=dirt zone=low_quay
AUDIO footstep material=wood zone=low_quay
AUDIO footstep material=dirt zone=low_quay
AUDIO footstep material=stone zone=low_quay
AUDIO footstep material=grass zone=low_quay
AUDIO footstep material=stone zone=low_quay
AUDIO footstep material=dirt zone=low_quay
AUDIO footstep material=stone zone=low_quay
AUDIO footstep material=grass zone=low_quay
AUDIO footstep material=stone zone=low_quay
AUDIO footstep material=dirt zone=low_quay
AUDIO footstep material=stone zone=low_quay
AUDIO footstep material=dirt zone=low_quay
AUDIO footstep material=stone zone=low_quay
AUDIO footstep material=grass zone=low_quay
AUDIO footstep material=dirt zone=low_quay
AUDIO footstep material=stone zone=low_quay
AUDIO footstep material=grass zone=low_quay
AUDIO footstep material=stone zone=low_quay
AUDIO footstep material=grass zone=low_quay
AUDIO footstep material=stone zone=low_quay
AUDIO footstep material=grass zone=low_quay
AUDIO footstep material=stone zone=low_quay
AUDIO footstep material=grass zone=low_quay
AUDIO footstep material=stone zone=low_quay
AUDIO footstep material=dirt zone=low_quay
AUDIO footstep material=stone zone=low_quay
AUDIO footstep material=grass zone=low_quay
AUDIO footstep material=stone zone=low_quay
AUDIO footstep material=dirt zone=low_quay
AUDIO footstep material=stone zone=low_quay
AUDIO ambience key=amb_meadow zone=zone_7
AUDIO footstep material=dirt zone=zone_7
AUDIO footstep material=stone zone=zone_7
AUDIO ambience key=amb_town zone=zone_7
AUDIO footstep material=water zone=zone_7
AUDIO ambience key=amb_dungeon zone=dungeon_1
AUDIO footstep material=stone zone=dungeon_1
AUDIO ambience key=none zone=zone_8
AUDIO footstep material=dirt zone=zone_8
AUDIO footstep material=grass zone=zone_8
AUDIO footstep material=dirt zone=zone_8
AUDIO footstep material=grass zone=zone_8
AUDIO footstep material=dirt zone=zone_8
AUDIO footstep material=water zone=zone_8
AUDIO footstep material=dirt zone=zone_8
AUDIO footstep material=grass zone=zone_8
AUDIO footstep material=wood zone=zone_8
AUDIO footstep material=grass zone=zone_8
AUDIO footstep material=wood zone=zone_8
AUDIO footstep material=grass zone=zone_8
AUDIO footstep material=dirt zone=zone_8
AUDIO footstep material=water zone=zone_8
AUDIO footstep material=grass zone=zone_8
AUDIO footstep material=dirt zone=zone_8
AUDIO footstep material=grass zone=zone_8
AUDIO footstep material=dirt zone=zone_8
AUDIO ambience key=amb_dungeon zone=dungeon_1
AUDIO footstep material=stone zone=dungeon_1
AUDIO ambience key=none zone=zone_8
AUDIO footstep material=wood zone=zone_8
AUDIO footstep material=grass zone=zone_8
AUDIO footstep material=dirt zone=zone_8
AUDIO footstep material=water zone=zone_8
AUDIO footstep material=dirt zone=zone_8
AUDIO footstep material=grass zone=zone_8
AUDIO footstep material=dirt zone=zone_8
AUDIO footstep material=grass zone=zone_8
AUDIO footstep material=dirt zone=zone_8
TELEMETRY catchup zone=dungeon_1 elapsed=3201 advanced=1
AUDIO ambience key=amb_dungeon zone=dungeon_1
AUDIO footstep material=stone zone=dungeon_1
AUDIO ambience key=none zone=zone_8
AUDIO footstep material=dirt zone=zone_8
AUDIO footstep material=grass zone=zone_8
AUDIO footstep material=dirt zone=zone_8
AUDIO footstep material=grass zone=zone_8
AUDIO footstep material=water zone=zone_8
AUDIO footstep material=grass zone=zone_8
AUDIO footstep material=wood zone=zone_8
AUDIO footstep material=grass zone=zone_8
AUDIO footstep material=dirt zone=zone_8
AUDIO footstep material=water zone=zone_8
AUDIO footstep material=grass zone=zone_8
AUDIO footstep material=dirt zone=zone_8
AUDIO footstep material=grass zone=zone_8
AUDIO footstep material=dirt zone=zone_8
TELEMETRY catchup zone=dungeon_1 elapsed=1978 advanced=4
AUDIO ambience key=amb_dungeon zone=dungeon_1
AUDIO footstep material=stone zone=dungeon_1
AUDIO ambience key=amb_meadow zone=zone_7
AUDIO footstep material=dirt zone=zone_7
AUDIO ambience key=none zone=low_quay
AUDIO footstep material=stone zone=low_quay
AUDIO ambience key=amb_meadow zone=zone_7
AUDIO footstep material=grass zone=zone_7
AUDIO ambience key=none zone=low_quay
AUDIO footstep material=stone zone=low_quay
AUDIO footstep material=dirt zone=low_quay
AUDIO footstep material=stone zone=low_quay
AUDIO footstep material=grass zone=low_quay
AUDIO footstep material=stone zone=low_quay
AUDIO footstep material=grass zone=low_quay
AUDIO footstep material=stone zone=low_quay
AUDIO footstep material=dirt zone=low_quay
AUDIO footstep material=stone zone=low_quay
AUDIO footstep material=dirt zone=low_quay
AUDIO footstep material=stone zone=low_quay
AUDIO footstep material=grass zone=low_quay
AUDIO footstep material=stone zone=low_quay
AUDIO footstep material=grass zone=low_quay
AUDIO footstep material=stone zone=low_quay
AUDIO footstep material=dirt zone=low_quay
AUDIO footstep material=stone zone=low_quay
AUDIO footstep material=dirt zone=low_quay
AUDIO footstep material=stone zone=low_quay
AUDIO footstep material=grass zone=low_quay
AUDIO footstep material=stone zone=low_quay
AUDIO footstep material=dirt zone=low_quay
AUDIO footstep material=stone zone=low_quay
AUDIO footstep material=dirt zone=low_quay
AUDIO footstep material=stone zone=low_quay
AUDIO footstep material=dirt zone=low_quay
AUDIO footstep material=grass zone=low_quay
AUDIO footstep material=stone zone=low_quay
AUDIO footstep material=dirt zone=low_quay
AUDIO footstep material=stone zone=low_quay
AUDIO footstep material=dirt zone=low_quay
AUDIO footstep material=stone zone=low_quay
AUDIO ambience key=amb_meadow zone=zone_7
AUDIO footstep material=dirt zone=zone_7
AUDIO footstep material=stone zone=zone_7
AUDIO ambience key=amb_town zone=zone_7
AUDIO footstep material=water zone=zone_7
AUDIO ambience key=amb_dungeon zone=dungeon_1
AUDIO footstep material=stone zone=dungeon_1
AUDIO ambience key=none zone=zone_8
AUDIO footstep material=dirt zone=zone_8
AUDIO footstep material=grass zone=zone_8
AUDIO footstep material=dirt zone=zone_8
AUDIO footstep material=grass zone=zone_8
AUDIO footstep material=dirt zone=zone_8
AUDIO footstep material=water zone=zone_8
AUDIO footstep material=dirt zone=zone_8
AUDIO footstep material=grass zone=zone_8
AUDIO footstep material=wood zone=zone_8
AUDIO footstep material=grass zone=zone_8
AUDIO footstep material=wood zone=zone_8
AUDIO footstep material=grass zone=zone_8
AUDIO footstep material=dirt zone=zone_8
AUDIO footstep material=grass zone=zone_8
AUDIO footstep material=water zone=zone_8
AUDIO footstep material=dirt zone=zone_8
AUDIO footstep material=grass zone=zone_8
AUDIO footstep material=dirt zone=zone_8
AUDIO footstep material=grass zone=zone_8
AUDIO footstep material=dirt zone=zone_8
TELEMETRY catchup zone=dungeon_1 elapsed=3138 advanced=7
AUDIO ambience key=amb_dungeon zone=dungeon_1
AUDIO ambience key=none zone=zone_8
AUDIO ambience key=amb_dungeon zone=dungeon_1
AUDIO footstep material=stone zone=dungeon_1
AUDIO ambience key=amb_town zone=zone_7
AUDIO footstep material=water zone=zone_7
AUDIO footstep material=stone zone=zone_7
AUDIO footstep material=dirt zone=zone_7
AUDIO ambience key=amb_meadow zone=zone_7
TELEMETRY catchup zone=low_quay elapsed=6670 advanced=4
AUDIO ambience key=none zone=low_quay
AUDIO footstep material=stone zone=low_quay
AUDIO footstep material=grass zone=low_quay
AUDIO footstep material=stone zone=low_quay
AUDIO footstep material=dirt zone=low_quay
AUDIO footstep material=stone zone=low_quay
AUDIO footstep material=dirt zone=low_quay
AUDIO footstep material=stone zone=low_quay
AUDIO footstep material=dirt zone=low_quay
AUDIO footstep material=stone zone=low_quay
AUDIO footstep material=dirt zone=low_quay
AUDIO footstep material=stone zone=low_quay
AUDIO footstep material=dirt zone=low_quay
AUDIO footstep material=stone zone=low_quay
AUDIO footstep material=dirt zone=low_quay
AUDIO footstep material=stone zone=low_quay
AUDIO footstep material=grass zone=low_quay
AUDIO footstep material=stone zone=low_quay
AUDIO footstep material=dirt zone=low_quay
AUDIO footstep material=stone zone=low_quay
AUDIO footstep material=dirt zone=low_quay
AUDIO footstep material=stone zone=low_quay
AUDIO footstep material=dirt zone=low_quay
AUDIO footstep material=grass zone=low_quay
AUDIO footstep material=stone zone=low_quay
AUDIO footstep material=dirt zone=low_quay
AUDIO footstep material=stone zone=low_quay
AUDIO footstep material=grass zone=low_quay
AUDIO footstep material=stone zone=slow_door
AUDIO footstep material=dirt zone=district_two
AUDIO footstep material=stone zone=district_two
AUDIO footstep material=dirt zone=district_two
AUDIO footstep material=grass zone=district_two
AUDIO footstep material=stone zone=district_two
AUDIO footstep material=grass zone=district_two
AUDIO footstep material=stone zone=district_two
AUDIO footstep material=dirt zone=district_two
AUDIO footstep material=stone zone=district_two
AUDIO footstep material=dirt zone=district_two
AUDIO footstep material=stone zone=district_two
AUDIO footstep material=dirt zone=district_two
AUDIO footstep material=stone zone=district_two
AUDIO footstep material=dirt zone=district_two
AUDIO footstep material=stone zone=district_two
AUDIO footstep material=dirt zone=district_two
AUDIO footstep material=stone zone=district_two
AUDIO footstep material=dirt zone=district_two
AUDIO footstep material=stone zone=district_two
AUDIO footstep material=dirt zone=district_two
AUDIO footstep material=stone zone=district_two
AUDIO footstep material=dirt zone=district_two
AUDIO footstep material=stone zone=district_two
AUDIO footstep material=dirt zone=district_two
AUDIO footstep material=stone zone=district_two
AUDIO footstep material=dirt zone=district_two
AUDIO footstep material=stone zone=district_two
AUDIO footstep material=dirt zone=district_two
AUDIO footstep material=stone zone=district_two
AUDIO footstep material=dirt zone=district_two
AUDIO footstep material=stone zone=district_two
AUDIO footstep material=dirt zone=district_two
AUDIO footstep material=stone zone=district_two
AUDIO footstep material=dirt zone=district_two
AUDIO footstep material=stone zone=district_two
AUDIO footstep material=dirt zone=district_two
AUDIO footstep material=stone zone=district_two
AUDIO footstep material=dirt zone=district_two
AUDIO footstep material=stone zone=district_two
AUDIO footstep material=dirt zone=district_two
AUDIO footstep material=stone zone=district_two
AUDIO footstep material=dirt zone=district_two
AUDIO footstep material=stone zone=district_two
AUDIO footstep material=grass zone=district_two
AUDIO footstep material=dirt zone=district_two
AUDIO footstep material=grass zone=district_two
AUDIO footstep material=stone zone=district_two
AUDIO footstep material=dirt zone=district_two
AUDIO footstep material=stone zone=district_two
AUDIO footstep material=dirt zone=district_two
AUDIO footstep material=stone zone=district_two
AUDIO footstep material=dirt zone=district_two
AUDIO footstep material=stone zone=district_two
AUDIO footstep material=dirt zone=district_two
AUDIO footstep material=stone zone=district_two
AUDIO footstep material=dirt zone=district_two
AUDIO footstep material=stone zone=district_two
AUDIO footstep material=dirt zone=district_two
AUDIO footstep material=stone zone=district_two
AUDIO footstep material=dirt zone=district_two
AUDIO footstep material=stone zone=district_two
AUDIO footstep material=dirt zone=district_two
AUDIO footstep material=stone zone=district_two
AUDIO footstep material=dirt zone=district_two
AUDIO footstep material=stone zone=slow_door
TELEMETRY catchup zone=district_two elapsed=828 advanced=6
AUDIO footstep material=dirt zone=district_two
AUDIO footstep material=stone zone=district_two
AUDIO footstep material=dirt zone=district_two
AUDIO footstep material=stone zone=district_two
AUDIO footstep material=dirt zone=district_two
AUDIO footstep material=stone zone=district_two
AUDIO footstep material=dirt zone=district_two
AUDIO footstep material=stone zone=district_two
AUDIO footstep material=dirt zone=district_two
AUDIO footstep material=stone zone=district_two
AUDIO footstep material=dirt zone=district_two
AUDIO footstep material=stone zone=district_two
AUDIO footstep material=dirt zone=district_two
AUDIO footstep material=stone zone=district_two
AUDIO footstep material=dirt zone=district_two
AUDIO footstep material=stone zone=district_two
AUDIO footstep material=dirt zone=district_two
TELEMETRY catchup zone=dungeon_1 elapsed=15558 advanced=12
AUDIO footstep material=wood zone=zone_8
AUDIO footstep material=grass zone=zone_8
AUDIO footstep material=wood zone=zone_8
AUDIO footstep material=grass zone=zone_8
AUDIO footstep material=dirt zone=zone_8
AUDIO footstep material=water zone=zone_8
AUDIO footstep material=dirt zone=zone_8
AUDIO footstep material=grass zone=zone_8
AUDIO footstep material=dirt zone=zone_8
AUDIO footstep material=grass zone=zone_8
AUDIO footstep material=dirt zone=zone_8
AUDIO ambience key=amb_dungeon zone=dungeon_1
AUDIO ambience key=none zone=zone_8
AUDIO ambience key=amb_dungeon zone=dungeon_1
AUDIO footstep material=stone zone=dungeon_1
AUDIO ambience key=amb_meadow zone=zone_7
AUDIO footstep material=dirt zone=zone_7
AUDIO footstep material=grass zone=zone_7
AUDIO ambience key=none zone=low_quay
AUDIO footstep material=stone zone=low_quay
AUDIO footstep material=grass zone=low_quay
AUDIO footstep material=stone zone=low_quay
AUDIO footstep material=grass zone=low_quay
AUDIO footstep material=stone zone=low_quay
AUDIO footstep material=grass zone=low_quay
AUDIO footstep material=stone zone=low_quay
AUDIO footstep material=grass zone=low_quay
AUDIO footstep material=stone zone=low_quay
AUDIO footstep material=grass zone=low_quay
AUDIO footstep material=stone zone=low_quay
AUDIO footstep material=dirt zone=low_quay
AUDIO footstep material=grass zone=low_quay
AUDIO footstep material=stone zone=low_quay
AUDIO footstep material=dirt zone=district_two
AUDIO footstep material=stone zone=district_two
AUDIO footstep material=dirt zone=district_two
AUDIO footstep material=stone zone=district_two
AUDIO footstep material=dirt zone=district_two
AUDIO footstep material=stone zone=district_two
AUDIO footstep material=dirt zone=district_two
AUDIO footstep material=stone zone=district_two
AUDIO footstep material=dirt zone=district_two
AUDIO footstep material=stone zone=district_two
AUDIO footstep material=dirt zone=district_two
AUDIO footstep material=stone zone=district_two
AUDIO footstep material=dirt zone=district_two
AUDIO footstep material=stone zone=district_two
AUDIO footstep material=dirt zone=district_two
AUDIO footstep material=stone zone=district_two
AUDIO footstep material=dirt zone=district_two
AUDIO footstep material=stone zone=district_two
AUDIO footstep material=dirt zone=district_two
AUDIO footstep material=grass zone=district_two
AUDIO footstep material=dirt zone=district_two
AUDIO footstep material=grass zone=district_two
AUDIO footstep material=dirt zone=district_two
AUDIO footstep material=grass zone=district_two
AUDIO footstep material=dirt zone=district_two
AUDIO footstep material=stone zone=district_two
AUDIO footstep material=dirt zone=district_two
AUDIO footstep material=stone zone=district_two
AUDIO footstep material=dirt zone=district_two
AUDIO footstep material=stone zone=district_two
AUDIO footstep material=dirt zone=district_two
AUDIO footstep material=stone zone=district_two
AUDIO footstep material=dirt zone=district_two
AUDIO footstep material=stone zone=district_two
AUDIO footstep material=dirt zone=district_two
AUDIO footstep material=stone zone=district_two
AUDIO footstep material=dirt zone=district_two
AUDIO footstep material=stone zone=district_two
AUDIO footstep material=dirt zone=district_two
AUDIO footstep material=stone zone=district_two
AUDIO footstep material=dirt zone=district
AUDIO footstep material=stone zone=district
AUDIO footstep material=dirt zone=district
AUDIO footstep material=stone zone=district
AUDIO footstep material=dirt zone=district
AUDIO footstep material=stone zone=district
AUDIO footstep material=grass zone=district
AUDIO footstep material=stone zone=district
AUDIO footstep material=grass zone=district
AUDIO footstep material=stone zone=district
AUDIO footstep material=dirt zone=district
AUDIO footstep material=stone zone=district
AUDIO footstep material=wood zone=district
AUDIO footstep material=stone zone=district
AUDIO footstep material=grass zone=district
AUDIO footstep material=stone zone=district
AUDIO footstep material=grass zone=district
AUDIO footstep material=stone zone=district
AUDIO footstep material=grass zone=district
AUDIO footstep material=stone zone=district
AUDIO footstep material=grass zone=district
AUDIO footstep material=stone zone=district
AUDIO footstep material=dirt zone=district
AUDIO footstep material=grass zone=district
AUDIO footstep material=stone zone=district
AUDIO footstep material=dirt zone=district
AUDIO footstep material=stone zone=district
AUDIO footstep material=dirt zone=district
AUDIO footstep material=stone zone=district
AUDIO footstep material=grass zone=district
AUDIO footstep material=dirt zone=district
AUDIO footstep material=stone zone=district
AUDIO footstep material=dirt zone=district
AUDIO footstep material=grass zone=district
AUDIO footstep material=stone zone=district
AUDIO footstep material=grass zone=district
AUDIO footstep material=stone zone=district
AUDIO footstep material=grass zone=district
AUDIO footstep material=stone zone=district
AUDIO footstep material=dirt zone=district
AUDIO footstep material=stone zone=district
AUDIO footstep material=dirt zone=district
AUDIO footstep material=grass zone=district
AUDIO footstep material=stone zone=district
AUDIO footstep material=dirt zone=district
AUDIO footstep material=stone zone=district
AUDIO footstep material=dirt zone=district
AUDIO footstep material=stone zone=district
AUDIO footstep material=dirt zone=district
AUDIO footstep material=stone zone=district
AUDIO footstep material=wood zone=district
AUDIO footstep material=stone zone=district
AUDIO footstep material=wood zone=district
AUDIO footstep material=stone zone=district
AUDIO footstep material=dirt zone=district
AUDIO footstep material=stone zone=district
AUDIO footstep material=dirt zone=district
AUDIO footstep material=stone zone=district
AUDIO footstep material=dirt zone=district
AUDIO footstep material=stone zone=camp
TELEMETRY catchup zone=district elapsed=985 advanced=1
AUDIO footstep material=dirt zone=district
AUDIO footstep material=stone zone=district
AUDIO footstep material=grass zone=district
AUDIO footstep material=stone zone=district
AUDIO footstep material=grass zone=district
AUDIO footstep material=stone zone=district
AUDIO footstep material=dirt zone=district
AUDIO footstep material=stone zone=district
AUDIO footstep material=grass zone=district
AUDIO footstep material=stone zone=district
AUDIO footstep material=dirt zone=district
AUDIO footstep material=stone zone=district
AUDIO footstep material=dirt zone=district
AUDIO footstep material=stone zone=district
AUDIO footstep material=dirt zone=district
AUDIO footstep material=stone zone=district
AUDIO footstep material=dirt zone=district
AUDIO footstep material=stone zone=district
AUDIO footstep material=dirt zone=district
AUDIO footstep material=stone zone=district
AUDIO footstep material=dirt zone=district
AUDIO footstep material=stone zone=district
AUDIO footstep material=grass zone=district
AUDIO footstep material=stone zone=district
AUDIO footstep material=dirt zone=district
AUDIO footstep material=stone zone=district
AUDIO footstep material=grass zone=district
AUDIO footstep material=stone zone=district
AUDIO footstep material=grass zone=district
AUDIO footstep material=stone zone=district
AUDIO footstep material=grass zone=district
AUDIO footstep material=stone zone=district
AUDIO footstep material=dirt zone=district
AUDIO footstep material=stone zone=district
AUDIO footstep material=grass zone=district
AUDIO footstep material=stone zone=district
AUDIO footstep material=grass zone=district
AUDIO footstep material=stone zone=district
AUDIO footstep material=dirt zone=district
AUDIO footstep material=stone zone=district
AUDIO footstep material=grass zone=district
AUDIO footstep material=stone zone=district
AUDIO footstep material=grass zone=district
AUDIO footstep material=stone zone=district
AUDIO footstep material=dirt zone=district
AUDIO footstep material=stone zone=district
AUDIO footstep material=wood zone=district
AUDIO footstep material=stone zone=district
AUDIO footstep material=dirt zone=district
AUDIO footstep material=stone zone=district
AUDIO footstep material=grass zone=district
AUDIO footstep material=stone zone=district
AUDIO footstep material=dirt zone=nest
AUDIO footstep material=stone zone=district
AUDIO footstep material=dirt zone=district
AUDIO footstep material=stone zone=district
AUDIO footstep material=wood zone=district
AUDIO footstep material=dirt zone=district
AUDIO footstep material=stone zone=district
AUDIO footstep material=dirt zone=district
TELEMETRY catchup zone=district_two elapsed=17928 advanced=4
AUDIO footstep material=stone zone=district_two
AUDIO footstep material=dirt zone=district_two
AUDIO footstep material=stone zone=district_two
AUDIO footstep material=dirt zone=district_two
AUDIO footstep material=stone zone=district_two
AUDIO footstep material=dirt zone=district_two
AUDIO footstep material=stone zone=district_two
AUDIO footstep material=dirt zone=district_two
AUDIO footstep material=stone zone=district_two
AUDIO footstep material=dirt zone=district_two
AUDIO footstep material=stone zone=district_two
AUDIO footstep material=dirt zone=district_two
AUDIO footstep material=stone zone=district_two
AUDIO footstep material=dirt zone=district_two
AUDIO footstep material=stone zone=district_two
AUDIO footstep material=grass zone=district_two
AUDIO footstep material=stone zone=district_two
AUDIO footstep material=grass zone=district_two
AUDIO footstep material=stone zone=district_two
AUDIO footstep material=dirt zone=district_two
AUDIO footstep material=stone zone=district_two
AUDIO footstep material=dirt zone=district_two
AUDIO footstep material=grass zone=district_two
AUDIO footstep material=stone zone=district_two
AUDIO footstep material=grass zone=district_two
AUDIO footstep material=stone zone=district_two
AUDIO footstep material=dirt zone=district_two
AUDIO footstep material=stone zone=district_two
AUDIO footstep material=dirt zone=district_two
AUDIO footstep material=stone zone=district_two
AUDIO footstep material=dirt zone=district_two
AUDIO footstep material=stone zone=district_two
AUDIO footstep material=grass zone=district_two
AUDIO footstep material=dirt zone=district_two
AUDIO footstep material=stone zone=district_two
AUDIO footstep material=dirt zone=district_two
AUDIO footstep material=stone zone=district_two
AUDIO footstep material=dirt zone=district_two
AUDIO footstep material=stone zone=district_two
AUDIO footstep material=dirt zone=district_two
AUDIO footstep material=stone zone=district_two
AUDIO footstep material=dirt zone=district_two
AUDIO footstep material=stone zone=slow_door
AUDIO footstep material=dirt zone=low_quay
AUDIO footstep material=stone zone=low_quay
AUDIO footstep material=dirt zone=low_quay
AUDIO footstep material=stone zone=low_quay
AUDIO footstep material=dirt zone=low_quay
AUDIO footstep material=stone zone=low_quay
AUDIO footstep material=grass zone=low_quay
AUDIO footstep material=dirt zone=low_quay
AUDIO footstep material=stone zone=low_quay
AUDIO footstep material=dirt zone=low_quay
AUDIO footstep material=stone zone=low_quay
AUDIO footstep material=dirt zone=low_quay
AUDIO footstep material=stone zone=low_quay
AUDIO footstep material=grass zone=low_quay
AUDIO footstep material=stone zone=low_quay
AUDIO footstep material=dirt zone=low_quay
AUDIO footstep material=stone zone=low_quay
AUDIO footstep material=dirt zone=low_quay
AUDIO footstep material=stone zone=low_quay
AUDIO footstep material=grass zone=low_quay
AUDIO footstep material=stone zone=low_quay
AUDIO footstep material=dirt zone=low_quay
AUDIO footstep material=stone zone=low_quay
AUDIO footstep material=dirt zone=low_quay
AUDIO footstep material=grass zone=low_quay
AUDIO footstep material=stone zone=low_quay
AUDIO footstep material=dirt zone=low_quay
AUDIO footstep material=stone zone=low_quay
AUDIO footstep material=grass zone=low_quay
AUDIO footstep material=stone zone=low_quay
AUDIO footstep material=grass zone=low_quay
AUDIO footstep material=dirt zone=low_quay
AUDIO footstep material=stone zone=low_quay
AUDIO footstep material=dirt zone=low_quay
AUDIO footstep material=stone zone=low_quay
AUDIO footstep material=grass zone=low_quay
AUDIO footstep material=stone zone=low_quay
AUDIO footstep material=dirt zone=nest
TELEMETRY catchup zone=district elapsed=9479 advanced=4
AUDIO footstep material=stone zone=district
AUDIO footstep material=grass zone=district
AUDIO footstep material=stone zone=district
AUDIO footstep material=grass zone=district
AUDIO footstep material=stone zone=district
AUDIO footstep material=dirt zone=district
AUDIO footstep material=stone zone=district
AUDIO footstep material=grass zone=district
AUDIO footstep material=stone zone=district
AUDIO footstep material=dirt zone=district
AUDIO footstep material=grass zone=district
AUDIO footstep material=dirt zone=district
AUDIO footstep material=grass zone=district
AUDIO footstep material=stone zone=district
AUDIO footstep material=grass zone=district
AUDIO footstep material=stone zone=district
AUDIO footstep material=wood zone=district
AUDIO footstep material=stone zone=district
AUDIO footstep material=dirt zone=district
AUDIO footstep material=stone zone=district
AUDIO footstep material=dirt zone=district
AUDIO footstep material=stone zone=district
AUDIO footstep material=dirt zone=district
AUDIO footstep material=stone zone=district_two
AUDIO footstep material=dirt zone=district_two
AUDIO footstep material=stone zone=district_two
AUDIO footstep material=dirt zone=district_two
AUDIO footstep material=stone zone=district_two
AUDIO footstep material=dirt zone=district_two
AUDIO footstep material=stone zone=district_two
AUDIO footstep material=dirt zone=district_two
AUDIO footstep material=grass zone=district_two
AUDIO footstep material=dirt zone=district_two
AUDIO footstep material=grass zone=district_two
AUDIO footstep material=dirt zone=district_two
AUDIO footstep material=stone zone=district_two
AUDIO footstep material=dirt zone=district_two
AUDIO footstep material=stone zone=district_two
AUDIO footstep material=dirt zone=district_two
AUDIO footstep material=stone zone=district_two
AUDIO footstep material=dirt zone=district_two
AUDIO footstep material=stone zone=district_two
AUDIO footstep material=dirt zone=district_two
AUDIO footstep material=stone zone=district_two
AUDIO footstep material=dirt zone=district_two
AUDIO footstep material=stone zone=district_two
AUDIO footstep material=dirt zone=district_two
AUDIO footstep material=stone zone=district_two
AUDIO footstep material=grass zone=district_two
AUDIO footstep material=dirt zone=district_two
AUDIO footstep material=grass zone=district_two
AUDIO footstep material=dirt zone=district_two
AUDIO footstep material=grass zone=district_two
AUDIO footstep material=dirt zone=district_two
AUDIO footstep material=grass zone=district_two
AUDIO footstep material=dirt zone=district_two
AUDIO footstep material=grass zone=district_two
AUDIO footstep material=dirt zone=district_two
AUDIO footstep material=grass zone=district_two
AUDIO footstep material=dirt zone=district_two
AUDIO footstep material=stone zone=district
AUDIO footstep material=grass zone=district
AUDIO footstep material=stone zone=district
AUDIO footstep material=wood zone=district
AUDIO footstep material=stone zone=district
AUDIO footstep material=grass zone=district
AUDIO footstep material=stone zone=district
AUDIO footstep material=wood zone=district
AUDIO footstep material=stone zone=district
AUDIO footstep material=dirt zone=district
AUDIO footstep material=stone zone=district
AUDIO footstep material=dirt zone=district_two
AUDIO footstep material=stone zone=district_two
AUDIO footstep material=dirt zone=district_two
AUDIO footstep material=stone zone=district_two
AUDIO footstep material=dirt zone=district_two
AUDIO footstep material=stone zone=district_two
AUDIO footstep material=dirt zone=district_two
AUDIO footstep material=stone zone=district_two
AUDIO footstep material=dirt zone=district_two
AUDIO footstep material=stone zone=district_two
AUDIO footstep material=grass zone=district_two
AUDIO footstep material=dirt zone=district_two
AUDIO footstep material=grass zone=district_two
AUDIO footstep material=stone zone=district_two
AUDIO footstep material=dirt zone=district_two
AUDIO footstep material=stone zone=district_two
AUDIO footstep material=dirt zone=district_two
AUDIO footstep material=stone zone=slow_door
AUDIO footstep material=dirt zone=low_quay
AUDIO footstep material=grass zone=low_quay
AUDIO footstep material=stone zone=low_quay
AUDIO footstep material=dirt zone=low_quay
AUDIO footstep material=stone zone=low_quay
AUDIO footstep material=grass zone=low_quay
AUDIO footstep material=dirt zone=low_quay
AUDIO footstep material=stone zone=low_quay
AUDIO footstep material=dirt zone=low_quay
AUDIO footstep material=stone zone=low_quay
AUDIO footstep material=grass zone=low_quay
AUDIO footstep material=stone zone=low_quay
AUDIO footstep material=dirt zone=low_quay
AUDIO footstep material=wood zone=low_quay
AUDIO footstep material=dirt zone=low_quay
AUDIO footstep material=wood zone=low_quay
AUDIO footstep material=dirt zone=low_quay
AUDIO footstep material=wood zone=low_quay
AUDIO footstep material=dirt zone=low_quay
AUDIO footstep material=stone zone=low_quay
AUDIO footstep material=grass zone=low_quay
AUDIO footstep material=stone zone=low_quay
AUDIO footstep material=dirt zone=low_quay
AUDIO footstep material=grass zone=low_quay
AUDIO footstep material=stone zone=low_quay
AUDIO footstep material=grass zone=low_quay
AUDIO footstep material=stone zone=low_quay
AUDIO footstep material=grass zone=low_quay
AUDIO footstep material=stone zone=low_quay
AUDIO footstep material=dirt zone=low_quay
AUDIO footstep material=stone zone=low_quay
AUDIO footstep material=grass zone=low_quay
AUDIO footstep material=dirt zone=low_quay
AUDIO footstep material=stone zone=low_quay
AUDIO footstep material=dirt zone=low_quay
AUDIO footstep material=stone zone=low_quay
AUDIO footstep material=dirt zone=low_quay
AUDIO footstep material=grass zone=low_quay
AUDIO footstep material=stone zone=low_quay
AUDIO footstep material=grass zone=low_quay
AUDIO footstep material=stone zone=low_quay
AUDIO footstep material=dirt zone=low_quay
AUDIO footstep material=stone zone=low_quay
AUDIO footstep material=grass zone=low_quay
AUDIO footstep material=stone zone=low_quay
AUDIO footstep material=dirt zone=low_quay
AUDIO footstep material=stone zone=low_quay
AUDIO footstep material=dirt zone=low_quay
AUDIO footstep material=stone zone=low_quay
AUDIO footstep material=dirt zone=low_quay
AUDIO footstep material=stone zone=low_quay
AUDIO footstep material=grass zone=low_quay
AUDIO footstep material=stone zone=low_quay
AUDIO footstep material=dirt zone=low_quay
AUDIO footstep material=stone zone=low_quay
AUDIO footstep material=grass zone=low_quay
AUDIO footstep material=stone zone=low_quay
AUDIO footstep material=dirt zone=low_quay
AUDIO footstep material=stone zone=low_quay
AUDIO footstep material=dirt zone=low_quay
AUDIO footstep material=stone zone=low_quay
AUDIO footstep material=grass zone=low_quay
AUDIO footstep material=stone zone=low_quay
AUDIO footstep material=dirt zone=low_quay
AUDIO footstep material=stone zone=low_quay
AUDIO footstep material=dirt zone=low_quay
AUDIO footstep material=stone zone=low_quay
AUDIO footstep material=dirt zone=low_quay
AUDIO footstep material=stone zone=low_quay
AUDIO footstep material=grass zone=low_quay
AUDIO footstep material=stone zone=low_quay
AUDIO footstep material=grass zone=low_quay
AUDIO footstep material=dirt zone=low_quay
AUDIO footstep material=stone zone=low_quay
AUDIO footstep material=dirt zone=low_quay
AUDIO footstep material=stone zone=low_quay
AUDIO footstep material=grass zone=low_quay
AUDIO footstep material=stone zone=low_quay
AUDIO footstep material=dirt zone=low_quay
AUDIO footstep material=stone zone=low_quay
AUDIO footstep material=grass zone=low_quay
AUDIO footstep material=dirt zone=low_quay
AUDIO footstep material=stone zone=low_quay
AUDIO footstep material=grass zone=low_quay
AUDIO footstep material=stone zone=low_quay
TELEMETRY catchup zone=low_quay elapsed=725 advanced=1
AUDIO footstep material=dirt zone=low_quay
AUDIO footstep material=stone zone=low_quay
AUDIO footstep material=grass zone=low_quay
AUDIO footstep material=stone zone=low_quay
AUDIO footstep material=dirt zone=low_quay
AUDIO footstep material=stone zone=low_quay
AUDIO footstep material=grass zone=low_quay
AUDIO footstep material=stone zone=low_quay
AUDIO footstep material=grass zone=low_quay
AUDIO footstep material=stone zone=low_quay
AUDIO ambience key=amb_meadow zone=zone_7
AUDIO footstep material=dirt zone=zone_7
AUDIO footstep material=grass zone=zone_7
AUDIO footstep material=dirt zone=zone_7
AUDIO footstep material=grass zone=zone_7
AUDIO footstep material=dirt zone=zone_7
AUDIO footstep material=stone zone=zone_7
AUDIO ambience key=amb_town zone=zone_7
AUDIO footstep material=wood zone=zone_7
AUDIO ambience key=none zone=basement_1
AUDIO ambience key=amb_town zone=zone_7
AUDIO ambience key=none zone=basement_1
AUDIO ambience key=amb_town zone=zone_7
AUDIO ambience key=none zone=basement_1
AUDIO ambience key=amb_town zone=zone_7
AUDIO ambience key=none zone=basement_1
AUDIO ambience key=amb_town zone=zone_7
AUDIO ambience key=none zone=basement_1
AUDIO ambience key=amb_town zone=zone_7
AUDIO ambience key=none zone=basement_1
AUDIO ambience key=amb_town zone=zone_7
AUDIO ambience key=none zone=basement_1
AUDIO ambience key=amb_town zone=zone_7
AUDIO ambience key=none zone=basement_1
AUDIO ambience key=amb_town zone=zone_7
AUDIO ambience key=none zone=basement_1
AUDIO ambience key=amb_town zone=zone_7
AUDIO ambience key=none zone=basement_1
AUDIO ambience key=amb_town zone=zone_7
AUDIO ambience key=none zone=basement_1
AUDIO ambience key=amb_town zone=zone_7
AUDIO ambience key=none zone=basement_1
AUDIO ambience key=amb_town zone=zone_7
AUDIO ambience key=none zone=basement_1
AUDIO ambience key=amb_town zone=zone_7
AUDIO ambience key=none zone=basement_1
AUDIO ambience key=amb_town zone=zone_7
AUDIO ambience key=none zone=basement_1
AUDIO ambience key=amb_town zone=zone_7
AUDIO ambience key=none zone=basement_1
AUDIO ambience key=amb_town zone=zone_7
AUDIO ambience key=none zone=basement_1
AUDIO ambience key=amb_town zone=zone_7
AUDIO ambience key=none zone=basement_1
AUDIO ambience key=amb_town zone=zone_7
AUDIO ambience key=none zone=basement_1
AUDIO ambience key=amb_town zone=zone_7
AUDIO ambience key=none zone=basement_1
AUDIO ambience key=amb_town zone=zone_7
AUDIO ambience key=none zone=basement_1
AUDIO ambience key=amb_town zone=zone_7
AUDIO ambience key=none zone=basement_1
AUDIO ambience key=amb_town zone=zone_7
AUDIO ambience key=none zone=basement_1
AUDIO ambience key=amb_town zone=zone_7
AUDIO ambience key=none zone=basement_1
AUDIO ambience key=amb_town zone=zone_7
AUDIO ambience key=none zone=basement_1
AUDIO ambience key=amb_town zone=zone_7
AUDIO ambience key=none zone=basement_1
AUDIO ambience key=amb_town zone=zone_7
AUDIO ambience key=none zone=basement_1
AUDIO ambience key=amb_town zone=zone_7
AUDIO ambience key=none zone=basement_1
AUDIO ambience key=amb_town zone=zone_7
AUDIO ambience key=none zone=basement_1
AUDIO ambience key=amb_town zone=zone_7
AUDIO ambience key=none zone=basement_1
AUDIO ambience key=amb_town zone=zone_7
AUDIO ambience key=none zone=basement_1
AUDIO ambience key=amb_town zone=zone_7
AUDIO ambience key=none zone=basement_1
AUDIO ambience key=amb_town zone=zone_7
AUDIO ambience key=none zone=basement_1
AUDIO ambience key=amb_town zone=zone_7
AUDIO ambience key=none zone=basement_1
AUDIO ambience key=amb_town zone=zone_7
AUDIO ambience key=none zone=basement_1
AUDIO ambience key=amb_town zone=zone_7
AUDIO ambience key=none zone=basement_1
AUDIO ambience key=amb_town zone=zone_7
AUDIO ambience key=none zone=basement_1
AUDIO ambience key=amb_town zone=zone_7
AUDIO ambience key=none zone=basement_1
AUDIO ambience key=amb_town zone=zone_7
AUDIO ambience key=none zone=basement_1
AUDIO ambience key=amb_town zone=zone_7
AUDIO ambience key=none zone=basement_1
AUDIO ambience key=amb_town zone=zone_7
AUDIO ambience key=none zone=basement_1
AUDIO ambience key=amb_town zone=zone_7
AUDIO ambience key=none zone=basement_1
AUDIO ambience key=amb_town zone=zone_7
AUDIO ambience key=none zone=basement_1
AUDIO ambience key=amb_town zone=zone_7
AUDIO ambience key=none zone=basement_1
AUDIO ambience key=amb_town zone=zone_7
AUDIO ambience key=none zone=basement_1
AUDIO ambience key=amb_town zone=zone_7
AUDIO ambience key=none zone=basement_1
AUDIO ambience key=amb_town zone=zone_7
AUDIO ambience key=none zone=basement_1
AUDIO ambience key=amb_town zone=zone_7
AUDIO ambience key=none zone=basement_1
AUDIO ambience key=amb_town zone=zone_7
AUDIO ambience key=none zone=basement_1
AUDIO ambience key=amb_town zone=zone_7
AUDIO ambience key=none zone=basement_1
AUDIO ambience key=amb_town zone=zone_7
AUDIO ambience key=none zone=basement_1
AUDIO ambience key=amb_town zone=zone_7
AUDIO ambience key=none zone=basement_1
AUDIO ambience key=amb_town zone=zone_7
AUDIO ambience key=none zone=basement_1
AUDIO ambience key=amb_town zone=zone_7
AUDIO ambience key=none zone=basement_1
AUDIO ambience key=amb_town zone=zone_7
AUDIO ambience key=none zone=basement_1
AUDIO ambience key=amb_town zone=zone_7
AUDIO ambience key=none zone=basement_1
AUDIO ambience key=amb_town zone=zone_7
AUDIO ambience key=none zone=basement_1
AUDIO ambience key=amb_town zone=zone_7
AUDIO ambience key=none zone=basement_1
AUDIO ambience key=amb_town zone=zone_7
AUDIO ambience key=none zone=basement_1
AUDIO ambience key=amb_town zone=zone_7
AUDIO ambience key=none zone=basement_1
AUDIO ambience key=amb_town zone=zone_7
AUDIO ambience key=none zone=basement_1
AUDIO ambience key=amb_town zone=zone_7
AUDIO ambience key=none zone=basement_1
AUDIO ambience key=amb_town zone=zone_7
AUDIO ambience key=none zone=basement_1
AUDIO ambience key=amb_town zone=zone_7
AUDIO ambience key=none zone=basement_1
AUDIO ambience key=amb_town zone=zone_7
AUDIO ambience key=none zone=basement_1
AUDIO ambience key=amb_town zone=zone_7
AUDIO ambience key=none zone=basement_1
AUDIO ambience key=amb_town zone=zone_7
AUDIO ambience key=none zone=basement_1
AUDIO ambience key=amb_town zone=zone_7
AUDIO ambience key=none zone=basement_1
AUDIO ambience key=amb_town zone=zone_7
AUDIO ambience key=none zone=basement_1
AUDIO ambience key=amb_town zone=zone_7
AUDIO ambience key=none zone=basement_1
AUDIO ambience key=amb_town zone=zone_7
AUDIO ambience key=none zone=basement_1
AUDIO ambience key=amb_town zone=zone_7
AUDIO ambience key=none zone=basement_1
AUDIO ambience key=amb_town zone=zone_7
AUDIO ambience key=none zone=basement_1
AUDIO ambience key=amb_town zone=zone_7
AUDIO ambience key=none zone=basement_1
AUDIO ambience key=amb_town zone=zone_7
AUDIO ambience key=none zone=basement_1
AUDIO ambience key=amb_town zone=zone_7
AUDIO ambience key=none zone=basement_1
AUDIO ambience key=amb_town zone=zone_7
AUDIO ambience key=none zone=basement_1
AUDIO ambience key=amb_town zone=zone_7
AUDIO ambience key=none zone=basement_1
AUDIO ambience key=amb_town zone=zone_7
AUDIO ambience key=none zone=basement_1
AUDIO ambience key=amb_town zone=zone_7
AUDIO ambience key=none zone=basement_1
AUDIO ambience key=amb_town zone=zone_7
AUDIO ambience key=none zone=basement_1
AUDIO ambience key=amb_town zone=zone_7
AUDIO ambience key=none zone=basement_1
AUDIO ambience key=amb_town zone=zone_7
AUDIO ambience key=none zone=basement_1
AUDIO ambience key=amb_town zone=zone_7
AUDIO ambience key=none zone=basement_1
AUDIO ambience key=amb_town zone=zone_7
AUDIO ambience key=none zone=basement_1
AUDIO ambience key=amb_town zone=zone_7
AUDIO ambience key=none zone=basement_1
AUDIO ambience key=amb_town zone=zone_7
AUDIO ambience key=none zone=basement_1
AUDIO ambience key=amb_town zone=zone_7
AUDIO ambience key=none zone=basement_1
AUDIO ambience key=amb_town zone=zone_7
AUDIO ambience key=none zone=basement_1
AUDIO ambience key=amb_town zone=zone_7
AUDIO ambience key=none zone=basement_1
AUDIO ambience key=amb_town zone=zone_7
AUDIO ambience key=none zone=basement_1
AUDIO ambience key=amb_town zone=zone_7
AUDIO ambience key=none zone=basement_1
AUDIO ambience key=amb_town zone=zone_7
AUDIO ambience key=none zone=basement_1
AUDIO ambience key=amb_town zone=zone_7
AUDIO ambience key=none zone=basement_1
AUDIO ambience key=amb_town zone=zone_7
AUDIO ambience key=none zone=basement_1
AUDIO ambience key=amb_town zone=zone_7
AUDIO ambience key=none zone=basement_1
AUDIO ambience key=amb_town zone=zone_7
AUDIO ambience key=none zone=basement_1
AUDIO ambience key=amb_town zone=zone_7
AUDIO ambience key=none zone=basement_1
AUDIO ambience key=amb_town zone=zone_7
AUDIO ambience key=none zone=basement_1
AUDIO ambience key=amb_town zone=zone_7
AUDIO ambience key=none zone=basement_1
AUDIO ambience key=amb_town zone=zone_7
AUDIO ambience key=none zone=basement_1
AUDIO ambience key=amb_town zone=zone_7
AUDIO ambience key=none zone=basement_1
AUDIO ambience key=amb_town zone=zone_7
AUDIO ambience key=none zone=basement_1
AUDIO ambience key=amb_town zone=zone_7
AUDIO ambience key=none zone=basement_1
AUDIO ambience key=amb_town zone=zone_7
AUDIO ambience key=none zone=basement_1
AUDIO ambience key=amb_town zone=zone_7
AUDIO ambience key=none zone=basement_1
AUDIO ambience key=amb_town zone=zone_7
AUDIO ambience key=none zone=basement_1
AUDIO ambience key=amb_town zone=zone_7
AUDIO ambience key=none zone=basement_1
AUDIO ambience key=amb_town zone=zone_7
AUDIO ambience key=none zone=basement_1
AUDIO ambience key=amb_town zone=zone_7
AUDIO ambience key=none zone=basement_1
AUDIO ambience key=amb_town zone=zone_7
AUDIO ambience key=none zone=basement_1
AUDIO ambience key=amb_town zone=zone_7
AUDIO ambience key=none zone=basement_1
AUDIO ambience key=amb_town zone=zone_7
AUDIO ambience key=none zone=basement_1
AUDIO ambience key=amb_town zone=zone_7
AUDIO ambience key=none zone=basement_1
AUDIO ambience key=amb_town zone=zone_7
AUDIO ambience key=none zone=basement_1
AUDIO ambience key=amb_town zone=zone_7
AUDIO ambience key=none zone=basement_1
AUDIO ambience key=amb_town zone=zone_7
AUDIO ambience key=none zone=basement_1
AUDIO ambience key=amb_town zone=zone_7
AUDIO ambience key=none zone=basement_1
AUDIO ambience key=amb_town zone=zone_7
AUDIO ambience key=none zone=basement_1
AUDIO ambience key=amb_town zone=zone_7
AUDIO ambience key=none zone=basement_1
AUDIO ambience key=amb_town zone=zone_7
AUDIO ambience key=none zone=basement_1
AUDIO ambience key=amb_town zone=zone_7
AUDIO ambience key=none zone=basement_1
AUDIO ambience key=amb_town zone=zone_7
AUDIO ambience key=none zone=basement_1
AUDIO ambience key=amb_town zone=zone_7
AUDIO ambience key=none zone=basement_1
AUDIO ambience key=amb_town zone=zone_7
AUDIO ambience key=none zone=basement_1
AUDIO ambience key=amb_town zone=zone_7
AUDIO ambience key=none zone=basement_1
AUDIO ambience key=amb_town zone=zone_7
AUDIO ambience key=none zone=basement_1
AUDIO ambience key=amb_town zone=zone_7
AUDIO ambience key=none zone=basement_1
AUDIO ambience key=amb_town zone=zone_7
AUDIO ambience key=none zone=basement_1
AUDIO ambience key=amb_town zone=zone_7
AUDIO ambience key=none zone=basement_1
AUDIO ambience key=amb_town zone=zone_7
AUDIO ambience key=none zone=basement_1
AUDIO ambience key=amb_town zone=zone_7
AUDIO ambience key=none zone=basement_1
AUDIO ambience key=amb_town zone=zone_7
AUDIO ambience key=none zone=basement_1
AUDIO ambience key=amb_town zone=zone_7
AUDIO ambience key=none zone=basement_1
AUDIO ambience key=amb_town zone=zone_7
AUDIO ambience key=none zone=basement_1
AUDIO ambience key=amb_town zone=zone_7
AUDIO ambience key=none zone=basement_1
AUDIO ambience key=amb_town zone=zone_7
AUDIO ambience key=none zone=basement_1
AUDIO ambience key=amb_town zone=zone_7
AUDIO ambience key=none zone=basement_1
AUDIO ambience key=amb_town zone=zone_7
AUDIO ambience key=none zone=basement_1
AUDIO ambience key=amb_town zone=zone_7
AUDIO ambience key=none zone=basement_1
AUDIO ambience key=amb_town zone=zone_7
AUDIO ambience key=none zone=basement_1
AUDIO ambience key=amb_town zone=zone_7
AUDIO ambience key=none zone=basement_1
AUDIO ambience key=amb_town zone=zone_7
AUDIO ambience key=none zone=basement_1
AUDIO ambience key=amb_town zone=zone_7
AUDIO ambience key=none zone=basement_1
AUDIO ambience key=amb_town zone=zone_7
AUDIO ambience key=none zone=basement_1
AUDIO ambience key=amb_town zone=zone_7
AUDIO ambience key=none zone=basement_1
AUDIO ambience key=amb_town zone=zone_7
AUDIO ambience key=none zone=basement_1
AUDIO ambience key=amb_town zone=zone_7
AUDIO ambience key=none zone=basement_1
AUDIO ambience key=amb_town zone=zone_7
AUDIO ambience key=none zone=basement_1
AUDIO ambience key=amb_town zone=zone_7
AUDIO ambience key=none zone=basement_1
AUDIO ambience key=amb_town zone=zone_7
AUDIO ambience key=none zone=basement_1
AUDIO ambience key=amb_town zone=zone_7
AUDIO ambience key=none zone=basement_1
AUDIO ambience key=amb_town zone=zone_7
AUDIO ambience key=none zone=basement_1
AUDIO ambience key=amb_town zone=zone_7
AUDIO ambience key=none zone=basement_1
AUDIO ambience key=amb_town zone=zone_7
AUDIO ambience key=none zone=basement_1
AUDIO ambience key=amb_town zone=zone_7
AUDIO ambience key=none zone=basement_1
AUDIO ambience key=amb_town zone=zone_7
AUDIO ambience key=none zone=basement_1
AUDIO ambience key=amb_town zone=zone_7
AUDIO ambience key=none zone=basement_1
AUDIO ambience key=amb_town zone=zone_7
AUDIO ambience key=none zone=basement_1
AUDIO ambience key=amb_town zone=zone_7
AUDIO ambience key=none zone=basement_1
AUDIO ambience key=amb_town zone=zone_7
AUDIO ambience key=none zone=basement_1
AUDIO ambience key=amb_town zone=zone_7
AUDIO ambience key=none zone=basement_1
AUDIO ambience key=amb_town zone=zone_7
AUDIO ambience key=none zone=basement_1
AUDIO ambience key=amb_town zone=zone_7
AUDIO ambience key=none zone=basement_1
AUDIO ambience key=amb_town zone=zone_7
AUDIO ambience key=none zone=basement_1
AUDIO ambience key=amb_town zone=zone_7
AUDIO ambience key=none zone=basement_1
AUDIO ambience key=amb_town zone=zone_7
AUDIO ambience key=none zone=basement_1
AUDIO ambience key=amb_town zone=zone_7
AUDIO ambience key=none zone=basement_1
AUDIO ambience key=amb_town zone=zone_7
AUDIO ambience key=none zone=basement_1
AUDIO ambience key=amb_town zone=zone_7
AUDIO ambience key=none zone=basement_1
AUDIO ambience key=amb_town zone=zone_7
AUDIO ambience key=none zone=basement_1
AUDIO ambience key=amb_town zone=zone_7
AUDIO ambience key=none zone=basement_1
AUDIO ambience key=amb_town zone=zone_7
AUDIO ambience key=none zone=basement_1
AUDIO ambience key=amb_town zone=zone_7
AUDIO ambience key=none zone=basement_1
AUDIO ambience key=amb_town zone=zone_7
AUDIO ambience key=none zone=basement_1
AUDIO ambience key=amb_town zone=zone_7
AUDIO ambience key=none zone=basement_1
AUDIO ambience key=amb_town zone=zone_7
AUDIO ambience key=none zone=basement_1
AUDIO ambience key=amb_town zone=zone_7
AUDIO ambience key=none zone=basement_1
AUDIO ambience key=amb_town zone=zone_7
AUDIO ambience key=none zone=basement_1
AUDIO ambience key=amb_town zone=zone_7
AUDIO ambience key=none zone=basement_1
AUDIO ambience key=amb_town zone=zone_7
AUDIO ambience key=none zone=basement_1
AUDIO ambience key=amb_town zone=zone_7
AUDIO ambience key=none zone=basement_1
AUDIO ambience key=amb_town zone=zone_7
AUDIO ambience key=none zone=basement_1
AUDIO ambience key=amb_town zone=zone_7
AUDIO ambience key=none zone=basement_1
AUDIO ambience key=amb_town zone=zone_7
AUDIO ambience key=none zone=basement_1
AUDIO ambience key=amb_town zone=zone_7
AUDIO ambience key=none zone=basement_1
AUDIO ambience key=amb_town zone=zone_7
AUDIO ambience key=none zone=basement_1
AUDIO ambience key=amb_town zone=zone_7
AUDIO ambience key=none zone=basement_1
AUDIO ambience key=amb_town zone=zone_7
AUDIO ambience key=none zone=basement_1
AUDIO ambience key=amb_town zone=zone_7
AUDIO ambience key=none zone=basement_1
AUDIO ambience key=amb_town zone=zone_7
AUDIO ambience key=none zone=basement_1
AUDIO ambience key=amb_town zone=zone_7
AUDIO ambience key=none zone=basement_1
AUDIO ambience key=amb_town zone=zone_7
AUDIO ambience key=none zone=basement_1
AUDIO ambience key=amb_town zone=zone_7
AUDIO ambience key=none zone=basement_1
AUDIO ambience key=amb_town zone=zone_7
AUDIO ambience key=none zone=basement_1
AUDIO ambience key=amb_town zone=zone_7
AUDIO ambience key=none zone=basement_1
AUDIO ambience key=amb_town zone=zone_7
AUDIO ambience key=none zone=basement_1
AUDIO ambience key=amb_town zone=zone_7
AUDIO ambience key=none zone=basement_1
AUDIO ambience key=amb_town zone=zone_7
AUDIO ambience key=none zone=basement_1
AUDIO ambience key=amb_town zone=zone_7
AUDIO ambience key=none zone=basement_1
AUDIO ambience key=amb_town zone=zone_7
AUDIO ambience key=none zone=basement_1
AUDIO ambience key=amb_town zone=zone_7
AUDIO ambience key=none zone=basement_1
AUDIO ambience key=amb_town zone=zone_7
AUDIO ambience key=none zone=basement_1
AUDIO ambience key=amb_town zone=zone_7
AUDIO ambience key=none zone=basement_1
AUDIO ambience key=amb_town zone=zone_7
AUDIO ambience key=none zone=basement_1
AUDIO ambience key=amb_town zone=zone_7
AUDIO ambience key=none zone=basement_1
AUDIO ambience key=amb_town zone=zone_7
AUDIO ambience key=none zone=basement_1
AUDIO ambience key=amb_town zone=zone_7
AUDIO ambience key=none zone=basement_1
AUDIO ambience key=amb_town zone=zone_7
AUDIO ambience key=none zone=basement_1
AUDIO ambience key=amb_town zone=zone_7
AUDIO ambience key=none zone=basement_1
AUDIO ambience key=amb_town zone=zone_7
AUDIO ambience key=none zone=basement_1
AUDIO ambience key=amb_town zone=zone_7
AUDIO ambience key=none zone=basement_1
AUDIO ambience key=amb_town zone=zone_7
AUDIO ambience key=none zone=basement_1
AUDIO ambience key=amb_town zone=zone_7
AUDIO ambience key=none zone=basement_1
AUDIO ambience key=amb_town zone=zone_7
AUDIO ambience key=none zone=basement_1
AUDIO ambience key=amb_town zone=zone_7
AUDIO ambience key=none zone=basement_1
AUDIO ambience key=amb_town zone=zone_7
AUDIO ambience key=none zone=basement_1
AUDIO ambience key=amb_town zone=zone_7
AUDIO ambience key=none zone=basement_1
AUDIO ambience key=amb_town zone=zone_7
AUDIO ambience key=none zone=basement_1
AUDIO ambience key=amb_town zone=zone_7
AUDIO ambience key=none zone=basement_1
AUDIO ambience key=amb_town zone=zone_7
AUDIO ambience key=none zone=basement_1
AUDIO ambience key=amb_town zone=zone_7
AUDIO ambience key=none zone=basement_1
AUDIO ambience key=amb_town zone=zone_7
AUDIO ambience key=none zone=basement_1
AUDIO ambience key=amb_town zone=zone_7
AUDIO ambience key=none zone=basement_1
AUDIO ambience key=amb_town zone=zone_7
AUDIO ambience key=none zone=basement_1
AUDIO ambience key=amb_town zone=zone_7
AUDIO ambience key=none zone=basement_1
AUDIO ambience key=amb_town zone=zone_7
AUDIO ambience key=none zone=basement_1
AUDIO ambience key=amb_town zone=zone_7
AUDIO ambience key=none zone=basement_1
AUDIO ambience key=amb_town zone=zone_7
AUDIO ambience key=none zone=basement_1
AUDIO ambience key=amb_town zone=zone_7
AUDIO ambience key=none zone=basement_1
AUDIO ambience key=amb_town zone=zone_7
AUDIO ambience key=none zone=basement_1
AUDIO ambience key=amb_town zone=zone_7
AUDIO ambience key=none zone=basement_1
AUDIO ambience key=amb_town zone=zone_7
AUDIO ambience key=none zone=basement_1
AUDIO ambience key=amb_town zone=zone_7
AUDIO ambience key=none zone=basement_1
AUDIO ambience key=amb_town zone=zone_7
AUDIO ambience key=none zone=basement_1
AUDIO ambience key=amb_town zone=zone_7
AUDIO ambience key=none zone=basement_1
AUDIO ambience key=amb_town zone=zone_7
AUDIO ambience key=none zone=basement_1
AUDIO ambience key=amb_town zone=zone_7
AUDIO ambience key=none zone=basement_1
AUDIO ambience key=amb_town zone=zone_7
AUDIO ambience key=none zone=basement_1
AUDIO ambience key=amb_town zone=zone_7
AUDIO ambience key=none zone=basement_1
AUDIO ambience key=amb_town zone=zone_7
AUDIO ambience key=none zone=basement_1
AUDIO ambience key=amb_town zone=zone_7
AUDIO ambience key=none zone=basement_1
AUDIO ambience key=amb_town zone=zone_7
AUDIO ambience key=none zone=basement_1
AUDIO ambience key=amb_town zone=zone_7
AUDIO ambience key=none zone=basement_1
AUDIO ambience key=amb_town zone=zone_7
AUDIO ambience key=none zone=basement_1
AUDIO ambience key=amb_town zone=zone_7
AUDIO ambience key=none zone=basement_1
AUDIO ambience key=amb_town zone=zone_7
AUDIO ambience key=none zone=basement_1
AUDIO ambience key=amb_town zone=zone_7
AUDIO ambience key=none zone=basement_1
AUDIO ambience key=amb_town zone=zone_7
AUDIO ambience key=none zone=basement_1
AUDIO ambience key=amb_town zone=zone_7
AUDIO ambience key=none zone=basement_1
AUDIO ambience key=amb_town zone=zone_7
AUDIO ambience key=none zone=basement_1
AUDIO ambience key=amb_town zone=zone_7
AUDIO ambience key=none zone=basement_1
AUDIO ambience key=amb_town zone=zone_7
AUDIO ambience key=none zone=basement_1
AUDIO ambience key=amb_town zone=zone_7
AUDIO ambience key=none zone=basement_1
AUDIO ambience key=amb_town zone=zone_7
AUDIO ambience key=none zone=basement_1
AUDIO ambience key=amb_town zone=zone_7
AUDIO ambience key=none zone=basement_1
AUDIO ambience key=amb_town zone=zone_7
AUDIO ambience key=none zone=basement_1
AUDIO ambience key=amb_town zone=zone_7
AUDIO ambience key=none zone=basement_1
AUDIO ambience key=amb_town zone=zone_7
AUDIO footstep material=stone zone=zone_7
AUDIO footstep material=wood zone=zone_7
AUDIO ambience key=none zone=basement_2
AUDIO ambience key=amb_town zone=zone_7
AUDIO ambience key=none zone=basement_2
AUDIO ambience key=amb_town zone=zone_7
AUDIO ambience key=none zone=basement_2
AUDIO ambience key=amb_town zone=zone_7
AUDIO ambience key=none zone=basement_2
AUDIO ambience key=amb_town zone=zone_7
AUDIO ambience key=none zone=basement_2
AUDIO ambience key=amb_town zone=zone_7
AUDIO ambience key=none zone=basement_2
AUDIO ambience key=amb_town zone=zone_7
AUDIO ambience key=none zone=basement_2
AUDIO ambience key=amb_town zone=zone_7
AUDIO ambience key=none zone=basement_2
AUDIO ambience key=amb_town zone=zone_7
AUDIO ambience key=none zone=basement_2
AUDIO ambience key=amb_town zone=zone_7
AUDIO ambience key=none zone=basement_2
AUDIO ambience key=amb_town zone=zone_7
AUDIO ambience key=none zone=basement_2
AUDIO ambience key=amb_town zone=zone_7
AUDIO ambience key=none zone=basement_2
AUDIO ambience key=amb_town zone=zone_7
AUDIO ambience key=none zone=basement_2
AUDIO ambience key=amb_town zone=zone_7
AUDIO ambience key=none zone=basement_2
AUDIO ambience key=amb_town zone=zone_7
AUDIO ambience key=none zone=basement_2
AUDIO ambience key=amb_town zone=zone_7
AUDIO ambience key=none zone=basement_2
AUDIO ambience key=amb_town zone=zone_7
AUDIO ambience key=none zone=basement_2
AUDIO ambience key=amb_town zone=zone_7
AUDIO ambience key=none zone=basement_2
AUDIO ambience key=amb_town zone=zone_7
AUDIO ambience key=none zone=basement_2
AUDIO ambience key=amb_town zone=zone_7
AUDIO ambience key=none zone=basement_2
AUDIO ambience key=amb_town zone=zone_7
AUDIO ambience key=none zone=basement_2
AUDIO ambience key=amb_town zone=zone_7
AUDIO ambience key=none zone=basement_2
AUDIO ambience key=amb_town zone=zone_7
AUDIO ambience key=none zone=basement_2
AUDIO ambience key=amb_town zone=zone_7
AUDIO ambience key=none zone=basement_2
AUDIO ambience key=amb_town zone=zone_7
AUDIO ambience key=none zone=basement_2
AUDIO ambience key=amb_town zone=zone_7
AUDIO ambience key=none zone=basement_2
AUDIO ambience key=amb_town zone=zone_7
AUDIO ambience key=none zone=basement_2
AUDIO ambience key=amb_town zone=zone_7
AUDIO ambience key=none zone=basement_2
AUDIO ambience key=amb_town zone=zone_7
AUDIO ambience key=none zone=basement_2
AUDIO ambience key=amb_town zone=zone_7
AUDIO ambience key=none zone=basement_2
AUDIO ambience key=amb_town zone=zone_7
AUDIO ambience key=none zone=basement_2
AUDIO ambience key=amb_town zone=zone_7
AUDIO ambience key=none zone=basement_2
AUDIO ambience key=amb_town zone=zone_7
AUDIO ambience key=none zone=basement_2
AUDIO ambience key=amb_town zone=zone_7
AUDIO ambience key=none zone=basement_2
AUDIO ambience key=amb_town zone=zone_7
AUDIO ambience key=none zone=basement_2
AUDIO ambience key=amb_town zone=zone_7
AUDIO ambience key=none zone=basement_2
AUDIO ambience key=amb_town zone=zone_7
AUDIO ambience key=none zone=basement_2
AUDIO ambience key=amb_town zone=zone_7
AUDIO ambience key=none zone=basement_2
AUDIO ambience key=amb_town zone=zone_7
AUDIO ambience key=none zone=basement_2
AUDIO ambience key=amb_town zone=zone_7
AUDIO ambience key=none zone=basement_2
AUDIO ambience key=amb_town zone=zone_7
AUDIO ambience key=none zone=basement_2
AUDIO ambience key=amb_town zone=zone_7
AUDIO ambience key=none zone=basement_2
AUDIO ambience key=amb_town zone=zone_7
AUDIO ambience key=none zone=basement_2
AUDIO ambience key=amb_town zone=zone_7
AUDIO ambience key=none zone=basement_2
AUDIO ambience key=amb_town zone=zone_7
AUDIO ambience key=none zone=basement_2
AUDIO ambience key=amb_town zone=zone_7
AUDIO ambience key=none zone=basement_2
AUDIO ambience key=amb_town zone=zone_7
AUDIO ambience key=none zone=basement_2
AUDIO ambience key=amb_town zone=zone_7
AUDIO ambience key=none zone=basement_2
AUDIO ambience key=amb_town zone=zone_7
AUDIO ambience key=none zone=basement_2
AUDIO ambience key=amb_town zone=zone_7
AUDIO ambience key=none zone=basement_2
AUDIO ambience key=amb_town zone=zone_7
AUDIO ambience key=none zone=basement_2
AUDIO ambience key=amb_town zone=zone_7
AUDIO ambience key=none zone=basement_2
AUDIO ambience key=amb_town zone=zone_7
AUDIO ambience key=none zone=basement_2
AUDIO ambience key=amb_town zone=zone_7
AUDIO ambience key=none zone=basement_2
AUDIO ambience key=amb_town zone=zone_7
AUDIO ambience key=none zone=basement_2
AUDIO ambience key=amb_town zone=zone_7
AUDIO ambience key=none zone=basement_2
AUDIO ambience key=amb_town zone=zone_7
AUDIO ambience key=none zone=basement_2
AUDIO ambience key=amb_town zone=zone_7
AUDIO ambience key=none zone=basement_2
AUDIO ambience key=amb_town zone=zone_7
AUDIO ambience key=none zone=basement_2
AUDIO ambience key=amb_town zone=zone_7
AUDIO ambience key=none zone=basement_2
AUDIO ambience key=amb_town zone=zone_7
AUDIO ambience key=none zone=basement_2
AUDIO ambience key=amb_town zone=zone_7
AUDIO ambience key=none zone=basement_2
AUDIO ambience key=amb_town zone=zone_7
AUDIO ambience key=none zone=basement_2
AUDIO ambience key=amb_town zone=zone_7
AUDIO ambience key=none zone=basement_2
AUDIO ambience key=amb_town zone=zone_7
AUDIO ambience key=none zone=basement_2
AUDIO ambience key=amb_town zone=zone_7
AUDIO ambience key=none zone=basement_2
AUDIO ambience key=amb_town zone=zone_7
AUDIO ambience key=none zone=basement_2
AUDIO ambience key=amb_town zone=zone_7
AUDIO ambience key=none zone=basement_2
AUDIO ambience key=amb_town zone=zone_7
AUDIO ambience key=none zone=basement_2
AUDIO ambience key=amb_town zone=zone_7
AUDIO ambience key=none zone=basement_2
AUDIO ambience key=amb_town zone=zone_7
AUDIO ambience key=none zone=basement_2
AUDIO ambience key=amb_town zone=zone_7
AUDIO ambience key=none zone=basement_2
AUDIO ambience key=amb_town zone=zone_7
AUDIO ambience key=none zone=basement_2
AUDIO ambience key=amb_town zone=zone_7
AUDIO ambience key=none zone=basement_2
AUDIO ambience key=amb_town zone=zone_7
AUDIO ambience key=none zone=basement_2
AUDIO ambience key=amb_town zone=zone_7
AUDIO ambience key=none zone=basement_2
AUDIO ambience key=amb_town zone=zone_7
AUDIO ambience key=none zone=basement_2
AUDIO ambience key=amb_town zone=zone_7
AUDIO ambience key=none zone=basement_2
AUDIO ambience key=amb_town zone=zone_7
AUDIO ambience key=none zone=basement_2
AUDIO ambience key=amb_town zone=zone_7
AUDIO ambience key=none zone=basement_2
AUDIO ambience key=amb_town zone=zone_7
AUDIO ambience key=none zone=basement_2
AUDIO ambience key=amb_town zone=zone_7
AUDIO ambience key=none zone=basement_2
AUDIO ambience key=amb_town zone=zone_7
AUDIO ambience key=none zone=basement_2
AUDIO ambience key=amb_town zone=zone_7
AUDIO ambience key=none zone=basement_2
AUDIO ambience key=amb_town zone=zone_7
AUDIO ambience key=none zone=basement_2
AUDIO ambience key=amb_town zone=zone_7
AUDIO ambience key=none zone=basement_2
AUDIO ambience key=amb_town zone=zone_7
AUDIO ambience key=none zone=basement_2
AUDIO ambience key=amb_town zone=zone_7
AUDIO ambience key=none zone=basement_2
AUDIO ambience key=amb_town zone=zone_7
AUDIO ambience key=none zone=basement_2
AUDIO ambience key=amb_town zone=zone_7
AUDIO ambience key=none zone=basement_2
AUDIO ambience key=amb_town zone=zone_7
AUDIO ambience key=none zone=basement_2
AUDIO ambience key=amb_town zone=zone_7
AUDIO ambience key=none zone=basement_2
AUDIO ambience key=amb_town zone=zone_7
AUDIO ambience key=none zone=basement_2
AUDIO ambience key=amb_town zone=zone_7
AUDIO ambience key=none zone=basement_2
AUDIO ambience key=amb_town zone=zone_7
AUDIO ambience key=none zone=basement_2
AUDIO ambience key=amb_town zone=zone_7
AUDIO ambience key=none zone=basement_2
AUDIO ambience key=amb_town zone=zone_7
AUDIO ambience key=none zone=basement_2
AUDIO ambience key=amb_town zone=zone_7
AUDIO ambience key=none zone=basement_2
AUDIO ambience key=amb_town zone=zone_7
AUDIO ambience key=none zone=basement_2
AUDIO ambience key=amb_town zone=zone_7
AUDIO ambience key=none zone=basement_2
AUDIO ambience key=amb_town zone=zone_7
AUDIO ambience key=none zone=basement_2
AUDIO ambience key=amb_town zone=zone_7
AUDIO ambience key=none zone=basement_2
AUDIO ambience key=amb_town zone=zone_7
AUDIO ambience key=none zone=basement_2
AUDIO ambience key=amb_town zone=zone_7
AUDIO ambience key=none zone=basement_2
AUDIO ambience key=amb_town zone=zone_7
AUDIO ambience key=none zone=basement_2
AUDIO ambience key=amb_town zone=zone_7
AUDIO ambience key=none zone=basement_2
AUDIO ambience key=amb_town zone=zone_7
AUDIO ambience key=none zone=basement_2
AUDIO ambience key=amb_town zone=zone_7
AUDIO ambience key=none zone=basement_2
AUDIO ambience key=amb_town zone=zone_7
AUDIO ambience key=none zone=basement_2
AUDIO ambience key=amb_town zone=zone_7
AUDIO ambience key=none zone=basement_2
AUDIO ambience key=amb_town zone=zone_7
AUDIO ambience key=none zone=basement_2
AUDIO ambience key=amb_town zone=zone_7
AUDIO ambience key=none zone=basement_2
AUDIO ambience key=amb_town zone=zone_7
AUDIO ambience key=none zone=basement_2
AUDIO ambience key=amb_town zone=zone_7
AUDIO ambience key=none zone=basement_2
AUDIO ambience key=amb_town zone=zone_7
AUDIO ambience key=none zone=basement_2
AUDIO ambience key=amb_town zone=zone_7
AUDIO ambience key=none zone=basement_2
AUDIO ambience key=amb_town zone=zone_7
AUDIO ambience key=none zone=basement_2
AUDIO ambience key=amb_town zone=zone_7
AUDIO ambience key=none zone=basement_2
AUDIO ambience key=amb_town zone=zone_7
AUDIO ambience key=none zone=basement_2
AUDIO ambience key=amb_town zone=zone_7
AUDIO ambience key=none zone=basement_2
AUDIO ambience key=amb_town zone=zone_7
AUDIO ambience key=none zone=basement_2
AUDIO ambience key=amb_town zone=zone_7
AUDIO ambience key=none zone=basement_2
AUDIO ambience key=amb_town zone=zone_7
AUDIO ambience key=none zone=basement_2
AUDIO ambience key=amb_town zone=zone_7
AUDIO ambience key=none zone=basement_2
AUDIO ambience key=amb_town zone=zone_7
AUDIO ambience key=none zone=basement_2
AUDIO ambience key=amb_town zone=zone_7
AUDIO ambience key=none zone=basement_2
AUDIO ambience key=amb_town zone=zone_7
AUDIO ambience key=none zone=basement_2
AUDIO ambience key=amb_town zone=zone_7
AUDIO ambience key=none zone=basement_2
AUDIO ambience key=amb_town zone=zone_7
AUDIO ambience key=none zone=basement_2
AUDIO ambience key=amb_town zone=zone_7
AUDIO ambience key=none zone=basement_2
AUDIO ambience key=amb_town zone=zone_7
AUDIO ambience key=none zone=basement_2
AUDIO ambience key=amb_town zone=zone_7
AUDIO ambience key=none zone=basement_2
AUDIO ambience key=amb_town zone=zone_7
AUDIO ambience key=none zone=basement_2
AUDIO ambience key=amb_town zone=zone_7
AUDIO ambience key=none zone=basement_2
AUDIO ambience key=amb_town zone=zone_7
AUDIO ambience key=none zone=basement_2
AUDIO ambience key=amb_town zone=zone_7
AUDIO ambience key=none zone=basement_2
AUDIO ambience key=amb_town zone=zone_7
AUDIO ambience key=none zone=basement_2
AUDIO ambience key=amb_town zone=zone_7
AUDIO ambience key=none zone=basement_2
AUDIO ambience key=amb_town zone=zone_7
AUDIO ambience key=none zone=basement_2
AUDIO ambience key=amb_town zone=zone_7
AUDIO ambience key=none zone=basement_2
AUDIO ambience key=amb_town zone=zone_7
AUDIO ambience key=none zone=basement_2
AUDIO ambience key=amb_town zone=zone_7
AUDIO ambience key=none zone=basement_2
AUDIO ambience key=amb_town zone=zone_7
AUDIO ambience key=none zone=basement_2
AUDIO ambience key=amb_town zone=zone_7
AUDIO ambience key=none zone=basement_2
AUDIO ambience key=amb_town zone=zone_7
AUDIO ambience key=none zone=basement_2
AUDIO ambience key=amb_town zone=zone_7
AUDIO ambience key=none zone=basement_2
AUDIO ambience key=amb_town zone=zone_7
AUDIO ambience key=none zone=basement_2
AUDIO ambience key=amb_town zone=zone_7
AUDIO ambience key=none zone=basement_2
AUDIO ambience key=amb_town zone=zone_7
AUDIO ambience key=none zone=basement_2
AUDIO ambience key=amb_town zone=zone_7
AUDIO ambience key=none zone=basement_2
AUDIO ambience key=amb_town zone=zone_7
AUDIO ambience key=none zone=basement_2
AUDIO ambience key=amb_town zone=zone_7
AUDIO ambience key=none zone=basement_2
AUDIO ambience key=amb_town zone=zone_7
AUDIO ambience key=none zone=basement_2
AUDIO ambience key=amb_town zone=zone_7
AUDIO ambience key=none zone=basement_2
AUDIO ambience key=amb_town zone=zone_7
AUDIO ambience key=none zone=basement_2
AUDIO ambience key=amb_town zone=zone_7
AUDIO ambience key=none zone=basement_2
AUDIO ambience key=amb_town zone=zone_7
AUDIO ambience key=none zone=basement_2
AUDIO ambience key=amb_town zone=zone_7
AUDIO ambience key=none zone=basement_2
AUDIO ambience key=amb_town zone=zone_7
AUDIO ambience key=none zone=basement_2
AUDIO ambience key=amb_town zone=zone_7
AUDIO ambience key=none zone=basement_2
AUDIO ambience key=amb_town zone=zone_7
AUDIO ambience key=none zone=basement_2
AUDIO ambience key=amb_town zone=zone_7
AUDIO ambience key=none zone=basement_2
AUDIO ambience key=amb_town zone=zone_7
AUDIO ambience key=none zone=basement_2
AUDIO ambience key=amb_town zone=zone_7
AUDIO ambience key=none zone=basement_2
AUDIO ambience key=amb_town zone=zone_7
AUDIO ambience key=none zone=basement_2
AUDIO ambience key=amb_town zone=zone_7
AUDIO ambience key=none zone=basement_2
AUDIO ambience key=amb_town zone=zone_7
AUDIO ambience key=none zone=basement_2
AUDIO ambience key=amb_town zone=zone_7
AUDIO ambience key=none zone=basement_2
AUDIO ambience key=amb_town zone=zone_7
AUDIO ambience key=none zone=basement_2
AUDIO ambience key=amb_town zone=zone_7
AUDIO ambience key=none zone=basement_2
AUDIO ambience key=amb_town zone=zone_7
AUDIO ambience key=none zone=basement_2
AUDIO ambience key=amb_town zone=zone_7
AUDIO ambience key=none zone=basement_2
AUDIO ambience key=amb_town zone=zone_7
AUDIO ambience key=none zone=basement_2
AUDIO ambience key=amb_town zone=zone_7
AUDIO ambience key=none zone=basement_2
AUDIO ambience key=amb_town zone=zone_7
AUDIO ambience key=none zone=basement_2
AUDIO ambience key=amb_town zone=zone_7
AUDIO ambience key=none zone=basement_2
AUDIO ambience key=amb_town zone=zone_7
AUDIO ambience key=none zone=basement_2
AUDIO ambience key=amb_town zone=zone_7
AUDIO ambience key=none zone=basement_2
AUDIO ambience key=amb_town zone=zone_7
AUDIO ambience key=none zone=basement_2
AUDIO ambience key=amb_town zone=zone_7
AUDIO ambience key=none zone=basement_2
AUDIO ambience key=amb_town zone=zone_7
AUDIO ambience key=none zone=basement_2
AUDIO ambience key=amb_town zone=zone_7
AUDIO ambience key=none zone=basement_2
AUDIO ambience key=amb_town zone=zone_7
AUDIO ambience key=none zone=basement_2
AUDIO ambience key=amb_town zone=zone_7
AUDIO ambience key=none zone=basement_2
AUDIO ambience key=amb_town zone=zone_7
AUDIO ambience key=none zone=basement_2
AUDIO ambience key=amb_town zone=zone_7
AUDIO ambience key=none zone=basement_2
AUDIO ambience key=amb_town zone=zone_7
AUDIO footstep material=stone zone=zone_7
AUDIO footstep material=water zone=zone_7
AUDIO footstep material=stone zone=zone_7
AUDIO ambience key=amb_dungeon zone=dungeon_1
AUDIO ambience key=none zone=zone_8
AUDIO footstep material=dirt zone=zone_8
AUDIO footstep material=grass zone=zone_8
AUDIO footstep material=dirt zone=zone_8
AUDIO footstep material=grass zone=zone_8
AUDIO footstep material=dirt zone=zone_8
AUDIO footstep material=grass zone=zone_8
AUDIO footstep material=dirt zone=zone_8
AUDIO footstep material=water zone=zone_8
AUDIO footstep material=dirt zone=zone_8
AUDIO footstep material=grass zone=zone_8
AUDIO footstep material=wood zone=zone_8
AUDIO footstep material=grass zone=zone_8
AUDIO footstep material=dirt zone=zone_8
AUDIO footstep material=water zone=zone_8
AUDIO footstep material=grass zone=zone_8
AUDIO footstep material=dirt zone=zone_8
AUDIO footstep material=grass zone=zone_8
AUDIO footstep material=dirt zone=zone_8
AUDIO footstep material=grass zone=zone_8
AUDIO footstep material=dirt zone=zone_8
AUDIO footstep material=grass zone=zone_8
AUDIO footstep material=dirt zone=zone_8
AUDIO footstep material=water zone=zone_8
AUDIO footstep material=grass zone=zone_8
AUDIO footstep material=water zone=zone_8
AUDIO footstep material=dirt zone=zone_8
AUDIO footstep material=water zone=zone_8
AUDIO footstep material=grass zone=zone_8
AUDIO footstep material=dirt zone=zone_8
AUDIO footstep material=grass zone=zone_8
AUDIO footstep material=dirt zone=zone_8
AUDIO footstep material=water zone=zone_8
AUDIO footstep material=grass zone=zone_8
AUDIO footstep material=dirt zone=zone_8
AUDIO footstep material=water zone=zone_8
AUDIO footstep material=dirt zone=zone_8
AUDIO ambience key=amb_dungeon zone=dungeon_1
AUDIO footstep material=stone zone=dungeon_1
AUDIO ambience key=amb_meadow zone=zone_7
TELEMETRY d1_fired carrying_deaths=27 wipes=9 corpse_looted=8 carried_lost=17 banked_events=10 fights=64 recovery_fights=4 negative_fights=14
TELEMETRY a2_fired wipes=9 body_deaths=46 retargets{hate=45 lowhp=193 proximity=41 acquired=639 challenged=159} leashes=262 deepest_band=2 banked=10
TELEMETRY d1b_fired inscriptions=17 marks_consumed=20 dissolved=5 regrown=24 tributes=18 floor_fired=2 banked_spent{inscribe=136 tribute=334} banked_end=208
TELEMETRY q6_cadence banks{n=10 mean=36 max=110} kills_by_band{b0=28 b1=76 b2=116}
TELEMETRY density pockets{mean=3.9 max=31} arrivals{pocket=172 seed=81 home=0} singles_pct=25
TELEMETRY arc breach{fired=0 first_frame=0 banked_after=0} rehomed=3 camp_visits=2 d2{entered=1 kills=107} seal2_breached=0
TELEMETRY q6_margins banks{n=10 pure=3} amount{mean=36 max=110} hp{mean=0.51} dead{mean=0.6} wounded{mean=1.5} gap{mean_s=239}
TELEMETRY v13 whirl{casts=16 hits{1=2 2=0 3=0 4=0 5plus=0} kills=1} challenge{casts=52 retargets=159}
TELEMETRY drift thirds{k1=69 k2=113 k3=120} pockets{p1=4.3 p2=6.1 p3=15.6} span_thirds{k1=69 k2=113 k3=120 span=139902}
TELEMETRY v14 telegraphs_shown=92 first_special{striker=7687 blocker=1098 lobber=4374}
TELEMETRY quay entries=13 frames=25427 kills=67 deaths=11 banked_after{events=5 amount=285}
TELEMETRY varekka engaged=1 chants=1 interrupted=1 seized=0 swap_escapes=0 slain=1 deaths_while_seized=0 burns=0 ends{expired=0 slain=0 died=0 zone_left=0 wiped=0}
TELEMETRY sustain bought=21 used=21 refused=147 reasons{at_cap=15 broke=0 none=131 no_effect=1 seat_race=0}
TELEMETRY totem heals=8 pulses=19
TELEMETRY progression level=13 xp=1740 kills_xp=11581
TELEMETRY netplay seat=2 ticks=141588 desyncs=0 stalls=303 stall_ms_max=1466 reason=quit d=9 link_slow=false run_ms=2364290 stall_run_max=89 stall_worst_run=89
relaunch: bin/play --join 100.127.52.49:43117
AUDIO drift anchor tick=0 engine_pcm=142560 tick_frames=800
AUDIO drift tick=0 engine_pcm=142560 expected=142560 drift_frames=0
AUDIO drift tick=1800 engine_pcm=1590240 expected=1582560 drift_frames=7680
AUDIO drift tick=3600 engine_pcm=3030240 expected=3022560 drift_frames=7680
AUDIO drift tick=5400 engine_pcm=4470240 expected=4462560 drift_frames=7680
AUDIO drift tick=7200 engine_pcm=5995680 expected=5902560 drift_frames=93120
AUDIO drift tick=9000 engine_pcm=7435680 expected=7342560 drift_frames=93120
AUDIO drift tick=10800 engine_pcm=8875680 expected=8782560 drift_frames=93120
AUDIO drift tick=12600 engine_pcm=10315680 expected=10222560 drift_frames=93120
AUDIO drift tick=14400 engine_pcm=11755680 expected=11662560 drift_frames=93120
AUDIO drift tick=16200 engine_pcm=13200480 expected=13102560 drift_frames=97920
AUDIO drift tick=18000 engine_pcm=14639520 expected=14542560 drift_frames=96960
AUDIO drift tick=19800 engine_pcm=16080000 expected=15982560 drift_frames=97440
AUDIO drift tick=21600 engine_pcm=17580000 expected=17422560 drift_frames=157440
AUDIO drift tick=23400 engine_pcm=19091520 expected=18862560 drift_frames=228960
AUDIO drift tick=25200 engine_pcm=20531520 expected=20302560 drift_frames=228960
AUDIO drift tick=27000 engine_pcm=21971520 expected=21742560 drift_frames=228960
AUDIO drift tick=28800 engine_pcm=23411520 expected=23182560 drift_frames=228960
AUDIO drift tick=30600 engine_pcm=24851040 expected=24622560 drift_frames=228480
AUDIO drift tick=32400 engine_pcm=26291040 expected=26062560 drift_frames=228480
AUDIO drift tick=34200 engine_pcm=27731040 expected=27502560 drift_frames=228480
AUDIO drift tick=36000 engine_pcm=29171040 expected=28942560 drift_frames=228480
AUDIO drift tick=37800 engine_pcm=30611040 expected=30382560 drift_frames=228480
AUDIO drift tick=39600 engine_pcm=32051040 expected=31822560 drift_frames=228480
AUDIO drift tick=41400 engine_pcm=33489120 expected=33262560 drift_frames=226560
AUDIO drift tick=43200 engine_pcm=34927680 expected=34702560 drift_frames=225120
AUDIO drift tick=45000 engine_pcm=36367680 expected=36142560 drift_frames=225120
AUDIO drift tick=46800 engine_pcm=37806720 expected=37582560 drift_frames=224160
AUDIO drift tick=48600 engine_pcm=39246720 expected=39022560 drift_frames=224160
AUDIO drift tick=50400 engine_pcm=40687680 expected=40462560 drift_frames=225120
AUDIO drift tick=52200 engine_pcm=42127680 expected=41902560 drift_frames=225120
AUDIO drift tick=54000 engine_pcm=43567680 expected=43342560 drift_frames=225120
AUDIO drift tick=55800 engine_pcm=45007680 expected=44782560 drift_frames=225120
AUDIO drift tick=57600 engine_pcm=46447200 expected=46222560 drift_frames=224640
AUDIO drift tick=59400 engine_pcm=47885760 expected=47662560 drift_frames=223200
AUDIO drift tick=61200 engine_pcm=49325760 expected=49102560 drift_frames=223200
AUDIO drift tick=63000 engine_pcm=50765760 expected=50542560 drift_frames=223200
AUDIO drift tick=64800 engine_pcm=52204800 expected=51982560 drift_frames=222240
AUDIO drift tick=66600 engine_pcm=53644800 expected=53422560 drift_frames=222240
AUDIO drift tick=68400 engine_pcm=55085280 expected=54862560 drift_frames=222720
AUDIO drift tick=70200 engine_pcm=56523840 expected=56302560 drift_frames=221280
AUDIO drift tick=72000 engine_pcm=57963840 expected=57742560 drift_frames=221280
AUDIO drift tick=73800 engine_pcm=59402400 expected=59182560 drift_frames=219840
AUDIO drift tick=75600 engine_pcm=60842400 expected=60622560 drift_frames=219840
AUDIO drift tick=77400 engine_pcm=62281920 expected=62062560 drift_frames=219360
AUDIO drift tick=79200 engine_pcm=63722400 expected=63502560 drift_frames=219840
AUDIO drift tick=81000 engine_pcm=65162400 expected=64942560 drift_frames=219840
AUDIO drift tick=82800 engine_pcm=66601920 expected=66382560 drift_frames=219360
AUDIO drift tick=84600 engine_pcm=68040480 expected=67822560 drift_frames=217920
AUDIO drift tick=86400 engine_pcm=69479520 expected=69262560 drift_frames=216960
AUDIO drift tick=88200 engine_pcm=70919520 expected=70702560 drift_frames=216960
AUDIO drift tick=90000 engine_pcm=72358560 expected=72142560 drift_frames=216000
AUDIO drift tick=91800 engine_pcm=73798080 expected=73582560 drift_frames=215520
AUDIO drift tick=93600 engine_pcm=75236160 expected=75022560 drift_frames=213600
AUDIO drift tick=95400 engine_pcm=76676160 expected=76462560 drift_frames=213600
AUDIO drift tick=97200 engine_pcm=78115200 expected=77902560 drift_frames=212640
AUDIO drift tick=99000 engine_pcm=79555200 expected=79342560 drift_frames=212640
AUDIO drift tick=100800 engine_pcm=80994240 expected=80782560 drift_frames=211680
AUDIO drift tick=102600 engine_pcm=82434240 expected=82222560 drift_frames=211680
AUDIO drift tick=104400 engine_pcm=83874240 expected=83662560 drift_frames=211680
AUDIO drift tick=106200 engine_pcm=85313280 expected=85102560 drift_frames=210720
AUDIO drift tick=108000 engine_pcm=86753280 expected=86542560 drift_frames=210720
AUDIO drift tick=109800 engine_pcm=88193280 expected=87982560 drift_frames=210720
AUDIO drift tick=111600 engine_pcm=89638560 expected=89422560 drift_frames=216000
AUDIO drift tick=113400 engine_pcm=91078080 expected=90862560 drift_frames=215520
AUDIO drift tick=115200 engine_pcm=92518080 expected=92302560 drift_frames=215520
AUDIO drift tick=117000 engine_pcm=93971040 expected=93742560 drift_frames=228480
AUDIO drift tick=118800 engine_pcm=95411040 expected=95182560 drift_frames=228480
AUDIO drift tick=120600 engine_pcm=96850560 expected=96622560 drift_frames=228000
AUDIO drift tick=122400 engine_pcm=98290080 expected=98062560 drift_frames=227520
AUDIO drift tick=124200 engine_pcm=99730560 expected=99502560 drift_frames=228000
AUDIO drift tick=126000 engine_pcm=101170080 expected=100942560 drift_frames=227520
AUDIO drift tick=127800 engine_pcm=102609600 expected=102382560 drift_frames=227040
AUDIO drift tick=129600 engine_pcm=104049600 expected=103822560 drift_frames=227040
AUDIO drift tick=131400 engine_pcm=105489120 expected=105262560 drift_frames=226560
AUDIO drift tick=133200 engine_pcm=106929120 expected=106702560 drift_frames=226560
AUDIO drift tick=135000 engine_pcm=108367200 expected=108142560 drift_frames=224640
AUDIO drift tick=136800 engine_pcm=109807200 expected=109582560 drift_frames=224640
AUDIO drift tick=138600 engine_pcm=111247200 expected=111022560 drift_frames=224640
AUDIO drift tick=140400 engine_pcm=112686240 expected=112462560 drift_frames=223680
AUDIO teardown clean (dropped_cues=0)
