AUDIO on: device=1 sha=15f03e0219d6 lib=C:/Users/gabri/workspace/game-two-audio
TELEMETRY persist loaded digest=1c2c35ed0fd6730583ca969e13102a27 schema=2 banked=422 provisions=0 seals=5 marks=3 sessions=18 source=file
hosting on port 43117 (Esc cancels)
NETPLAY handshake seat=1 d=9 link_slow=false rtt_ms=180,180,182,181,179
AUDIO ambience key=amb_meadow zone=zone_7
AUDIO footstep material=dirt zone=zone_7
AUDIO ambience key=none zone=low_quay
AUDIO footstep material=stone zone=low_quay
AUDIO footstep material=dirt zone=low_quay
AUDIO footstep material=stone zone=low_quay
AUDIO footstep material=dirt zone=low_quay
AUDIO footstep material=stone zone=low_quay
AUDIO footstep material=grass zone=low_quay
AUDIO footstep material=dirt zone=low_quay
AUDIO footstep material=stone zone=low_quay
AUDIO footstep material=dirt zone=low_quay
AUDIO footstep material=stone zone=low_quay
AUDIO footstep material=dirt zone=low_quay
AUDIO footstep material=stone zone=low_quay
AUDIO footstep material=dirt zone=low_quay
AUDIO footstep material=grass zone=low_quay
AUDIO footstep material=stone zone=low_quay
AUDIO footstep material=grass zone=low_quay
AUDIO footstep material=stone zone=low_quay
AUDIO footstep material=grass zone=low_quay
AUDIO footstep material=stone zone=low_quay
AUDIO footstep material=grass zone=low_quay
AUDIO footstep material=dirt zone=low_quay
AUDIO footstep material=stone zone=low_quay
AUDIO footstep material=dirt zone=low_quay
AUDIO footstep material=stone zone=low_quay
AUDIO footstep material=wood zone=zone_8
AUDIO footstep material=grass zone=zone_8
AUDIO footstep material=water zone=zone_8
AUDIO footstep material=grass zone=zone_8
AUDIO footstep material=dirt zone=zone_8
AUDIO footstep material=grass zone=zone_8
AUDIO footstep material=dirt zone=zone_8
AUDIO footstep material=grass zone=zone_8
AUDIO footstep material=dirt zone=zone_8
AUDIO footstep material=grass zone=zone_8
AUDIO footstep material=dirt zone=zone_8
AUDIO footstep material=grass zone=zone_8
AUDIO footstep material=dirt zone=zone_8
AUDIO ambience key=amb_dungeon zone=dungeon_1
AUDIO footstep material=stone zone=dungeon_1
AUDIO ambience key=amb_meadow zone=zone_7
AUDIO footstep material=dirt zone=zone_7
AUDIO footstep material=stone zone=zone_7
AUDIO ambience key=amb_town zone=zone_7
AUDIO ambience key=amb_meadow zone=zone_7
AUDIO footstep material=grass zone=zone_7
AUDIO footstep material=dirt zone=zone_7
AUDIO footstep material=stone zone=zone_7
AUDIO ambience key=amb_town zone=zone_7
AUDIO footstep material=water zone=zone_7
AUDIO ambience key=amb_dungeon zone=dungeon_1
AUDIO footstep material=stone zone=dungeon_1
AUDIO ambience key=none zone=zone_8
AUDIO footstep material=dirt zone=zone_8
AUDIO footstep material=grass zone=zone_8
AUDIO footstep material=dirt zone=zone_8
AUDIO footstep material=grass zone=zone_8
AUDIO footstep material=dirt zone=zone_8
AUDIO footstep material=water zone=zone_8
AUDIO footstep material=dirt zone=zone_8
AUDIO footstep material=grass zone=zone_8
AUDIO footstep material=wood zone=zone_8
AUDIO footstep material=grass zone=zone_8
AUDIO footstep material=wood zone=zone_8
AUDIO footstep material=grass zone=zone_8
AUDIO footstep material=dirt zone=zone_8
AUDIO footstep material=water zone=zone_8
AUDIO footstep material=dirt zone=zone_8
AUDIO footstep material=water zone=zone_8
AUDIO footstep material=dirt zone=zone_8
AUDIO footstep material=water zone=zone_8
AUDIO footstep material=dirt zone=zone_8
AUDIO ambience key=amb_dungeon zone=dungeon_1
AUDIO footstep material=stone zone=dungeon_1
AUDIO ambience key=none zone=zone_8
AUDIO footstep material=wood zone=zone_8
AUDIO footstep material=grass zone=zone_8
AUDIO footstep material=dirt zone=zone_8
AUDIO footstep material=water zone=zone_8
AUDIO footstep material=wood zone=zone_8
AUDIO footstep material=water zone=zone_8
AUDIO footstep material=grass zone=zone_8
AUDIO footstep material=water zone=zone_8
AUDIO footstep material=dirt zone=zone_8
AUDIO footstep material=grass zone=zone_8
AUDIO footstep material=dirt zone=zone_8
AUDIO footstep material=grass zone=zone_8
AUDIO footstep material=water zone=zone_8
AUDIO footstep material=dirt zone=zone_8
AUDIO footstep material=grass zone=zone_8
AUDIO footstep material=dirt zone=zone_8
AUDIO footstep material=grass zone=zone_8
AUDIO footstep material=water zone=zone_8
AUDIO footstep material=dirt zone=zone_8
AUDIO footstep material=grass zone=zone_8
AUDIO footstep material=water zone=zone_8
AUDIO footstep material=dirt zone=zone_8
AUDIO footstep material=grass zone=zone_8
AUDIO footstep material=dirt zone=zone_8
AUDIO footstep material=water zone=zone_8
AUDIO footstep material=dirt zone=zone_8
AUDIO footstep material=grass zone=zone_8
AUDIO footstep material=dirt zone=zone_8
AUDIO footstep material=water zone=zone_8
AUDIO footstep material=grass zone=zone_8
AUDIO footstep material=dirt zone=zone_8
AUDIO footstep material=grass zone=zone_8
AUDIO footstep material=dirt zone=zone_8
TELEMETRY catchup zone=dungeon_1 elapsed=6063 advanced=11
AUDIO ambience key=amb_dungeon zone=dungeon_1
AUDIO footstep material=stone zone=dungeon_1
AUDIO ambience key=amb_meadow zone=zone_7
AUDIO footstep material=dirt zone=zone_7
TELEMETRY catchup zone=low_quay elapsed=20659 advanced=4
AUDIO ambience key=none zone=low_quay
AUDIO ambience key=amb_meadow zone=zone_7
AUDIO ambience key=none zone=low_quay
AUDIO footstep material=stone zone=low_quay
AUDIO footstep material=dirt zone=low_quay
AUDIO footstep material=grass zone=low_quay
AUDIO footstep material=stone zone=low_quay
AUDIO footstep material=dirt zone=low_quay
AUDIO footstep material=stone zone=low_quay
AUDIO footstep material=dirt zone=low_quay
AUDIO footstep material=stone zone=low_quay
AUDIO footstep material=grass zone=low_quay
AUDIO footstep material=stone zone=low_quay
AUDIO footstep material=dirt zone=low_quay
AUDIO footstep material=stone zone=low_quay
AUDIO footstep material=dirt zone=low_quay
AUDIO footstep material=wood zone=low_quay
AUDIO footstep material=dirt zone=low_quay
AUDIO footstep material=wood zone=low_quay
AUDIO footstep material=dirt zone=low_quay
AUDIO footstep material=wood zone=low_quay
AUDIO footstep material=dirt zone=low_quay
AUDIO footstep material=wood zone=low_quay
AUDIO footstep material=dirt zone=low_quay
AUDIO footstep material=wood zone=low_quay
AUDIO footstep material=dirt zone=low_quay
AUDIO footstep material=wood zone=low_quay
AUDIO footstep material=dirt zone=low_quay
AUDIO footstep material=wood zone=low_quay
AUDIO footstep material=dirt zone=low_quay
AUDIO footstep material=wood zone=low_quay
AUDIO footstep material=dirt zone=low_quay
AUDIO footstep material=stone zone=low_quay
AUDIO footstep material=grass zone=low_quay
AUDIO footstep material=stone zone=low_quay
AUDIO footstep material=grass zone=low_quay
AUDIO footstep material=stone zone=low_quay
AUDIO footstep material=dirt zone=low_quay
AUDIO footstep material=stone zone=low_quay
AUDIO footstep material=grass zone=low_quay
AUDIO footstep material=stone zone=low_quay
AUDIO footstep material=dirt zone=low_quay
AUDIO footstep material=stone zone=low_quay
AUDIO footstep material=dirt zone=low_quay
AUDIO footstep material=stone zone=low_quay
AUDIO footstep material=grass zone=low_quay
AUDIO footstep material=stone zone=low_quay
AUDIO footstep material=dirt zone=low_quay
AUDIO footstep material=stone zone=low_quay
AUDIO footstep material=wood zone=zone_8
AUDIO footstep material=grass zone=zone_8
AUDIO footstep material=dirt zone=zone_8
AUDIO footstep material=water zone=zone_8
AUDIO footstep material=dirt zone=zone_8
AUDIO footstep material=grass zone=zone_8
AUDIO footstep material=dirt zone=zone_8
AUDIO footstep material=grass zone=zone_8
AUDIO footstep material=dirt zone=zone_8
AUDIO ambience key=amb_dungeon zone=dungeon_1
AUDIO footstep material=stone zone=dungeon_1
AUDIO ambience key=amb_meadow zone=zone_7
AUDIO footstep material=dirt zone=zone_7
AUDIO footstep material=stone zone=zone_7
AUDIO ambience key=amb_town zone=zone_7
AUDIO footstep material=water zone=zone_7
AUDIO ambience key=amb_dungeon zone=dungeon_1
AUDIO footstep material=stone zone=dungeon_1
AUDIO ambience key=none zone=zone_8
AUDIO footstep material=dirt zone=zone_8
AUDIO footstep material=grass zone=zone_8
AUDIO footstep material=dirt zone=zone_8
AUDIO footstep material=grass zone=zone_8
AUDIO footstep material=dirt zone=zone_8
AUDIO footstep material=water zone=zone_8
AUDIO footstep material=dirt zone=zone_8
AUDIO footstep material=grass zone=zone_8
AUDIO footstep material=wood zone=zone_8
AUDIO footstep material=grass zone=zone_8
AUDIO footstep material=dirt zone=zone_8
AUDIO footstep material=water zone=zone_8
AUDIO footstep material=dirt zone=zone_8
AUDIO footstep material=water zone=zone_8
AUDIO footstep material=dirt zone=zone_8
AUDIO footstep material=water zone=zone_8
AUDIO footstep material=dirt zone=zone_8
AUDIO footstep material=grass zone=zone_8
AUDIO footstep material=dirt zone=zone_8
AUDIO footstep material=grass zone=zone_8
AUDIO footstep material=dirt zone=zone_8
AUDIO footstep material=grass zone=zone_8
AUDIO footstep material=dirt zone=zone_8
TELEMETRY catchup zone=dungeon_1 elapsed=3201 advanced=1
AUDIO ambience key=amb_dungeon zone=dungeon_1
AUDIO footstep material=stone zone=dungeon_1
AUDIO ambience key=none zone=zone_8
AUDIO footstep material=wood zone=zone_8
AUDIO footstep material=grass zone=zone_8
AUDIO footstep material=dirt zone=zone_8
AUDIO footstep material=water zone=zone_8
AUDIO footstep material=grass zone=zone_8
AUDIO footstep material=dirt zone=zone_8
AUDIO footstep material=grass zone=zone_8
AUDIO footstep material=dirt zone=zone_8
AUDIO footstep material=grass zone=zone_8
AUDIO footstep material=dirt zone=zone_8
TELEMETRY catchup zone=dungeon_1 elapsed=1978 advanced=4
AUDIO ambience key=amb_dungeon zone=dungeon_1
AUDIO footstep material=stone zone=dungeon_1
AUDIO ambience key=amb_meadow zone=zone_7
AUDIO footstep material=dirt zone=zone_7
AUDIO ambience key=none zone=low_quay
AUDIO footstep material=stone zone=low_quay
AUDIO ambience key=amb_meadow zone=zone_7
AUDIO footstep material=dirt zone=zone_7
AUDIO ambience key=none zone=low_quay
AUDIO footstep material=stone zone=low_quay
AUDIO footstep material=grass zone=low_quay
AUDIO footstep material=stone zone=low_quay
AUDIO footstep material=grass zone=low_quay
AUDIO footstep material=stone zone=low_quay
AUDIO footstep material=grass zone=low_quay
AUDIO footstep material=stone zone=low_quay
AUDIO footstep material=grass zone=low_quay
AUDIO footstep material=stone zone=low_quay
AUDIO footstep material=dirt zone=low_quay
AUDIO footstep material=stone zone=low_quay
AUDIO footstep material=wood zone=zone_8
AUDIO footstep material=grass zone=zone_8
AUDIO footstep material=dirt zone=zone_8
AUDIO footstep material=water zone=zone_8
AUDIO footstep material=dirt zone=zone_8
AUDIO footstep material=grass zone=zone_8
AUDIO footstep material=dirt zone=zone_8
AUDIO footstep material=grass zone=zone_8
AUDIO footstep material=dirt zone=zone_8
TELEMETRY catchup zone=dungeon_1 elapsed=3138 advanced=7
AUDIO ambience key=amb_dungeon zone=dungeon_1
AUDIO ambience key=none zone=zone_8
AUDIO ambience key=amb_dungeon zone=dungeon_1
AUDIO footstep material=stone zone=dungeon_1
AUDIO footstep material=dirt zone=dungeon_1
AUDIO footstep material=stone zone=dungeon_1
AUDIO ambience key=amb_town zone=zone_7
AUDIO footstep material=dirt zone=zone_7
AUDIO ambience key=amb_meadow zone=zone_7
AUDIO footstep material=stone zone=zone_7
AUDIO ambience key=amb_town zone=zone_7
AUDIO footstep material=dirt zone=zone_7
AUDIO ambience key=amb_meadow zone=zone_7
AUDIO ambience key=amb_town zone=zone_7
AUDIO footstep material=stone zone=zone_7
AUDIO footstep material=dirt zone=zone_7
AUDIO ambience key=amb_meadow zone=zone_7
TELEMETRY catchup zone=low_quay elapsed=6670 advanced=4
AUDIO ambience key=none zone=low_quay
AUDIO footstep material=stone zone=low_quay
AUDIO footstep material=dirt zone=low_quay
AUDIO footstep material=stone zone=low_quay
AUDIO footstep material=dirt zone=low_quay
AUDIO footstep material=stone zone=low_quay
AUDIO footstep material=dirt zone=low_quay
AUDIO footstep material=stone zone=low_quay
AUDIO footstep material=grass zone=low_quay
AUDIO footstep material=stone zone=low_quay
AUDIO footstep material=grass zone=low_quay
AUDIO footstep material=stone zone=low_quay
AUDIO footstep material=dirt zone=low_quay
AUDIO footstep material=stone zone=low_quay
AUDIO footstep material=dirt zone=low_quay
AUDIO footstep material=stone zone=low_quay
AUDIO footstep material=grass zone=low_quay
AUDIO footstep material=dirt zone=low_quay
AUDIO footstep material=stone zone=low_quay
AUDIO footstep material=dirt zone=low_quay
AUDIO footstep material=grass zone=low_quay
AUDIO footstep material=stone zone=low_quay
AUDIO footstep material=dirt zone=low_quay
AUDIO footstep material=stone zone=low_quay
AUDIO footstep material=dirt zone=district_two
AUDIO footstep material=grass zone=district_two
AUDIO footstep material=dirt zone=district_two
AUDIO footstep material=grass zone=district_two
AUDIO footstep material=stone zone=district_two
AUDIO footstep material=dirt zone=district_two
AUDIO footstep material=stone zone=district_two
AUDIO footstep material=dirt zone=district_two
AUDIO footstep material=stone zone=district_two
AUDIO footstep material=dirt zone=district_two
AUDIO footstep material=stone zone=district_two
AUDIO footstep material=dirt zone=district_two
AUDIO footstep material=grass zone=district_two
AUDIO footstep material=dirt zone=district_two
AUDIO footstep material=stone zone=district_two
AUDIO footstep material=dirt zone=district_two
AUDIO footstep material=stone zone=district_two
AUDIO footstep material=dirt zone=district_two
AUDIO footstep material=stone zone=district_two
AUDIO footstep material=dirt zone=district_two
AUDIO footstep material=stone zone=district_two
AUDIO footstep material=grass zone=district_two
AUDIO footstep material=dirt zone=district_two
AUDIO footstep material=stone zone=district_two
AUDIO footstep material=dirt zone=district_two
AUDIO footstep material=stone zone=district_two
AUDIO footstep material=dirt zone=district_two
AUDIO footstep material=stone zone=district_two
AUDIO footstep material=dirt zone=district_two
AUDIO footstep material=stone zone=district_two
AUDIO footstep material=dirt zone=district_two
AUDIO footstep material=stone zone=district_two
AUDIO footstep material=dirt zone=district_two
AUDIO footstep material=stone zone=district_two
AUDIO footstep material=dirt zone=district_two
AUDIO footstep material=stone zone=district_two
AUDIO footstep material=dirt zone=district_two
AUDIO footstep material=stone zone=district_two
AUDIO footstep material=dirt zone=district_two
AUDIO footstep material=stone zone=district_two
AUDIO footstep material=dirt zone=district_two
AUDIO footstep material=stone zone=district_two
AUDIO footstep material=grass zone=district_two
AUDIO footstep material=dirt zone=district_two
AUDIO footstep material=grass zone=district_two
AUDIO footstep material=stone zone=district_two
AUDIO footstep material=dirt zone=district_two
AUDIO footstep material=stone zone=district_two
AUDIO footstep material=dirt zone=district_two
AUDIO footstep material=stone zone=district_two
AUDIO footstep material=dirt zone=district_two
AUDIO footstep material=stone zone=district_two
AUDIO footstep material=dirt zone=district_two
AUDIO footstep material=stone zone=district_two
AUDIO footstep material=dirt zone=district_two
AUDIO footstep material=stone zone=district_two
AUDIO footstep material=dirt zone=district_two
AUDIO footstep material=stone zone=district_two
AUDIO footstep material=dirt zone=district_two
AUDIO footstep material=stone zone=district_two
AUDIO footstep material=dirt zone=district_two
AUDIO footstep material=stone zone=district_two
AUDIO footstep material=dirt zone=district_two
AUDIO footstep material=stone zone=district_two
AUDIO footstep material=dirt zone=district_two
AUDIO footstep material=stone zone=district_two
AUDIO footstep material=dirt zone=district_two
AUDIO footstep material=stone zone=district_two
AUDIO footstep material=dirt zone=district_two
AUDIO footstep material=stone zone=district_two
AUDIO footstep material=dirt zone=district_two
AUDIO footstep material=stone zone=district_two
AUDIO footstep material=dirt zone=district_two
AUDIO footstep material=stone zone=district_two
AUDIO footstep material=dirt zone=district_two
AUDIO footstep material=stone zone=district_two
AUDIO footstep material=dirt zone=district_two
AUDIO footstep material=stone zone=district_two
AUDIO footstep material=dirt zone=district_two
AUDIO footstep material=stone zone=district_two
TELEMETRY catchup zone=district_two elapsed=828 advanced=6
AUDIO footstep material=dirt zone=district_two
AUDIO footstep material=stone zone=district_two
AUDIO footstep material=dirt zone=district_two
AUDIO footstep material=stone zone=district_two
AUDIO footstep material=dirt zone=district_two
AUDIO footstep material=stone zone=district_two
AUDIO footstep material=dirt zone=district_two
AUDIO footstep material=stone zone=district_two
AUDIO footstep material=dirt zone=district_two
AUDIO footstep material=grass zone=district_two
AUDIO footstep material=stone zone=district_two
AUDIO footstep material=dirt zone=district_two
AUDIO footstep material=stone zone=district_two
AUDIO footstep material=dirt zone=district_two
AUDIO footstep material=stone zone=district_two
AUDIO footstep material=dirt zone=district_two
AUDIO footstep material=stone zone=district_two
AUDIO footstep material=dirt zone=district_two
AUDIO footstep material=stone zone=district_two
AUDIO footstep material=dirt zone=district_two
AUDIO footstep material=stone zone=district_two
AUDIO footstep material=dirt zone=district_two
AUDIO footstep material=stone zone=district_two
AUDIO ambience key=amb_meadow zone=zone_7
AUDIO footstep material=dirt zone=zone_7
AUDIO ambience key=none zone=low_quay
AUDIO footstep material=grass zone=low_quay
AUDIO footstep material=stone zone=low_quay
AUDIO ambience key=amb_meadow zone=zone_7
AUDIO footstep material=dirt zone=zone_7
AUDIO footstep material=stone zone=zone_7
AUDIO ambience key=amb_town zone=zone_7
AUDIO footstep material=water zone=zone_7
TELEMETRY catchup zone=dungeon_1 elapsed=15558 advanced=12
AUDIO ambience key=amb_dungeon zone=dungeon_1
AUDIO footstep material=stone zone=dungeon_1
AUDIO ambience key=none zone=zone_8
AUDIO footstep material=dirt zone=zone_8
AUDIO footstep material=grass zone=zone_8
AUDIO footstep material=dirt zone=zone_8
AUDIO footstep material=grass zone=zone_8
AUDIO footstep material=dirt zone=zone_8
AUDIO footstep material=water zone=zone_8
AUDIO footstep material=grass zone=zone_8
AUDIO footstep material=wood zone=zone_8
AUDIO footstep material=grass zone=zone_8
AUDIO footstep material=dirt zone=zone_8
AUDIO footstep material=water zone=zone_8
AUDIO footstep material=wood zone=zone_8
AUDIO footstep material=grass zone=zone_8
AUDIO footstep material=dirt zone=zone_8
AUDIO footstep material=water zone=zone_8
AUDIO footstep material=dirt zone=zone_8
AUDIO footstep material=grass zone=zone_8
AUDIO footstep material=dirt zone=zone_8
AUDIO footstep material=grass zone=zone_8
AUDIO footstep material=dirt zone=zone_8
AUDIO footstep material=grass zone=zone_8
AUDIO footstep material=dirt zone=zone_8
AUDIO ambience key=amb_dungeon zone=dungeon_1
AUDIO ambience key=none zone=zone_8
AUDIO ambience key=amb_dungeon zone=dungeon_1
AUDIO footstep material=stone zone=dungeon_1
AUDIO ambience key=amb_meadow zone=zone_7
AUDIO footstep material=dirt zone=zone_7
AUDIO ambience key=none zone=low_quay
AUDIO footstep material=stone zone=low_quay
AUDIO footstep material=dirt zone=low_quay
AUDIO footstep material=stone zone=low_quay
AUDIO footstep material=grass zone=low_quay
AUDIO footstep material=stone zone=low_quay
AUDIO footstep material=grass zone=low_quay
AUDIO footstep material=stone zone=low_quay
AUDIO footstep material=dirt zone=low_quay
AUDIO footstep material=stone zone=low_quay
AUDIO footstep material=grass zone=low_quay
AUDIO footstep material=stone zone=low_quay
AUDIO footstep material=dirt zone=low_quay
AUDIO footstep material=stone zone=low_quay
AUDIO footstep material=dirt zone=district_two
AUDIO footstep material=stone zone=district_two
AUDIO footstep material=dirt zone=district_two
AUDIO footstep material=stone zone=district_two
AUDIO footstep material=dirt zone=district_two
AUDIO footstep material=stone zone=district_two
AUDIO footstep material=dirt zone=district_two
AUDIO footstep material=stone zone=district_two
AUDIO footstep material=dirt zone=district_two
AUDIO footstep material=stone zone=district_two
AUDIO footstep material=dirt zone=district_two
AUDIO footstep material=stone zone=district_two
AUDIO footstep material=dirt zone=district_two
AUDIO footstep material=stone zone=district_two
AUDIO footstep material=dirt zone=district_two
AUDIO footstep material=stone zone=district_two
AUDIO footstep material=dirt zone=district_two
AUDIO footstep material=stone zone=district_two
AUDIO footstep material=dirt zone=district_two
AUDIO footstep material=grass zone=district_two
AUDIO footstep material=dirt zone=district_two
AUDIO footstep material=grass zone=district_two
AUDIO footstep material=dirt zone=district_two
AUDIO footstep material=grass zone=district_two
AUDIO footstep material=dirt zone=district_two
AUDIO footstep material=stone zone=district_two
AUDIO footstep material=dirt zone=district_two
AUDIO footstep material=stone zone=district_two
AUDIO footstep material=dirt zone=district_two
AUDIO footstep material=grass zone=district_two
AUDIO footstep material=dirt zone=district_two
AUDIO footstep material=stone zone=district_two
AUDIO footstep material=dirt zone=district_two
AUDIO footstep material=stone zone=district_two
AUDIO footstep material=dirt zone=district_two
AUDIO footstep material=stone zone=district_two
AUDIO footstep material=dirt zone=district_two
AUDIO footstep material=stone zone=district_two
AUDIO footstep material=dirt zone=district_two
AUDIO footstep material=stone zone=district_two
AUDIO footstep material=dirt zone=district_two
AUDIO footstep material=stone zone=district_two
AUDIO footstep material=dirt zone=district_two
AUDIO footstep material=stone zone=district_two
AUDIO footstep material=dirt zone=district_two
AUDIO footstep material=stone zone=district_two
AUDIO footstep material=dirt zone=district_two
AUDIO footstep material=stone zone=district_two
AUDIO footstep material=dirt zone=district
AUDIO footstep material=stone zone=district
AUDIO footstep material=grass zone=district
AUDIO footstep material=stone zone=district
AUDIO footstep material=grass zone=district
AUDIO footstep material=stone zone=district
AUDIO footstep material=dirt zone=district
AUDIO footstep material=stone zone=district
AUDIO footstep material=grass zone=district
AUDIO footstep material=stone zone=district
AUDIO footstep material=grass zone=district
AUDIO footstep material=stone zone=district
AUDIO footstep material=grass zone=district
AUDIO footstep material=stone zone=district
AUDIO footstep material=dirt zone=district
AUDIO footstep material=stone zone=district
AUDIO footstep material=wood zone=district
AUDIO footstep material=stone zone=district
AUDIO footstep material=dirt zone=district
AUDIO footstep material=stone zone=district
AUDIO footstep material=wood zone=district
AUDIO footstep material=stone zone=district
AUDIO footstep material=grass zone=district
AUDIO footstep material=stone zone=district
AUDIO footstep material=dirt zone=district
AUDIO footstep material=stone zone=district
AUDIO footstep material=grass zone=district
AUDIO footstep material=stone zone=district
AUDIO footstep material=grass zone=district
AUDIO footstep material=stone zone=district
AUDIO footstep material=dirt zone=district
AUDIO footstep material=stone zone=district
AUDIO footstep material=grass zone=district
AUDIO footstep material=stone zone=district
AUDIO footstep material=dirt zone=district
AUDIO footstep material=grass zone=district
AUDIO footstep material=stone zone=district
AUDIO footstep material=grass zone=district
AUDIO footstep material=stone zone=district
AUDIO footstep material=grass zone=district
AUDIO footstep material=stone zone=district
AUDIO footstep material=dirt zone=district
AUDIO footstep material=stone zone=district
AUDIO footstep material=dirt zone=district
AUDIO footstep material=stone zone=district
AUDIO footstep material=dirt zone=district
AUDIO footstep material=stone zone=district
AUDIO footstep material=dirt zone=district
AUDIO footstep material=stone zone=district
AUDIO footstep material=dirt zone=district
AUDIO footstep material=stone zone=district
AUDIO footstep material=dirt zone=district
AUDIO footstep material=stone zone=district
AUDIO footstep material=dirt zone=district
AUDIO footstep material=stone zone=district
AUDIO footstep material=dirt zone=district
AUDIO footstep material=stone zone=district
AUDIO footstep material=dirt zone=district
AUDIO footstep material=stone zone=district
TELEMETRY catchup zone=district elapsed=985 advanced=1
AUDIO footstep material=dirt zone=district
AUDIO footstep material=stone zone=district
AUDIO footstep material=dirt zone=district
AUDIO footstep material=grass zone=district
AUDIO footstep material=stone zone=district
AUDIO footstep material=grass zone=district
AUDIO footstep material=stone zone=district
AUDIO footstep material=dirt zone=district
AUDIO footstep material=stone zone=district
AUDIO footstep material=dirt zone=district
AUDIO footstep material=stone zone=district
AUDIO footstep material=dirt zone=district
AUDIO footstep material=stone zone=district
AUDIO footstep material=dirt zone=district
AUDIO footstep material=stone zone=district
AUDIO footstep material=dirt zone=district
AUDIO footstep material=stone zone=district
AUDIO footstep material=dirt zone=district
AUDIO footstep material=stone zone=district
AUDIO footstep material=grass zone=district
AUDIO footstep material=stone zone=district
AUDIO footstep material=dirt zone=district
AUDIO footstep material=stone zone=district
AUDIO footstep material=dirt zone=district
AUDIO footstep material=stone zone=district
AUDIO footstep material=grass zone=district
AUDIO footstep material=stone zone=district
AUDIO footstep material=grass zone=district
AUDIO footstep material=stone zone=district
AUDIO footstep material=dirt zone=district
AUDIO footstep material=stone zone=district
AUDIO footstep material=grass zone=district
AUDIO footstep material=stone zone=district
AUDIO footstep material=dirt zone=nest
AUDIO footstep material=stone zone=district
AUDIO footstep material=grass zone=district
AUDIO footstep material=dirt zone=district
AUDIO footstep material=stone zone=district
AUDIO footstep material=wood zone=district
AUDIO footstep material=stone zone=district
AUDIO footstep material=dirt zone=district
AUDIO footstep material=stone zone=district
TELEMETRY catchup zone=district_two elapsed=17928 advanced=4
AUDIO footstep material=dirt zone=district_two
AUDIO footstep material=stone zone=district_two
AUDIO footstep material=dirt zone=district_two
AUDIO footstep material=stone zone=district_two
AUDIO footstep material=grass zone=district_two
AUDIO footstep material=stone zone=district_two
AUDIO footstep material=dirt zone=district_two
AUDIO footstep material=stone zone=district_two
AUDIO footstep material=grass zone=district_two
AUDIO footstep material=stone zone=district_two
AUDIO footstep material=dirt zone=district_two
AUDIO footstep material=stone zone=district_two
AUDIO footstep material=dirt zone=district_two
AUDIO footstep material=grass zone=district_two
AUDIO footstep material=dirt zone=district_two
AUDIO footstep material=stone zone=district_two
AUDIO footstep material=dirt zone=district_two
AUDIO footstep material=stone zone=district_two
AUDIO footstep material=dirt zone=district_two
AUDIO footstep material=stone zone=district_two
AUDIO footstep material=dirt zone=district_two
AUDIO footstep material=stone zone=district_two
AUDIO footstep material=dirt zone=district_two
AUDIO footstep material=grass zone=district_two
AUDIO footstep material=stone zone=district_two
AUDIO footstep material=grass zone=district_two
AUDIO footstep material=stone zone=district_two
AUDIO footstep material=dirt zone=district_two
AUDIO footstep material=stone zone=district_two
AUDIO footstep material=dirt zone=district_two
AUDIO footstep material=stone zone=district_two
AUDIO footstep material=dirt zone=district_two
AUDIO footstep material=stone zone=district_two
AUDIO footstep material=dirt zone=district_two
AUDIO footstep material=stone zone=district_two
AUDIO footstep material=dirt zone=district_two
AUDIO footstep material=stone zone=district_two
AUDIO footstep material=dirt zone=district_two
AUDIO footstep material=stone zone=district_two
AUDIO footstep material=dirt zone=district_two
AUDIO footstep material=stone zone=district_two
AUDIO footstep material=dirt zone=district_two
AUDIO footstep material=stone zone=district_two
AUDIO footstep material=dirt zone=district_two
AUDIO footstep material=stone zone=district_two
AUDIO footstep material=dirt zone=district_two
AUDIO footstep material=stone zone=district_two
AUDIO footstep material=dirt zone=district_two
AUDIO footstep material=stone zone=district_two
AUDIO footstep material=dirt zone=district_two
AUDIO footstep material=stone zone=district_two
AUDIO footstep material=dirt zone=district_two
AUDIO footstep material=stone zone=district_two
AUDIO footstep material=dirt zone=district_two
AUDIO footstep material=stone zone=district_two
AUDIO footstep material=dirt zone=district_two
AUDIO footstep material=stone zone=district_two
AUDIO footstep material=grass zone=district_two
AUDIO footstep material=dirt zone=district_two
AUDIO footstep material=stone zone=district_two
AUDIO footstep material=dirt zone=district_two
AUDIO footstep material=stone zone=district_two
AUDIO footstep material=dirt zone=district_two
AUDIO footstep material=stone zone=district_two
AUDIO footstep material=dirt zone=district_two
AUDIO footstep material=stone zone=district_two
AUDIO footstep material=dirt zone=district_two
AUDIO footstep material=stone zone=district_two
AUDIO footstep material=dirt zone=district_two
AUDIO footstep material=stone zone=district_two
AUDIO footstep material=dirt zone=district_two
AUDIO footstep material=grass zone=district_two
AUDIO footstep material=stone zone=district_two
AUDIO footstep material=dirt zone=district_two
AUDIO footstep material=stone zone=district_two
AUDIO footstep material=dirt zone=district_two
AUDIO footstep material=stone zone=district_two
AUDIO footstep material=dirt zone=low_quay
AUDIO footstep material=stone zone=low_quay
AUDIO footstep material=dirt zone=low_quay
AUDIO footstep material=stone zone=low_quay
AUDIO footstep material=grass zone=low_quay
AUDIO footstep material=stone zone=low_quay
AUDIO footstep material=grass zone=low_quay
AUDIO footstep material=dirt zone=low_quay
AUDIO footstep material=stone zone=low_quay
AUDIO footstep material=dirt zone=low_quay
AUDIO footstep material=stone zone=low_quay
AUDIO footstep material=dirt zone=low_quay
AUDIO footstep material=stone zone=low_quay
AUDIO footstep material=dirt zone=low_quay
AUDIO footstep material=stone zone=low_quay
AUDIO footstep material=grass zone=low_quay
AUDIO footstep material=stone zone=low_quay
AUDIO footstep material=dirt zone=low_quay
AUDIO footstep material=stone zone=low_quay
AUDIO footstep material=dirt zone=low_quay
AUDIO footstep material=stone zone=low_quay
AUDIO footstep material=dirt zone=low_quay
AUDIO footstep material=grass zone=low_quay
AUDIO footstep material=dirt zone=low_quay
AUDIO footstep material=stone zone=low_quay
AUDIO footstep material=grass zone=low_quay
AUDIO footstep material=dirt zone=nest
TELEMETRY catchup zone=district elapsed=9479 advanced=4
AUDIO footstep material=stone zone=district
AUDIO footstep material=grass zone=district
AUDIO footstep material=dirt zone=district
AUDIO footstep material=stone zone=district
AUDIO footstep material=grass zone=district
AUDIO footstep material=stone zone=district
AUDIO footstep material=grass zone=district
AUDIO footstep material=stone zone=district
AUDIO footstep material=dirt zone=district
AUDIO footstep material=stone zone=district
AUDIO footstep material=grass zone=district
AUDIO footstep material=stone zone=district
AUDIO footstep material=dirt zone=district
AUDIO footstep material=stone zone=district
AUDIO footstep material=wood zone=district
AUDIO footstep material=stone zone=district
AUDIO footstep material=dirt zone=district
AUDIO footstep material=stone zone=district
AUDIO footstep material=dirt zone=district
AUDIO footstep material=stone zone=district
AUDIO footstep material=dirt zone=district_two
AUDIO footstep material=stone zone=district_two
AUDIO footstep material=dirt zone=district_two
AUDIO footstep material=stone zone=district_two
AUDIO footstep material=dirt zone=district_two
AUDIO footstep material=grass zone=district_two
AUDIO footstep material=dirt zone=district_two
AUDIO footstep material=grass zone=district_two
AUDIO footstep material=dirt zone=district_two
AUDIO footstep material=stone zone=district_two
AUDIO footstep material=dirt zone=district_two
AUDIO footstep material=stone zone=district_two
AUDIO footstep material=dirt zone=district_two
AUDIO footstep material=stone zone=district_two
AUDIO footstep material=dirt zone=district_two
AUDIO footstep material=stone zone=district_two
AUDIO footstep material=dirt zone=district_two
AUDIO footstep material=stone zone=district_two
AUDIO footstep material=dirt zone=district_two
AUDIO footstep material=stone zone=district_two
AUDIO footstep material=dirt zone=district_two
AUDIO footstep material=stone zone=district_two
AUDIO footstep material=dirt zone=district_two
AUDIO footstep material=stone zone=district_two
AUDIO footstep material=dirt zone=district_two
AUDIO footstep material=stone zone=district_two
AUDIO footstep material=dirt zone=district_two
AUDIO footstep material=stone zone=district_two
AUDIO footstep material=dirt zone=district_two
AUDIO footstep material=stone zone=district_two
AUDIO footstep material=dirt zone=district_two
AUDIO footstep material=stone zone=district_two
AUDIO footstep material=dirt zone=district_two
AUDIO footstep material=stone zone=district_two
AUDIO footstep material=grass zone=district_two
AUDIO footstep material=stone zone=district_two
AUDIO footstep material=grass zone=district_two
AUDIO footstep material=dirt zone=district_two
AUDIO footstep material=grass zone=district_two
AUDIO footstep material=dirt zone=district_two
AUDIO footstep material=grass zone=district_two
AUDIO footstep material=dirt zone=district_two
AUDIO footstep material=grass zone=district_two
AUDIO footstep material=dirt zone=district_two
AUDIO footstep material=grass zone=district_two
AUDIO footstep material=stone zone=district_two
AUDIO footstep material=dirt zone=nest
AUDIO footstep material=stone zone=district
AUDIO footstep material=grass zone=district
AUDIO footstep material=stone zone=district
AUDIO footstep material=grass zone=district
AUDIO footstep material=wood zone=district
AUDIO footstep material=stone zone=district
AUDIO footstep material=dirt zone=district
AUDIO footstep material=stone zone=district
AUDIO footstep material=dirt zone=district_two
AUDIO footstep material=stone zone=district_two
AUDIO footstep material=dirt zone=district_two
AUDIO footstep material=stone zone=district_two
AUDIO footstep material=dirt zone=district_two
AUDIO footstep material=stone zone=district_two
AUDIO footstep material=dirt zone=district_two
AUDIO footstep material=stone zone=district_two
AUDIO footstep material=grass zone=district_two
AUDIO footstep material=stone zone=district_two
AUDIO footstep material=grass zone=district_two
AUDIO footstep material=stone zone=district_two
AUDIO footstep material=dirt zone=district_two
AUDIO footstep material=stone zone=district_two
AUDIO footstep material=dirt zone=district_two
AUDIO footstep material=stone zone=district_two
AUDIO footstep material=grass zone=low_quay
AUDIO footstep material=stone zone=low_quay
AUDIO footstep material=dirt zone=low_quay
AUDIO footstep material=stone zone=low_quay
AUDIO footstep material=dirt zone=low_quay
AUDIO footstep material=stone zone=low_quay
AUDIO footstep material=dirt zone=low_quay
AUDIO footstep material=stone zone=low_quay
AUDIO footstep material=grass zone=low_quay
AUDIO footstep material=stone zone=low_quay
AUDIO footstep material=dirt zone=low_quay
AUDIO footstep material=wood zone=low_quay
AUDIO footstep material=dirt zone=low_quay
AUDIO footstep material=wood zone=low_quay
AUDIO footstep material=dirt zone=low_quay
AUDIO footstep material=wood zone=low_quay
AUDIO footstep material=dirt zone=low_quay
AUDIO footstep material=wood zone=low_quay
AUDIO footstep material=dirt zone=low_quay
AUDIO footstep material=wood zone=low_quay
AUDIO footstep material=dirt zone=low_quay
AUDIO footstep material=wood zone=low_quay
AUDIO footstep material=dirt zone=low_quay
AUDIO footstep material=stone zone=low_quay
AUDIO footstep material=grass zone=low_quay
AUDIO footstep material=stone zone=low_quay
AUDIO footstep material=dirt zone=low_quay
AUDIO footstep material=stone zone=low_quay
AUDIO footstep material=dirt zone=low_quay
AUDIO footstep material=stone zone=low_quay
AUDIO footstep material=grass zone=low_quay
AUDIO footstep material=stone zone=low_quay
AUDIO footstep material=dirt zone=low_quay
AUDIO footstep material=stone zone=low_quay
AUDIO footstep material=dirt zone=low_quay
AUDIO footstep material=stone zone=low_quay
AUDIO footstep material=dirt zone=low_quay
AUDIO footstep material=stone zone=low_quay
AUDIO footstep material=grass zone=low_quay
AUDIO footstep material=stone zone=low_quay
AUDIO footstep material=grass zone=low_quay
AUDIO footstep material=stone zone=low_quay
AUDIO footstep material=dirt zone=low_quay
AUDIO footstep material=stone zone=low_quay
AUDIO footstep material=grass zone=low_quay
AUDIO footstep material=stone zone=low_quay
AUDIO footstep material=dirt zone=low_quay
AUDIO footstep material=stone zone=low_quay
AUDIO footstep material=grass zone=low_quay
AUDIO footstep material=stone zone=low_quay
AUDIO footstep material=dirt zone=low_quay
AUDIO footstep material=stone zone=low_quay
AUDIO footstep material=grass zone=low_quay
AUDIO footstep material=stone zone=low_quay
AUDIO footstep material=dirt zone=low_quay
AUDIO footstep material=stone zone=low_quay
AUDIO footstep material=dirt zone=low_quay
AUDIO footstep material=stone zone=low_quay
AUDIO footstep material=dirt zone=low_quay
AUDIO footstep material=stone zone=low_quay
AUDIO footstep material=dirt zone=low_quay
AUDIO footstep material=stone zone=low_quay
AUDIO footstep material=dirt zone=low_quay
AUDIO footstep material=stone zone=low_quay
AUDIO footstep material=dirt zone=low_quay
AUDIO footstep material=stone zone=slow_door
TELEMETRY catchup zone=low_quay elapsed=725 advanced=1
AUDIO footstep material=grass zone=low_quay
AUDIO footstep material=stone zone=low_quay
AUDIO footstep material=dirt zone=low_quay
AUDIO footstep material=grass zone=low_quay
AUDIO footstep material=stone zone=low_quay
AUDIO footstep material=grass zone=low_quay
AUDIO footstep material=stone zone=low_quay
AUDIO footstep material=grass zone=low_quay
AUDIO footstep material=stone zone=low_quay
AUDIO footstep material=grass zone=low_quay
AUDIO footstep material=stone zone=low_quay
AUDIO footstep material=dirt zone=low_quay
AUDIO footstep material=stone zone=low_quay
AUDIO footstep material=dirt zone=low_quay
AUDIO footstep material=stone zone=low_quay
AUDIO ambience key=amb_meadow zone=zone_7
AUDIO footstep material=dirt zone=zone_7
AUDIO footstep material=grass zone=zone_7
AUDIO footstep material=dirt zone=zone_7
AUDIO footstep material=grass zone=zone_7
AUDIO footstep material=dirt zone=zone_7
AUDIO footstep material=grass zone=zone_7
AUDIO footstep material=dirt zone=zone_7
AUDIO footstep material=grass zone=zone_7
AUDIO footstep material=dirt zone=zone_7
AUDIO ambience key=amb_town zone=zone_7
AUDIO footstep material=stone zone=zone_7
AUDIO footstep material=water zone=zone_7
AUDIO footstep material=stone zone=zone_7
AUDIO footstep material=wood zone=zone_7
AUDIO ambience key=none zone=basement_1
AUDIO ambience key=amb_town zone=zone_7
AUDIO ambience key=none zone=basement_1
AUDIO ambience key=amb_town zone=zone_7
AUDIO ambience key=none zone=basement_1
AUDIO ambience key=amb_town zone=zone_7
AUDIO ambience key=none zone=basement_1
AUDIO ambience key=amb_town zone=zone_7
AUDIO ambience key=none zone=basement_1
AUDIO ambience key=amb_town zone=zone_7
AUDIO ambience key=none zone=basement_1
AUDIO ambience key=amb_town zone=zone_7
AUDIO ambience key=none zone=basement_1
AUDIO ambience key=amb_town zone=zone_7
AUDIO ambience key=none zone=basement_1
AUDIO ambience key=amb_town zone=zone_7
AUDIO ambience key=none zone=basement_1
AUDIO ambience key=amb_town zone=zone_7
AUDIO ambience key=none zone=basement_1
AUDIO ambience key=amb_town zone=zone_7
AUDIO ambience key=none zone=basement_1
AUDIO ambience key=amb_town zone=zone_7
AUDIO ambience key=none zone=basement_1
AUDIO ambience key=amb_town zone=zone_7
AUDIO ambience key=none zone=basement_1
AUDIO ambience key=amb_town zone=zone_7
AUDIO ambience key=none zone=basement_1
AUDIO ambience key=amb_town zone=zone_7
AUDIO ambience key=none zone=basement_1
AUDIO ambience key=amb_town zone=zone_7
AUDIO ambience key=none zone=basement_1
AUDIO ambience key=amb_town zone=zone_7
AUDIO ambience key=none zone=basement_1
AUDIO ambience key=amb_town zone=zone_7
AUDIO ambience key=none zone=basement_1
AUDIO ambience key=amb_town zone=zone_7
AUDIO ambience key=none zone=basement_1
AUDIO ambience key=amb_town zone=zone_7
AUDIO ambience key=none zone=basement_1
AUDIO ambience key=amb_town zone=zone_7
AUDIO ambience key=none zone=basement_1
AUDIO ambience key=amb_town zone=zone_7
AUDIO ambience key=none zone=basement_1
AUDIO ambience key=amb_town zone=zone_7
AUDIO ambience key=none zone=basement_1
AUDIO ambience key=amb_town zone=zone_7
AUDIO ambience key=none zone=basement_1
AUDIO ambience key=amb_town zone=zone_7
AUDIO ambience key=none zone=basement_1
AUDIO ambience key=amb_town zone=zone_7
AUDIO ambience key=none zone=basement_1
AUDIO ambience key=amb_town zone=zone_7
AUDIO ambience key=none zone=basement_1
AUDIO ambience key=amb_town zone=zone_7
AUDIO ambience key=none zone=basement_1
AUDIO ambience key=amb_town zone=zone_7
AUDIO ambience key=none zone=basement_1
AUDIO ambience key=amb_town zone=zone_7
AUDIO ambience key=none zone=basement_1
AUDIO ambience key=amb_town zone=zone_7
AUDIO ambience key=none zone=basement_1
AUDIO ambience key=amb_town zone=zone_7
AUDIO ambience key=none zone=basement_1
AUDIO ambience key=amb_town zone=zone_7
AUDIO ambience key=none zone=basement_1
AUDIO ambience key=amb_town zone=zone_7
AUDIO ambience key=none zone=basement_1
AUDIO ambience key=amb_town zone=zone_7
AUDIO ambience key=none zone=basement_1
AUDIO ambience key=amb_town zone=zone_7
AUDIO ambience key=none zone=basement_1
AUDIO ambience key=amb_town zone=zone_7
AUDIO ambience key=none zone=basement_1
AUDIO ambience key=amb_town zone=zone_7
AUDIO ambience key=none zone=basement_1
AUDIO ambience key=amb_town zone=zone_7
AUDIO ambience key=none zone=basement_1
AUDIO ambience key=amb_town zone=zone_7
AUDIO ambience key=none zone=basement_1
AUDIO ambience key=amb_town zone=zone_7
AUDIO ambience key=none zone=basement_1
AUDIO ambience key=amb_town zone=zone_7
AUDIO ambience key=none zone=basement_1
AUDIO ambience key=amb_town zone=zone_7
AUDIO ambience key=none zone=basement_1
AUDIO ambience key=amb_town zone=zone_7
AUDIO ambience key=none zone=basement_1
AUDIO ambience key=amb_town zone=zone_7
AUDIO ambience key=none zone=basement_1
AUDIO ambience key=amb_town zone=zone_7
AUDIO ambience key=none zone=basement_1
AUDIO ambience key=amb_town zone=zone_7
AUDIO ambience key=none zone=basement_1
AUDIO ambience key=amb_town zone=zone_7
AUDIO ambience key=none zone=basement_1
AUDIO ambience key=amb_town zone=zone_7
AUDIO ambience key=none zone=basement_1
AUDIO ambience key=amb_town zone=zone_7
AUDIO ambience key=none zone=basement_1
AUDIO ambience key=amb_town zone=zone_7
AUDIO ambience key=none zone=basement_1
AUDIO ambience key=amb_town zone=zone_7
AUDIO ambience key=none zone=basement_1
AUDIO ambience key=amb_town zone=zone_7
AUDIO ambience key=none zone=basement_1
AUDIO ambience key=amb_town zone=zone_7
AUDIO ambience key=none zone=basement_1
AUDIO ambience key=amb_town zone=zone_7
AUDIO ambience key=none zone=basement_1
AUDIO ambience key=amb_town zone=zone_7
AUDIO ambience key=none zone=basement_1
AUDIO ambience key=amb_town zone=zone_7
AUDIO ambience key=none zone=basement_1
AUDIO ambience key=amb_town zone=zone_7
AUDIO ambience key=none zone=basement_1
AUDIO ambience key=amb_town zone=zone_7
AUDIO ambience key=none zone=basement_1
AUDIO ambience key=amb_town zone=zone_7
AUDIO ambience key=none zone=basement_1
AUDIO ambience key=amb_town zone=zone_7
AUDIO ambience key=none zone=basement_1
AUDIO ambience key=amb_town zone=zone_7
AUDIO ambience key=none zone=basement_1
AUDIO ambience key=amb_town zone=zone_7
AUDIO ambience key=none zone=basement_1
AUDIO ambience key=amb_town zone=zone_7
AUDIO ambience key=none zone=basement_1
AUDIO ambience key=amb_town zone=zone_7
AUDIO ambience key=none zone=basement_1
AUDIO ambience key=amb_town zone=zone_7
AUDIO ambience key=none zone=basement_1
AUDIO ambience key=amb_town zone=zone_7
AUDIO ambience key=none zone=basement_1
AUDIO ambience key=amb_town zone=zone_7
AUDIO ambience key=none zone=basement_1
AUDIO ambience key=amb_town zone=zone_7
AUDIO ambience key=none zone=basement_1
AUDIO ambience key=amb_town zone=zone_7
AUDIO ambience key=none zone=basement_1
AUDIO ambience key=amb_town zone=zone_7
AUDIO ambience key=none zone=basement_1
AUDIO ambience key=amb_town zone=zone_7
AUDIO ambience key=none zone=basement_1
AUDIO ambience key=amb_town zone=zone_7
AUDIO ambience key=none zone=basement_1
AUDIO ambience key=amb_town zone=zone_7
AUDIO ambience key=none zone=basement_1
AUDIO ambience key=amb_town zone=zone_7
AUDIO ambience key=none zone=basement_1
AUDIO ambience key=amb_town zone=zone_7
AUDIO ambience key=none zone=basement_1
AUDIO ambience key=amb_town zone=zone_7
AUDIO ambience key=none zone=basement_1
AUDIO ambience key=amb_town zone=zone_7
AUDIO ambience key=none zone=basement_1
AUDIO ambience key=amb_town zone=zone_7
AUDIO ambience key=none zone=basement_1
AUDIO ambience key=amb_town zone=zone_7
AUDIO ambience key=none zone=basement_1
AUDIO ambience key=amb_town zone=zone_7
AUDIO ambience key=none zone=basement_1
AUDIO ambience key=amb_town zone=zone_7
AUDIO ambience key=none zone=basement_1
AUDIO ambience key=amb_town zone=zone_7
AUDIO ambience key=none zone=basement_1
AUDIO ambience key=amb_town zone=zone_7
AUDIO ambience key=none zone=basement_1
AUDIO ambience key=amb_town zone=zone_7
AUDIO ambience key=none zone=basement_1
AUDIO ambience key=amb_town zone=zone_7
AUDIO ambience key=none zone=basement_1
AUDIO ambience key=amb_town zone=zone_7
AUDIO ambience key=none zone=basement_1
AUDIO ambience key=amb_town zone=zone_7
AUDIO ambience key=none zone=basement_1
AUDIO ambience key=amb_town zone=zone_7
AUDIO ambience key=none zone=basement_1
AUDIO ambience key=amb_town zone=zone_7
AUDIO ambience key=none zone=basement_1
AUDIO ambience key=amb_town zone=zone_7
AUDIO ambience key=none zone=basement_1
AUDIO ambience key=amb_town zone=zone_7
AUDIO ambience key=none zone=basement_1
AUDIO ambience key=amb_town zone=zone_7
AUDIO ambience key=none zone=basement_1
AUDIO ambience key=amb_town zone=zone_7
AUDIO ambience key=none zone=basement_1
AUDIO ambience key=amb_town zone=zone_7
AUDIO ambience key=none zone=basement_1
AUDIO ambience key=amb_town zone=zone_7
AUDIO ambience key=none zone=basement_1
AUDIO ambience key=amb_town zone=zone_7
AUDIO ambience key=none zone=basement_1
AUDIO ambience key=amb_town zone=zone_7
AUDIO ambience key=none zone=basement_1
AUDIO ambience key=amb_town zone=zone_7
AUDIO ambience key=none zone=basement_1
AUDIO ambience key=amb_town zone=zone_7
AUDIO ambience key=none zone=basement_1
AUDIO ambience key=amb_town zone=zone_7
AUDIO ambience key=none zone=basement_1
AUDIO ambience key=amb_town zone=zone_7
AUDIO ambience key=none zone=basement_1
AUDIO ambience key=amb_town zone=zone_7
AUDIO ambience key=none zone=basement_1
AUDIO ambience key=amb_town zone=zone_7
AUDIO ambience key=none zone=basement_1
AUDIO ambience key=amb_town zone=zone_7
AUDIO ambience key=none zone=basement_1
AUDIO ambience key=amb_town zone=zone_7
AUDIO ambience key=none zone=basement_1
AUDIO ambience key=amb_town zone=zone_7
AUDIO ambience key=none zone=basement_1
AUDIO ambience key=amb_town zone=zone_7
AUDIO ambience key=none zone=basement_1
AUDIO ambience key=amb_town zone=zone_7
AUDIO ambience key=none zone=basement_1
AUDIO ambience key=amb_town zone=zone_7
AUDIO ambience key=none zone=basement_1
AUDIO ambience key=amb_town zone=zone_7
AUDIO ambience key=none zone=basement_1
AUDIO ambience key=amb_town zone=zone_7
AUDIO ambience key=none zone=basement_1
AUDIO ambience key=amb_town zone=zone_7
AUDIO ambience key=none zone=basement_1
AUDIO ambience key=amb_town zone=zone_7
AUDIO ambience key=none zone=basement_1
AUDIO ambience key=amb_town zone=zone_7
AUDIO ambience key=none zone=basement_1
AUDIO ambience key=amb_town zone=zone_7
AUDIO ambience key=none zone=basement_1
AUDIO ambience key=amb_town zone=zone_7
AUDIO ambience key=none zone=basement_1
AUDIO ambience key=amb_town zone=zone_7
AUDIO ambience key=none zone=basement_1
AUDIO ambience key=amb_town zone=zone_7
AUDIO ambience key=none zone=basement_1
AUDIO ambience key=amb_town zone=zone_7
AUDIO ambience key=none zone=basement_1
AUDIO ambience key=amb_town zone=zone_7
AUDIO ambience key=none zone=basement_1
AUDIO ambience key=amb_town zone=zone_7
AUDIO ambience key=none zone=basement_1
AUDIO ambience key=amb_town zone=zone_7
AUDIO ambience key=none zone=basement_1
AUDIO ambience key=amb_town zone=zone_7
AUDIO ambience key=none zone=basement_1
AUDIO ambience key=amb_town zone=zone_7
AUDIO ambience key=none zone=basement_1
AUDIO ambience key=amb_town zone=zone_7
AUDIO ambience key=none zone=basement_1
AUDIO ambience key=amb_town zone=zone_7
AUDIO ambience key=none zone=basement_1
AUDIO ambience key=amb_town zone=zone_7
AUDIO ambience key=none zone=basement_1
AUDIO ambience key=amb_town zone=zone_7
AUDIO ambience key=none zone=basement_1
AUDIO ambience key=amb_town zone=zone_7
AUDIO ambience key=none zone=basement_1
AUDIO ambience key=amb_town zone=zone_7
AUDIO ambience key=none zone=basement_1
AUDIO ambience key=amb_town zone=zone_7
AUDIO ambience key=none zone=basement_1
AUDIO ambience key=amb_town zone=zone_7
AUDIO ambience key=none zone=basement_1
AUDIO ambience key=amb_town zone=zone_7
AUDIO ambience key=none zone=basement_1
AUDIO ambience key=amb_town zone=zone_7
AUDIO ambience key=none zone=basement_1
AUDIO ambience key=amb_town zone=zone_7
AUDIO ambience key=none zone=basement_1
AUDIO ambience key=amb_town zone=zone_7
AUDIO ambience key=none zone=basement_1
AUDIO ambience key=amb_town zone=zone_7
AUDIO ambience key=none zone=basement_1
AUDIO ambience key=amb_town zone=zone_7
AUDIO ambience key=none zone=basement_1
AUDIO ambience key=amb_town zone=zone_7
AUDIO ambience key=none zone=basement_1
AUDIO ambience key=amb_town zone=zone_7
AUDIO ambience key=none zone=basement_1
AUDIO ambience key=amb_town zone=zone_7
AUDIO ambience key=none zone=basement_1
AUDIO ambience key=amb_town zone=zone_7
AUDIO ambience key=none zone=basement_1
AUDIO ambience key=amb_town zone=zone_7
AUDIO ambience key=none zone=basement_1
AUDIO ambience key=amb_town zone=zone_7
AUDIO ambience key=none zone=basement_1
AUDIO ambience key=amb_town zone=zone_7
AUDIO ambience key=none zone=basement_1
AUDIO ambience key=amb_town zone=zone_7
AUDIO ambience key=none zone=basement_1
AUDIO ambience key=amb_town zone=zone_7
AUDIO ambience key=none zone=basement_1
AUDIO ambience key=amb_town zone=zone_7
AUDIO ambience key=none zone=basement_1
AUDIO ambience key=amb_town zone=zone_7
AUDIO ambience key=none zone=basement_1
AUDIO ambience key=amb_town zone=zone_7
AUDIO ambience key=none zone=basement_1
AUDIO ambience key=amb_town zone=zone_7
AUDIO ambience key=none zone=basement_1
AUDIO ambience key=amb_town zone=zone_7
AUDIO ambience key=none zone=basement_1
AUDIO ambience key=amb_town zone=zone_7
AUDIO ambience key=none zone=basement_1
AUDIO ambience key=amb_town zone=zone_7
AUDIO ambience key=none zone=basement_1
AUDIO ambience key=amb_town zone=zone_7
AUDIO ambience key=none zone=basement_1
AUDIO ambience key=amb_town zone=zone_7
AUDIO ambience key=none zone=basement_1
AUDIO ambience key=amb_town zone=zone_7
AUDIO ambience key=none zone=basement_1
AUDIO ambience key=amb_town zone=zone_7
AUDIO ambience key=none zone=basement_1
AUDIO ambience key=amb_town zone=zone_7
AUDIO ambience key=none zone=basement_1
AUDIO ambience key=amb_town zone=zone_7
AUDIO ambience key=none zone=basement_1
AUDIO ambience key=amb_town zone=zone_7
AUDIO ambience key=none zone=basement_1
AUDIO ambience key=amb_town zone=zone_7
AUDIO ambience key=none zone=basement_1
AUDIO ambience key=amb_town zone=zone_7
AUDIO ambience key=none zone=basement_1
AUDIO ambience key=amb_town zone=zone_7
AUDIO ambience key=none zone=basement_1
AUDIO ambience key=amb_town zone=zone_7
AUDIO ambience key=none zone=basement_1
AUDIO ambience key=amb_town zone=zone_7
AUDIO ambience key=none zone=basement_1
AUDIO ambience key=amb_town zone=zone_7
AUDIO ambience key=none zone=basement_1
AUDIO ambience key=amb_town zone=zone_7
AUDIO ambience key=none zone=basement_1
AUDIO ambience key=amb_town zone=zone_7
AUDIO ambience key=none zone=basement_1
AUDIO ambience key=amb_town zone=zone_7
AUDIO ambience key=none zone=basement_1
AUDIO ambience key=amb_town zone=zone_7
AUDIO ambience key=none zone=basement_1
AUDIO ambience key=amb_town zone=zone_7
AUDIO ambience key=none zone=basement_1
AUDIO ambience key=amb_town zone=zone_7
AUDIO ambience key=none zone=basement_1
AUDIO ambience key=amb_town zone=zone_7
AUDIO ambience key=none zone=basement_1
AUDIO ambience key=amb_town zone=zone_7
AUDIO ambience key=none zone=basement_1
AUDIO ambience key=amb_town zone=zone_7
AUDIO ambience key=none zone=basement_1
AUDIO ambience key=amb_town zone=zone_7
AUDIO ambience key=none zone=basement_1
AUDIO ambience key=amb_town zone=zone_7
AUDIO ambience key=none zone=basement_1
AUDIO ambience key=amb_town zone=zone_7
AUDIO ambience key=none zone=basement_1
AUDIO ambience key=amb_town zone=zone_7
AUDIO ambience key=none zone=basement_1
AUDIO ambience key=amb_town zone=zone_7
AUDIO ambience key=none zone=basement_1
AUDIO ambience key=amb_town zone=zone_7
AUDIO ambience key=none zone=basement_1
AUDIO ambience key=amb_town zone=zone_7
AUDIO ambience key=none zone=basement_1
AUDIO ambience key=amb_town zone=zone_7
AUDIO ambience key=none zone=basement_1
AUDIO ambience key=amb_town zone=zone_7
AUDIO ambience key=none zone=basement_1
AUDIO ambience key=amb_town zone=zone_7
AUDIO ambience key=none zone=basement_1
AUDIO ambience key=amb_town zone=zone_7
AUDIO ambience key=none zone=basement_1
AUDIO ambience key=amb_town zone=zone_7
AUDIO ambience key=none zone=basement_1
AUDIO ambience key=amb_town zone=zone_7
AUDIO ambience key=none zone=basement_1
AUDIO ambience key=amb_town zone=zone_7
AUDIO ambience key=none zone=basement_1
AUDIO ambience key=amb_town zone=zone_7
AUDIO ambience key=none zone=basement_1
AUDIO ambience key=amb_town zone=zone_7
AUDIO ambience key=none zone=basement_1
AUDIO ambience key=amb_town zone=zone_7
AUDIO ambience key=none zone=basement_1
AUDIO ambience key=amb_town zone=zone_7
AUDIO ambience key=none zone=basement_1
AUDIO ambience key=amb_town zone=zone_7
AUDIO ambience key=none zone=basement_1
AUDIO ambience key=amb_town zone=zone_7
AUDIO ambience key=none zone=basement_1
AUDIO ambience key=amb_town zone=zone_7
AUDIO ambience key=none zone=basement_1
AUDIO ambience key=amb_town zone=zone_7
AUDIO ambience key=none zone=basement_1
AUDIO ambience key=amb_town zone=zone_7
AUDIO ambience key=none zone=basement_1
AUDIO ambience key=amb_town zone=zone_7
AUDIO ambience key=none zone=basement_1
AUDIO ambience key=amb_town zone=zone_7
AUDIO ambience key=none zone=basement_1
AUDIO ambience key=amb_town zone=zone_7
AUDIO ambience key=none zone=basement_1
AUDIO ambience key=amb_town zone=zone_7
AUDIO ambience key=none zone=basement_1
AUDIO ambience key=amb_town zone=zone_7
AUDIO ambience key=none zone=basement_1
AUDIO ambience key=amb_town zone=zone_7
AUDIO ambience key=none zone=basement_1
AUDIO ambience key=amb_town zone=zone_7
AUDIO ambience key=none zone=basement_1
AUDIO ambience key=amb_town zone=zone_7
AUDIO ambience key=none zone=basement_1
AUDIO ambience key=amb_town zone=zone_7
AUDIO ambience key=none zone=basement_1
AUDIO ambience key=amb_town zone=zone_7
AUDIO ambience key=none zone=basement_1
AUDIO ambience key=amb_town zone=zone_7
AUDIO ambience key=none zone=basement_1
AUDIO ambience key=amb_town zone=zone_7
AUDIO ambience key=none zone=basement_1
AUDIO ambience key=amb_town zone=zone_7
AUDIO ambience key=none zone=basement_1
AUDIO ambience key=amb_town zone=zone_7
AUDIO ambience key=none zone=basement_1
AUDIO ambience key=amb_town zone=zone_7
AUDIO ambience key=none zone=basement_1
AUDIO ambience key=amb_town zone=zone_7
AUDIO ambience key=none zone=basement_1
AUDIO ambience key=amb_town zone=zone_7
AUDIO ambience key=none zone=basement_1
AUDIO ambience key=amb_town zone=zone_7
AUDIO ambience key=none zone=basement_1
AUDIO ambience key=amb_town zone=zone_7
AUDIO ambience key=none zone=basement_1
AUDIO ambience key=amb_town zone=zone_7
AUDIO ambience key=none zone=basement_1
AUDIO ambience key=amb_town zone=zone_7
AUDIO ambience key=none zone=basement_1
AUDIO ambience key=amb_town zone=zone_7
AUDIO ambience key=none zone=basement_1
AUDIO ambience key=amb_town zone=zone_7
AUDIO ambience key=none zone=basement_1
AUDIO ambience key=amb_town zone=zone_7
AUDIO ambience key=none zone=basement_1
AUDIO ambience key=amb_town zone=zone_7
AUDIO ambience key=none zone=basement_1
AUDIO ambience key=amb_town zone=zone_7
AUDIO ambience key=none zone=basement_1
AUDIO ambience key=amb_town zone=zone_7
AUDIO ambience key=none zone=basement_1
AUDIO ambience key=amb_town zone=zone_7
AUDIO ambience key=none zone=basement_1
AUDIO ambience key=amb_town zone=zone_7
AUDIO ambience key=none zone=basement_1
AUDIO ambience key=amb_town zone=zone_7
AUDIO ambience key=none zone=basement_1
AUDIO ambience key=amb_town zone=zone_7
AUDIO ambience key=none zone=basement_1
AUDIO ambience key=amb_town zone=zone_7
AUDIO ambience key=none zone=basement_1
AUDIO ambience key=amb_town zone=zone_7
AUDIO ambience key=none zone=basement_1
AUDIO ambience key=amb_town zone=zone_7
AUDIO ambience key=none zone=basement_1
AUDIO ambience key=amb_town zone=zone_7
AUDIO ambience key=none zone=basement_1
AUDIO ambience key=amb_town zone=zone_7
AUDIO ambience key=none zone=basement_1
AUDIO ambience key=amb_town zone=zone_7
AUDIO ambience key=none zone=basement_1
AUDIO ambience key=amb_town zone=zone_7
AUDIO ambience key=none zone=basement_1
AUDIO ambience key=amb_town zone=zone_7
AUDIO ambience key=none zone=basement_1
AUDIO ambience key=amb_town zone=zone_7
AUDIO ambience key=none zone=basement_1
AUDIO ambience key=amb_town zone=zone_7
AUDIO ambience key=none zone=basement_1
AUDIO ambience key=amb_town zone=zone_7
AUDIO ambience key=none zone=basement_1
AUDIO ambience key=amb_town zone=zone_7
AUDIO ambience key=none zone=basement_1
AUDIO ambience key=amb_town zone=zone_7
AUDIO ambience key=none zone=basement_1
AUDIO ambience key=amb_town zone=zone_7
AUDIO ambience key=none zone=basement_1
AUDIO ambience key=amb_town zone=zone_7
AUDIO ambience key=none zone=basement_1
AUDIO ambience key=amb_town zone=zone_7
AUDIO ambience key=none zone=basement_1
AUDIO ambience key=amb_town zone=zone_7
AUDIO ambience key=none zone=basement_1
AUDIO ambience key=amb_town zone=zone_7
AUDIO ambience key=none zone=basement_1
AUDIO ambience key=amb_town zone=zone_7
AUDIO ambience key=none zone=basement_1
AUDIO ambience key=amb_town zone=zone_7
AUDIO ambience key=none zone=basement_1
AUDIO ambience key=amb_town zone=zone_7
AUDIO ambience key=none zone=basement_1
AUDIO ambience key=amb_town zone=zone_7
AUDIO ambience key=none zone=basement_1
AUDIO ambience key=amb_town zone=zone_7
AUDIO ambience key=none zone=basement_1
AUDIO ambience key=amb_town zone=zone_7
AUDIO ambience key=none zone=basement_1
AUDIO ambience key=amb_town zone=zone_7
AUDIO ambience key=none zone=basement_1
AUDIO ambience key=amb_town zone=zone_7
AUDIO ambience key=none zone=basement_1
AUDIO ambience key=amb_town zone=zone_7
AUDIO ambience key=none zone=basement_1
AUDIO ambience key=amb_town zone=zone_7
AUDIO footstep material=stone zone=zone_7
AUDIO footstep material=wood zone=zone_7
AUDIO ambience key=none zone=basement_2
AUDIO ambience key=amb_town zone=zone_7
AUDIO ambience key=none zone=basement_2
AUDIO ambience key=amb_town zone=zone_7
AUDIO ambience key=none zone=basement_2
AUDIO ambience key=amb_town zone=zone_7
AUDIO ambience key=none zone=basement_2
AUDIO ambience key=amb_town zone=zone_7
AUDIO ambience key=none zone=basement_2
AUDIO ambience key=amb_town zone=zone_7
AUDIO ambience key=none zone=basement_2
AUDIO ambience key=amb_town zone=zone_7
AUDIO ambience key=none zone=basement_2
AUDIO ambience key=amb_town zone=zone_7
AUDIO ambience key=none zone=basement_2
AUDIO ambience key=amb_town zone=zone_7
AUDIO ambience key=none zone=basement_2
AUDIO ambience key=amb_town zone=zone_7
AUDIO ambience key=none zone=basement_2
AUDIO ambience key=amb_town zone=zone_7
AUDIO ambience key=none zone=basement_2
AUDIO ambience key=amb_town zone=zone_7
AUDIO ambience key=none zone=basement_2
AUDIO ambience key=amb_town zone=zone_7
AUDIO ambience key=none zone=basement_2
AUDIO ambience key=amb_town zone=zone_7
AUDIO ambience key=none zone=basement_2
AUDIO ambience key=amb_town zone=zone_7
AUDIO ambience key=none zone=basement_2
AUDIO ambience key=amb_town zone=zone_7
AUDIO ambience key=none zone=basement_2
AUDIO ambience key=amb_town zone=zone_7
AUDIO ambience key=none zone=basement_2
AUDIO ambience key=amb_town zone=zone_7
AUDIO ambience key=none zone=basement_2
AUDIO ambience key=amb_town zone=zone_7
AUDIO ambience key=none zone=basement_2
AUDIO ambience key=amb_town zone=zone_7
AUDIO ambience key=none zone=basement_2
AUDIO ambience key=amb_town zone=zone_7
AUDIO ambience key=none zone=basement_2
AUDIO ambience key=amb_town zone=zone_7
AUDIO ambience key=none zone=basement_2
AUDIO ambience key=amb_town zone=zone_7
AUDIO ambience key=none zone=basement_2
AUDIO ambience key=amb_town zone=zone_7
AUDIO ambience key=none zone=basement_2
AUDIO ambience key=amb_town zone=zone_7
AUDIO ambience key=none zone=basement_2
AUDIO ambience key=amb_town zone=zone_7
AUDIO ambience key=none zone=basement_2
AUDIO ambience key=amb_town zone=zone_7
AUDIO ambience key=none zone=basement_2
AUDIO ambience key=amb_town zone=zone_7
AUDIO ambience key=none zone=basement_2
AUDIO ambience key=amb_town zone=zone_7
AUDIO ambience key=none zone=basement_2
AUDIO ambience key=amb_town zone=zone_7
AUDIO ambience key=none zone=basement_2
AUDIO ambience key=amb_town zone=zone_7
AUDIO ambience key=none zone=basement_2
AUDIO ambience key=amb_town zone=zone_7
AUDIO ambience key=none zone=basement_2
AUDIO ambience key=amb_town zone=zone_7
AUDIO ambience key=none zone=basement_2
AUDIO ambience key=amb_town zone=zone_7
AUDIO ambience key=none zone=basement_2
AUDIO ambience key=amb_town zone=zone_7
AUDIO ambience key=none zone=basement_2
AUDIO ambience key=amb_town zone=zone_7
AUDIO ambience key=none zone=basement_2
AUDIO ambience key=amb_town zone=zone_7
AUDIO ambience key=none zone=basement_2
AUDIO ambience key=amb_town zone=zone_7
AUDIO ambience key=none zone=basement_2
AUDIO ambience key=amb_town zone=zone_7
AUDIO ambience key=none zone=basement_2
AUDIO ambience key=amb_town zone=zone_7
AUDIO ambience key=none zone=basement_2
AUDIO ambience key=amb_town zone=zone_7
AUDIO ambience key=none zone=basement_2
AUDIO ambience key=amb_town zone=zone_7
AUDIO ambience key=none zone=basement_2
AUDIO ambience key=amb_town zone=zone_7
AUDIO ambience key=none zone=basement_2
AUDIO ambience key=amb_town zone=zone_7
AUDIO ambience key=none zone=basement_2
AUDIO ambience key=amb_town zone=zone_7
AUDIO ambience key=none zone=basement_2
AUDIO ambience key=amb_town zone=zone_7
AUDIO ambience key=none zone=basement_2
AUDIO ambience key=amb_town zone=zone_7
AUDIO ambience key=none zone=basement_2
AUDIO ambience key=amb_town zone=zone_7
AUDIO ambience key=none zone=basement_2
AUDIO ambience key=amb_town zone=zone_7
AUDIO ambience key=none zone=basement_2
AUDIO ambience key=amb_town zone=zone_7
AUDIO ambience key=none zone=basement_2
AUDIO ambience key=amb_town zone=zone_7
AUDIO ambience key=none zone=basement_2
AUDIO ambience key=amb_town zone=zone_7
AUDIO ambience key=none zone=basement_2
AUDIO ambience key=amb_town zone=zone_7
AUDIO ambience key=none zone=basement_2
AUDIO ambience key=amb_town zone=zone_7
AUDIO ambience key=none zone=basement_2
AUDIO ambience key=amb_town zone=zone_7
AUDIO ambience key=none zone=basement_2
AUDIO ambience key=amb_town zone=zone_7
AUDIO ambience key=none zone=basement_2
AUDIO ambience key=amb_town zone=zone_7
AUDIO ambience key=none zone=basement_2
AUDIO ambience key=amb_town zone=zone_7
AUDIO ambience key=none zone=basement_2
AUDIO ambience key=amb_town zone=zone_7
AUDIO ambience key=none zone=basement_2
AUDIO ambience key=amb_town zone=zone_7
AUDIO ambience key=none zone=basement_2
AUDIO ambience key=amb_town zone=zone_7
AUDIO ambience key=none zone=basement_2
AUDIO ambience key=amb_town zone=zone_7
AUDIO ambience key=none zone=basement_2
AUDIO ambience key=amb_town zone=zone_7
AUDIO ambience key=none zone=basement_2
AUDIO ambience key=amb_town zone=zone_7
AUDIO ambience key=none zone=basement_2
AUDIO ambience key=amb_town zone=zone_7
AUDIO ambience key=none zone=basement_2
AUDIO ambience key=amb_town zone=zone_7
AUDIO ambience key=none zone=basement_2
AUDIO ambience key=amb_town zone=zone_7
AUDIO ambience key=none zone=basement_2
AUDIO ambience key=amb_town zone=zone_7
AUDIO ambience key=none zone=basement_2
AUDIO ambience key=amb_town zone=zone_7
AUDIO ambience key=none zone=basement_2
AUDIO ambience key=amb_town zone=zone_7
AUDIO ambience key=none zone=basement_2
AUDIO ambience key=amb_town zone=zone_7
AUDIO ambience key=none zone=basement_2
AUDIO ambience key=amb_town zone=zone_7
AUDIO ambience key=none zone=basement_2
AUDIO ambience key=amb_town zone=zone_7
AUDIO ambience key=none zone=basement_2
AUDIO ambience key=amb_town zone=zone_7
AUDIO ambience key=none zone=basement_2
AUDIO ambience key=amb_town zone=zone_7
AUDIO ambience key=none zone=basement_2
AUDIO ambience key=amb_town zone=zone_7
AUDIO ambience key=none zone=basement_2
AUDIO ambience key=amb_town zone=zone_7
AUDIO ambience key=none zone=basement_2
AUDIO ambience key=amb_town zone=zone_7
AUDIO ambience key=none zone=basement_2
AUDIO ambience key=amb_town zone=zone_7
AUDIO ambience key=none zone=basement_2
AUDIO ambience key=amb_town zone=zone_7
AUDIO ambience key=none zone=basement_2
AUDIO ambience key=amb_town zone=zone_7
AUDIO ambience key=none zone=basement_2
AUDIO ambience key=amb_town zone=zone_7
AUDIO ambience key=none zone=basement_2
AUDIO ambience key=amb_town zone=zone_7
AUDIO ambience key=none zone=basement_2
AUDIO ambience key=amb_town zone=zone_7
AUDIO ambience key=none zone=basement_2
AUDIO ambience key=amb_town zone=zone_7
AUDIO ambience key=none zone=basement_2
AUDIO ambience key=amb_town zone=zone_7
AUDIO ambience key=none zone=basement_2
AUDIO ambience key=amb_town zone=zone_7
AUDIO ambience key=none zone=basement_2
AUDIO ambience key=amb_town zone=zone_7
AUDIO ambience key=none zone=basement_2
AUDIO ambience key=amb_town zone=zone_7
AUDIO ambience key=none zone=basement_2
AUDIO ambience key=amb_town zone=zone_7
AUDIO ambience key=none zone=basement_2
AUDIO ambience key=amb_town zone=zone_7
AUDIO ambience key=none zone=basement_2
AUDIO ambience key=amb_town zone=zone_7
AUDIO ambience key=none zone=basement_2
AUDIO ambience key=amb_town zone=zone_7
AUDIO ambience key=none zone=basement_2
AUDIO ambience key=amb_town zone=zone_7
AUDIO ambience key=none zone=basement_2
AUDIO ambience key=amb_town zone=zone_7
AUDIO ambience key=none zone=basement_2
AUDIO ambience key=amb_town zone=zone_7
AUDIO ambience key=none zone=basement_2
AUDIO ambience key=amb_town zone=zone_7
AUDIO ambience key=none zone=basement_2
AUDIO ambience key=amb_town zone=zone_7
AUDIO ambience key=none zone=basement_2
AUDIO ambience key=amb_town zone=zone_7
AUDIO ambience key=none zone=basement_2
AUDIO ambience key=amb_town zone=zone_7
AUDIO ambience key=none zone=basement_2
AUDIO ambience key=amb_town zone=zone_7
AUDIO ambience key=none zone=basement_2
AUDIO ambience key=amb_town zone=zone_7
AUDIO ambience key=none zone=basement_2
AUDIO ambience key=amb_town zone=zone_7
AUDIO ambience key=none zone=basement_2
AUDIO ambience key=amb_town zone=zone_7
AUDIO ambience key=none zone=basement_2
AUDIO ambience key=amb_town zone=zone_7
AUDIO ambience key=none zone=basement_2
AUDIO ambience key=amb_town zone=zone_7
AUDIO ambience key=none zone=basement_2
AUDIO ambience key=amb_town zone=zone_7
AUDIO ambience key=none zone=basement_2
AUDIO ambience key=amb_town zone=zone_7
AUDIO ambience key=none zone=basement_2
AUDIO ambience key=amb_town zone=zone_7
AUDIO ambience key=none zone=basement_2
AUDIO ambience key=amb_town zone=zone_7
AUDIO ambience key=none zone=basement_2
AUDIO ambience key=amb_town zone=zone_7
AUDIO ambience key=none zone=basement_2
AUDIO ambience key=amb_town zone=zone_7
AUDIO ambience key=none zone=basement_2
AUDIO ambience key=amb_town zone=zone_7
AUDIO ambience key=none zone=basement_2
AUDIO ambience key=amb_town zone=zone_7
AUDIO ambience key=none zone=basement_2
AUDIO ambience key=amb_town zone=zone_7
AUDIO ambience key=none zone=basement_2
AUDIO ambience key=amb_town zone=zone_7
AUDIO ambience key=none zone=basement_2
AUDIO ambience key=amb_town zone=zone_7
AUDIO ambience key=none zone=basement_2
AUDIO ambience key=amb_town zone=zone_7
AUDIO ambience key=none zone=basement_2
AUDIO ambience key=amb_town zone=zone_7
AUDIO ambience key=none zone=basement_2
AUDIO ambience key=amb_town zone=zone_7
AUDIO ambience key=none zone=basement_2
AUDIO ambience key=amb_town zone=zone_7
AUDIO ambience key=none zone=basement_2
AUDIO ambience key=amb_town zone=zone_7
AUDIO ambience key=none zone=basement_2
AUDIO ambience key=amb_town zone=zone_7
AUDIO ambience key=none zone=basement_2
AUDIO ambience key=amb_town zone=zone_7
AUDIO ambience key=none zone=basement_2
AUDIO ambience key=amb_town zone=zone_7
AUDIO ambience key=none zone=basement_2
AUDIO ambience key=amb_town zone=zone_7
AUDIO ambience key=none zone=basement_2
AUDIO ambience key=amb_town zone=zone_7
AUDIO ambience key=none zone=basement_2
AUDIO ambience key=amb_town zone=zone_7
AUDIO ambience key=none zone=basement_2
AUDIO ambience key=amb_town zone=zone_7
AUDIO ambience key=none zone=basement_2
AUDIO ambience key=amb_town zone=zone_7
AUDIO ambience key=none zone=basement_2
AUDIO ambience key=amb_town zone=zone_7
AUDIO ambience key=none zone=basement_2
AUDIO ambience key=amb_town zone=zone_7
AUDIO ambience key=none zone=basement_2
AUDIO ambience key=amb_town zone=zone_7
AUDIO ambience key=none zone=basement_2
AUDIO ambience key=amb_town zone=zone_7
AUDIO ambience key=none zone=basement_2
AUDIO ambience key=amb_town zone=zone_7
AUDIO ambience key=none zone=basement_2
AUDIO ambience key=amb_town zone=zone_7
AUDIO ambience key=none zone=basement_2
AUDIO ambience key=amb_town zone=zone_7
AUDIO ambience key=none zone=basement_2
AUDIO ambience key=amb_town zone=zone_7
AUDIO ambience key=none zone=basement_2
AUDIO ambience key=amb_town zone=zone_7
AUDIO ambience key=none zone=basement_2
AUDIO ambience key=amb_town zone=zone_7
AUDIO ambience key=none zone=basement_2
AUDIO ambience key=amb_town zone=zone_7
AUDIO ambience key=none zone=basement_2
AUDIO ambience key=amb_town zone=zone_7
AUDIO ambience key=none zone=basement_2
AUDIO ambience key=amb_town zone=zone_7
AUDIO ambience key=none zone=basement_2
AUDIO ambience key=amb_town zone=zone_7
AUDIO ambience key=none zone=basement_2
AUDIO ambience key=amb_town zone=zone_7
AUDIO ambience key=none zone=basement_2
AUDIO ambience key=amb_town zone=zone_7
AUDIO ambience key=none zone=basement_2
AUDIO ambience key=amb_town zone=zone_7
AUDIO ambience key=none zone=basement_2
AUDIO ambience key=amb_town zone=zone_7
AUDIO ambience key=none zone=basement_2
AUDIO ambience key=amb_town zone=zone_7
AUDIO ambience key=none zone=basement_2
AUDIO ambience key=amb_town zone=zone_7
AUDIO ambience key=none zone=basement_2
AUDIO ambience key=amb_town zone=zone_7
AUDIO ambience key=none zone=basement_2
AUDIO ambience key=amb_town zone=zone_7
AUDIO ambience key=none zone=basement_2
AUDIO ambience key=amb_town zone=zone_7
AUDIO ambience key=none zone=basement_2
AUDIO ambience key=amb_town zone=zone_7
AUDIO ambience key=none zone=basement_2
AUDIO ambience key=amb_town zone=zone_7
AUDIO ambience key=none zone=basement_2
AUDIO ambience key=amb_town zone=zone_7
AUDIO ambience key=none zone=basement_2
AUDIO ambience key=amb_town zone=zone_7
AUDIO ambience key=none zone=basement_2
AUDIO ambience key=amb_town zone=zone_7
AUDIO ambience key=none zone=basement_2
AUDIO ambience key=amb_town zone=zone_7
AUDIO ambience key=none zone=basement_2
AUDIO ambience key=amb_town zone=zone_7
AUDIO ambience key=none zone=basement_2
AUDIO ambience key=amb_town zone=zone_7
AUDIO ambience key=none zone=basement_2
AUDIO ambience key=amb_town zone=zone_7
AUDIO ambience key=none zone=basement_2
AUDIO ambience key=amb_town zone=zone_7
AUDIO ambience key=none zone=basement_2
AUDIO ambience key=amb_town zone=zone_7
AUDIO ambience key=none zone=basement_2
AUDIO ambience key=amb_town zone=zone_7
AUDIO ambience key=none zone=basement_2
AUDIO ambience key=amb_town zone=zone_7
AUDIO ambience key=none zone=basement_2
AUDIO ambience key=amb_town zone=zone_7
AUDIO ambience key=none zone=basement_2
AUDIO ambience key=amb_town zone=zone_7
AUDIO ambience key=none zone=basement_2
AUDIO ambience key=amb_town zone=zone_7
AUDIO ambience key=none zone=basement_2
AUDIO ambience key=amb_town zone=zone_7
AUDIO ambience key=none zone=basement_2
AUDIO ambience key=amb_town zone=zone_7
AUDIO ambience key=none zone=basement_2
AUDIO ambience key=amb_town zone=zone_7
AUDIO ambience key=none zone=basement_2
AUDIO ambience key=amb_town zone=zone_7
AUDIO ambience key=none zone=basement_2
AUDIO ambience key=amb_town zone=zone_7
AUDIO ambience key=none zone=basement_2
AUDIO ambience key=amb_town zone=zone_7
AUDIO ambience key=none zone=basement_2
AUDIO ambience key=amb_town zone=zone_7
AUDIO ambience key=none zone=basement_2
AUDIO ambience key=amb_town zone=zone_7
AUDIO ambience key=none zone=basement_2
AUDIO ambience key=amb_town zone=zone_7
AUDIO ambience key=none zone=basement_2
AUDIO ambience key=amb_town zone=zone_7
AUDIO ambience key=none zone=basement_2
AUDIO ambience key=amb_town zone=zone_7
AUDIO ambience key=none zone=basement_2
AUDIO ambience key=amb_town zone=zone_7
AUDIO ambience key=none zone=basement_2
AUDIO ambience key=amb_town zone=zone_7
AUDIO ambience key=none zone=basement_2
AUDIO ambience key=amb_town zone=zone_7
AUDIO ambience key=none zone=basement_2
AUDIO ambience key=amb_town zone=zone_7
AUDIO ambience key=none zone=basement_2
AUDIO ambience key=amb_town zone=zone_7
AUDIO ambience key=none zone=basement_2
AUDIO ambience key=amb_town zone=zone_7
AUDIO ambience key=none zone=basement_2
AUDIO ambience key=amb_town zone=zone_7
AUDIO footstep material=stone zone=zone_7
AUDIO footstep material=water zone=zone_7
AUDIO footstep material=stone zone=zone_7
AUDIO footstep material=water zone=zone_7
AUDIO footstep material=stone zone=zone_7
AUDIO footstep material=water zone=zone_7
AUDIO ambience key=amb_dungeon zone=dungeon_1
AUDIO footstep material=stone zone=dungeon_1
AUDIO ambience key=none zone=zone_8
AUDIO footstep material=dirt zone=zone_8
AUDIO footstep material=grass zone=zone_8
AUDIO footstep material=dirt zone=zone_8
AUDIO footstep material=grass zone=zone_8
AUDIO footstep material=dirt zone=zone_8
AUDIO footstep material=grass zone=zone_8
AUDIO footstep material=water zone=zone_8
AUDIO footstep material=dirt zone=zone_8
AUDIO footstep material=grass zone=zone_8
AUDIO footstep material=wood zone=zone_8
AUDIO footstep material=grass zone=zone_8
AUDIO footstep material=dirt zone=zone_8
AUDIO footstep material=water zone=zone_8
AUDIO footstep material=dirt zone=zone_8
AUDIO footstep material=grass zone=zone_8
AUDIO footstep material=dirt zone=zone_8
AUDIO footstep material=grass zone=zone_8
AUDIO footstep material=dirt zone=zone_8
AUDIO footstep material=grass zone=zone_8
AUDIO footstep material=dirt zone=zone_8
AUDIO footstep material=grass zone=zone_8
AUDIO footstep material=dirt zone=zone_8
AUDIO footstep material=grass zone=zone_8
AUDIO footstep material=dirt zone=zone_8
AUDIO footstep material=grass zone=zone_8
AUDIO footstep material=dirt zone=zone_8
AUDIO footstep material=grass zone=zone_8
AUDIO footstep material=dirt zone=zone_8
AUDIO footstep material=grass zone=zone_8
AUDIO footstep material=dirt zone=zone_8
AUDIO footstep material=water zone=zone_8
AUDIO footstep material=dirt zone=zone_8
AUDIO footstep material=water zone=zone_8
AUDIO footstep material=dirt zone=zone_8
AUDIO footstep material=water zone=zone_8
AUDIO footstep material=dirt zone=zone_8
AUDIO ambience key=amb_dungeon zone=dungeon_1
AUDIO footstep material=stone zone=dungeon_1
AUDIO ambience key=amb_meadow zone=zone_7
TELEMETRY d1_fired carrying_deaths=27 wipes=9 corpse_looted=8 carried_lost=17 banked_events=10 fights=64 recovery_fights=4 negative_fights=14
TELEMETRY a2_fired wipes=9 body_deaths=46 retargets{hate=45 lowhp=193 proximity=41 acquired=639 challenged=159} leashes=262 deepest_band=2 banked=10
TELEMETRY d1b_fired inscriptions=17 marks_consumed=20 dissolved=5 regrown=24 tributes=18 floor_fired=2 banked_spent{inscribe=136 tribute=334} banked_end=208
TELEMETRY q6_cadence banks{n=10 mean=36 max=110} kills_by_band{b0=28 b1=76 b2=116}
TELEMETRY density pockets{mean=3.9 max=31} arrivals{pocket=172 seed=81 home=0} singles_pct=25
TELEMETRY arc breach{fired=0 first_frame=0 banked_after=0} rehomed=3 camp_visits=2 d2{entered=1 kills=107} seal2_breached=0
TELEMETRY q6_margins banks{n=10 pure=3} amount{mean=36 max=110} hp{mean=0.51} dead{mean=0.6} wounded{mean=1.5} gap{mean_s=239}
TELEMETRY v13 whirl{casts=16 hits{1=2 2=0 3=0 4=0 5plus=0} kills=1} challenge{casts=52 retargets=159}
TELEMETRY drift thirds{k1=69 k2=113 k3=120} pockets{p1=4.3 p2=6.1 p3=15.6} span_thirds{k1=69 k2=113 k3=120 span=139902}
TELEMETRY v14 telegraphs_shown=92 first_special{striker=7687 blocker=1098 lobber=4374}
TELEMETRY quay entries=13 frames=25427 kills=67 deaths=11 banked_after{events=5 amount=285}
TELEMETRY varekka engaged=1 chants=1 interrupted=1 seized=0 swap_escapes=0 slain=1 deaths_while_seized=0 burns=0 ends{expired=0 slain=0 died=0 zone_left=0 wiped=0}
TELEMETRY sustain bought=21 used=21 refused=147 reasons{at_cap=15 broke=0 none=131 no_effect=1 seat_race=0}
TELEMETRY totem heals=8 pulses=19
TELEMETRY progression level=13 xp=1740 kills_xp=11581
TELEMETRY persist saved digest=f9ff646af10dd5b2ce45e44842e86255 schema=2 banked=208 provisions=0 seals=5 marks=0 sessions=19
TELEMETRY netplay seat=1 ticks=141586 desyncs=0 stalls=718 stall_ms_max=85 reason=quit d=9 link_slow=false run_ms=2364321 stall_run_max=6 stall_worst_run=6
relaunch: bin/play --host 43117
AUDIO drift anchor tick=0 engine_pcm=23732640 tick_frames=800
AUDIO drift tick=0 engine_pcm=23732640 expected=23732640 drift_frames=0
AUDIO drift tick=1800 engine_pcm=25214880 expected=25172640 drift_frames=42240
AUDIO drift tick=3600 engine_pcm=26654880 expected=26612640 drift_frames=42240
AUDIO drift tick=5400 engine_pcm=28095840 expected=28052640 drift_frames=43200
AUDIO drift tick=7200 engine_pcm=29620800 expected=29492640 drift_frames=128160
AUDIO drift tick=9000 engine_pcm=31060800 expected=30932640 drift_frames=128160
AUDIO drift tick=10800 engine_pcm=32501280 expected=32372640 drift_frames=128640
AUDIO drift tick=12600 engine_pcm=33940800 expected=33812640 drift_frames=128160
AUDIO drift tick=14400 engine_pcm=35380800 expected=35252640 drift_frames=128160
AUDIO drift tick=16200 engine_pcm=36826560 expected=36692640 drift_frames=133920
AUDIO drift tick=18000 engine_pcm=38264640 expected=38132640 drift_frames=132000
AUDIO drift tick=19800 engine_pcm=39705120 expected=39572640 drift_frames=132480
AUDIO drift tick=21600 engine_pcm=41207520 expected=41012640 drift_frames=194880
AUDIO drift tick=23400 engine_pcm=42717600 expected=42452640 drift_frames=264960
AUDIO drift tick=25200 engine_pcm=44158080 expected=43892640 drift_frames=265440
AUDIO drift tick=27000 engine_pcm=45596160 expected=45332640 drift_frames=263520
AUDIO drift tick=28800 engine_pcm=47036160 expected=46772640 drift_frames=263520
AUDIO drift tick=30600 engine_pcm=48476640 expected=48212640 drift_frames=264000
AUDIO drift tick=32400 engine_pcm=49916640 expected=49652640 drift_frames=264000
AUDIO drift tick=34200 engine_pcm=51356160 expected=51092640 drift_frames=263520
AUDIO drift tick=36000 engine_pcm=52797120 expected=52532640 drift_frames=264480
AUDIO drift tick=37800 engine_pcm=54236640 expected=53972640 drift_frames=264000
AUDIO drift tick=39600 engine_pcm=55677120 expected=55412640 drift_frames=264480
AUDIO drift tick=41400 engine_pcm=57115680 expected=56852640 drift_frames=263040
AUDIO drift tick=43200 engine_pcm=58553280 expected=58292640 drift_frames=260640
AUDIO drift tick=45000 engine_pcm=59993760 expected=59732640 drift_frames=261120
AUDIO drift tick=46800 engine_pcm=61432320 expected=61172640 drift_frames=259680
AUDIO drift tick=48600 engine_pcm=62876640 expected=62612640 drift_frames=264000
AUDIO drift tick=50400 engine_pcm=64314720 expected=64052640 drift_frames=262080
AUDIO drift tick=52200 engine_pcm=65753280 expected=65492640 drift_frames=260640
AUDIO drift tick=54000 engine_pcm=67193760 expected=66932640 drift_frames=261120
AUDIO drift tick=55800 engine_pcm=68633280 expected=68372640 drift_frames=260640
AUDIO drift tick=57600 engine_pcm=70074240 expected=69812640 drift_frames=261600
AUDIO drift tick=59400 engine_pcm=71511840 expected=71252640 drift_frames=259200
AUDIO drift tick=61200 engine_pcm=72951360 expected=72692640 drift_frames=258720
AUDIO drift tick=63000 engine_pcm=74391360 expected=74132640 drift_frames=258720
AUDIO drift tick=64800 engine_pcm=75830880 expected=75572640 drift_frames=258240
AUDIO drift tick=66600 engine_pcm=77270400 expected=77012640 drift_frames=257760
AUDIO drift tick=68400 engine_pcm=78715680 expected=78452640 drift_frames=263040
AUDIO drift tick=70200 engine_pcm=80151360 expected=79892640 drift_frames=258720
AUDIO drift tick=72000 engine_pcm=81589920 expected=81332640 drift_frames=257280
AUDIO drift tick=73800 engine_pcm=83028960 expected=82772640 drift_frames=256320
AUDIO drift tick=75600 engine_pcm=84468000 expected=84212640 drift_frames=255360
AUDIO drift tick=77400 engine_pcm=85908960 expected=85652640 drift_frames=256320
AUDIO drift tick=79200 engine_pcm=87348960 expected=87092640 drift_frames=256320
AUDIO drift tick=81000 engine_pcm=88789440 expected=88532640 drift_frames=256800
AUDIO drift tick=82800 engine_pcm=90228480 expected=89972640 drift_frames=255840
AUDIO drift tick=84600 engine_pcm=91666560 expected=91412640 drift_frames=253920
AUDIO drift tick=86400 engine_pcm=93105600 expected=92852640 drift_frames=252960
AUDIO drift tick=88200 engine_pcm=94546080 expected=94292640 drift_frames=253440
AUDIO drift tick=90000 engine_pcm=95987040 expected=95732640 drift_frames=254400
AUDIO drift tick=91800 engine_pcm=97427520 expected=97172640 drift_frames=254880
AUDIO drift tick=93600 engine_pcm=98864160 expected=98612640 drift_frames=251520
AUDIO drift tick=95400 engine_pcm=100302720 expected=100052640 drift_frames=250080
AUDIO drift tick=97200 engine_pcm=101741760 expected=101492640 drift_frames=249120
AUDIO drift tick=99000 engine_pcm=103183680 expected=102932640 drift_frames=251040
AUDIO drift tick=100800 engine_pcm=104621280 expected=104372640 drift_frames=248640
AUDIO drift tick=102600 engine_pcm=106063200 expected=105812640 drift_frames=250560
AUDIO drift tick=104400 engine_pcm=107500800 expected=107252640 drift_frames=248160
AUDIO drift tick=106200 engine_pcm=108940800 expected=108692640 drift_frames=248160
AUDIO drift tick=108000 engine_pcm=110380320 expected=110132640 drift_frames=247680
AUDIO drift tick=109800 engine_pcm=111819840 expected=111572640 drift_frames=247200
AUDIO drift tick=111600 engine_pcm=113265120 expected=113012640 drift_frames=252480
AUDIO drift tick=113400 engine_pcm=114705600 expected=114452640 drift_frames=252960
AUDIO drift tick=115200 engine_pcm=116145120 expected=115892640 drift_frames=252480
AUDIO drift tick=117000 engine_pcm=117600000 expected=117332640 drift_frames=267360
AUDIO drift tick=118800 engine_pcm=119038560 expected=118772640 drift_frames=265920
AUDIO drift tick=120600 engine_pcm=120477600 expected=120212640 drift_frames=264960
AUDIO drift tick=122400 engine_pcm=121916640 expected=121652640 drift_frames=264000
AUDIO drift tick=124200 engine_pcm=123362880 expected=123092640 drift_frames=270240
AUDIO drift tick=126000 engine_pcm=124798080 expected=124532640 drift_frames=265440
AUDIO drift tick=127800 engine_pcm=126238080 expected=125972640 drift_frames=265440
AUDIO drift tick=129600 engine_pcm=127677120 expected=127412640 drift_frames=264480
AUDIO drift tick=131400 engine_pcm=129117600 expected=128852640 drift_frames=264960
AUDIO drift tick=133200 engine_pcm=130556640 expected=130292640 drift_frames=264000
AUDIO drift tick=135000 engine_pcm=131994720 expected=131732640 drift_frames=262080
AUDIO drift tick=136800 engine_pcm=133434720 expected=133172640 drift_frames=262080
AUDIO drift tick=138600 engine_pcm=134874240 expected=134612640 drift_frames=261600
AUDIO drift tick=140400 engine_pcm=136314240 expected=136052640 drift_frames=261600
AUDIO teardown clean (dropped_cues=0)
