AUDIO on: device=1 sha=15f03e0219d6 lib=C:/Users/gabri/workspace/game-two-audio
TELEMETRY persist loaded digest=3a518bccf2b324f9fb1211ed2f7529f0 schema=1 banked=5 provisions=0 seals=2 marks=0 sessions=9 source=file
hosting on port 43117 (Esc cancels)
TELEMETRY d1_fired carrying_deaths=5 wipes=6 corpse_looted=4 carried_lost=0 banked_events=11 fights=21 recovery_fights=2 negative_fights=2
TELEMETRY a2_fired wipes=6 body_deaths=20 retargets{hate=33 lowhp=56 proximity=6 acquired=218 challenged=88} leashes=172 deepest_band=2 banked=11
TELEMETRY d1b_fired inscriptions=6 marks_consumed=6 dissolved=9 regrown=11 tributes=7 floor_fired=3 banked_spent{inscribe=48 tribute=148} banked_end=7
TELEMETRY q6_cadence banks{n=11 mean=18 max=46} kills_by_band{b0=11 b1=39 b2=38}
TELEMETRY density pockets{mean=3.7 max=17} arrivals{pocket=83 seed=5 home=0} singles_pct=35
TELEMETRY arc breach{fired=0 first_frame=0 banked_after=0} rehomed=0 camp_visits=22 d2{entered=1 kills=49} seal2_breached=0
TELEMETRY q6_margins banks{n=11 pure=0} amount{mean=18 max=46} hp{mean=0.21} dead{mean=1.5} wounded{mean=1.2} gap{mean_s=47}
TELEMETRY v13 whirl{casts=6 hits{1=2 2=1 3=0 4=0 5plus=0} kills=1} challenge{casts=20 retargets=88}
TELEMETRY drift thirds{k1=39 k2=27 k3=22} pockets{p1=4.8 p2=5.3 p3=6.3} span_thirds{k1=39 k2=24 k3=25 span=31920}
TELEMETRY v14 telegraphs_shown=78 first_special{striker=5450 blocker=825 lobber=6229}
TELEMETRY quay entries=0 frames=0 kills=0 deaths=0 banked_after{events=0 amount=0}
TELEMETRY varekka engaged=0 chants=0 interrupted=0 seized=0 swap_escapes=0 slain=0 deaths_while_seized=0 burns=0 ends{expired=0 slain=0 died=0 zone_left=0 wiped=0}
TELEMETRY sustain bought=0 used=0 refused=1
TELEMETRY persist saved digest=b5cae357290c01e464f49155bc7f9d13 schema=1 banked=7 provisions=0 seals=2 marks=0 sessions=10
TELEMETRY netplay seat=1 ticks=36079 desyncs=0 stalls=5386 stall_ms_max=3341 reason=quit
relaunch: bin/play --host 43117
AUDIO drift anchor tick=0 engine_pcm=20963040 tick_frames=800
AUDIO drift tick=0 engine_pcm=20963040 expected=20963040 drift_frames=0
AUDIO drift tick=0 engine_pcm=20963520 expected=20963040 drift_frames=480
AUDIO drift tick=0 engine_pcm=20964000 expected=20963040 drift_frames=960
AUDIO drift tick=0 engine_pcm=20964960 expected=20963040 drift_frames=1920
AUDIO drift tick=0 engine_pcm=20965920 expected=20963040 drift_frames=2880
AUDIO drift tick=0 engine_pcm=20966400 expected=20963040 drift_frames=3360
AUDIO drift tick=0 engine_pcm=20967360 expected=20963040 drift_frames=4320
AUDIO drift tick=0 engine_pcm=20968320 expected=20963040 drift_frames=5280
AUDIO drift tick=0 engine_pcm=20968800 expected=20963040 drift_frames=5760
AUDIO drift tick=0 engine_pcm=20969760 expected=20963040 drift_frames=6720
AUDIO drift tick=0 engine_pcm=20970240 expected=20963040 drift_frames=7200
AUDIO drift tick=0 engine_pcm=20971200 expected=20963040 drift_frames=8160
AUDIO drift tick=0 engine_pcm=20972160 expected=20963040 drift_frames=9120
AUDIO drift tick=0 engine_pcm=20972640 expected=20963040 drift_frames=9600
AUDIO drift tick=0 engine_pcm=20973600 expected=20963040 drift_frames=10560
AUDIO drift tick=0 engine_pcm=20974560 expected=20963040 drift_frames=11520
AUDIO drift tick=0 engine_pcm=20975040 expected=20963040 drift_frames=12000
AUDIO drift tick=0 engine_pcm=20976000 expected=20963040 drift_frames=12960
AUDIO drift tick=0 engine_pcm=20976480 expected=20963040 drift_frames=13440
AUDIO drift tick=0 engine_pcm=20977440 expected=20963040 drift_frames=14400
AUDIO drift tick=0 engine_pcm=20978400 expected=20963040 drift_frames=15360
AUDIO drift tick=0 engine_pcm=20978880 expected=20963040 drift_frames=15840
AUDIO drift tick=0 engine_pcm=20979840 expected=20963040 drift_frames=16800
AUDIO drift tick=0 engine_pcm=20980800 expected=20963040 drift_frames=17760
AUDIO drift tick=0 engine_pcm=20981280 expected=20963040 drift_frames=18240
AUDIO drift tick=0 engine_pcm=20982240 expected=20963040 drift_frames=19200
AUDIO drift tick=0 engine_pcm=20983200 expected=20963040 drift_frames=20160
AUDIO drift tick=0 engine_pcm=20983680 expected=20963040 drift_frames=20640
AUDIO drift tick=0 engine_pcm=20984640 expected=20963040 drift_frames=21600
AUDIO drift tick=0 engine_pcm=20985600 expected=20963040 drift_frames=22560
AUDIO drift tick=0 engine_pcm=20986080 expected=20963040 drift_frames=23040
AUDIO drift tick=0 engine_pcm=20987040 expected=20963040 drift_frames=24000
AUDIO drift tick=0 engine_pcm=20987520 expected=20963040 drift_frames=24480
AUDIO drift tick=0 engine_pcm=20988480 expected=20963040 drift_frames=25440
AUDIO drift tick=0 engine_pcm=20989440 expected=20963040 drift_frames=26400
AUDIO drift tick=0 engine_pcm=20989920 expected=20963040 drift_frames=26880
AUDIO drift tick=0 engine_pcm=20990880 expected=20963040 drift_frames=27840
AUDIO drift tick=0 engine_pcm=20991840 expected=20963040 drift_frames=28800
AUDIO drift tick=0 engine_pcm=20992320 expected=20963040 drift_frames=29280
AUDIO drift tick=0 engine_pcm=20993280 expected=20963040 drift_frames=30240
AUDIO drift tick=0 engine_pcm=20994240 expected=20963040 drift_frames=31200
AUDIO drift tick=0 engine_pcm=20994720 expected=20963040 drift_frames=31680
AUDIO drift tick=0 engine_pcm=20995680 expected=20963040 drift_frames=32640
AUDIO drift tick=0 engine_pcm=20996160 expected=20963040 drift_frames=33120
AUDIO drift tick=0 engine_pcm=20997120 expected=20963040 drift_frames=34080
AUDIO drift tick=0 engine_pcm=20998080 expected=20963040 drift_frames=35040
AUDIO drift tick=0 engine_pcm=20998560 expected=20963040 drift_frames=35520
AUDIO drift tick=0 engine_pcm=20999520 expected=20963040 drift_frames=36480
AUDIO drift tick=0 engine_pcm=21000480 expected=20963040 drift_frames=37440
AUDIO drift tick=0 engine_pcm=21000960 expected=20963040 drift_frames=37920
AUDIO drift tick=0 engine_pcm=21001920 expected=20963040 drift_frames=38880
AUDIO drift tick=0 engine_pcm=21002400 expected=20963040 drift_frames=39360
AUDIO drift tick=0 engine_pcm=21003360 expected=20963040 drift_frames=40320
AUDIO drift tick=0 engine_pcm=21004320 expected=20963040 drift_frames=41280
AUDIO drift tick=0 engine_pcm=21004800 expected=20963040 drift_frames=41760
AUDIO drift tick=0 engine_pcm=21005760 expected=20963040 drift_frames=42720
AUDIO drift tick=0 engine_pcm=21006720 expected=20963040 drift_frames=43680
AUDIO drift tick=0 engine_pcm=21007200 expected=20963040 drift_frames=44160
AUDIO drift tick=0 engine_pcm=21008160 expected=20963040 drift_frames=45120
AUDIO drift tick=0 engine_pcm=21009120 expected=20963040 drift_frames=46080
AUDIO drift tick=0 engine_pcm=21009600 expected=20963040 drift_frames=46560
AUDIO drift tick=0 engine_pcm=21010560 expected=20963040 drift_frames=47520
AUDIO drift tick=0 engine_pcm=21011520 expected=20963040 drift_frames=48480
AUDIO drift tick=0 engine_pcm=21012000 expected=20963040 drift_frames=48960
AUDIO drift tick=0 engine_pcm=21012960 expected=20963040 drift_frames=49920
AUDIO drift tick=0 engine_pcm=21013440 expected=20963040 drift_frames=50400
AUDIO drift tick=0 engine_pcm=21014400 expected=20963040 drift_frames=51360
AUDIO drift tick=0 engine_pcm=21015360 expected=20963040 drift_frames=52320
AUDIO drift tick=0 engine_pcm=21015840 expected=20963040 drift_frames=52800
AUDIO drift tick=0 engine_pcm=21016800 expected=20963040 drift_frames=53760
AUDIO drift tick=0 engine_pcm=21017760 expected=20963040 drift_frames=54720
AUDIO drift tick=0 engine_pcm=21018240 expected=20963040 drift_frames=55200
AUDIO drift tick=0 engine_pcm=21019200 expected=20963040 drift_frames=56160
AUDIO drift tick=0 engine_pcm=21020160 expected=20963040 drift_frames=57120
AUDIO drift tick=0 engine_pcm=21020640 expected=20963040 drift_frames=57600
AUDIO drift tick=0 engine_pcm=21021600 expected=20963040 drift_frames=58560
AUDIO drift tick=0 engine_pcm=21022080 expected=20963040 drift_frames=59040
AUDIO drift tick=0 engine_pcm=21023040 expected=20963040 drift_frames=60000
AUDIO drift tick=0 engine_pcm=21024000 expected=20963040 drift_frames=60960
AUDIO drift tick=0 engine_pcm=21024480 expected=20963040 drift_frames=61440
AUDIO drift tick=0 engine_pcm=21025440 expected=20963040 drift_frames=62400
AUDIO drift tick=0 engine_pcm=21026400 expected=20963040 drift_frames=63360
AUDIO drift tick=0 engine_pcm=21026880 expected=20963040 drift_frames=63840
AUDIO drift tick=0 engine_pcm=21027840 expected=20963040 drift_frames=64800
AUDIO drift tick=0 engine_pcm=21028320 expected=20963040 drift_frames=65280
AUDIO drift tick=0 engine_pcm=21029280 expected=20963040 drift_frames=66240
AUDIO drift tick=0 engine_pcm=21030240 expected=20963040 drift_frames=67200
AUDIO drift tick=0 engine_pcm=21030720 expected=20963040 drift_frames=67680
AUDIO drift tick=0 engine_pcm=21031680 expected=20963040 drift_frames=68640
AUDIO drift tick=0 engine_pcm=21032640 expected=20963040 drift_frames=69600
AUDIO drift tick=0 engine_pcm=21033120 expected=20963040 drift_frames=70080
AUDIO drift tick=0 engine_pcm=21034080 expected=20963040 drift_frames=71040
AUDIO drift tick=0 engine_pcm=21035040 expected=20963040 drift_frames=72000
AUDIO drift tick=0 engine_pcm=21035520 expected=20963040 drift_frames=72480
AUDIO drift tick=0 engine_pcm=21036480 expected=20963040 drift_frames=73440
AUDIO drift tick=0 engine_pcm=21036960 expected=20963040 drift_frames=73920
AUDIO drift tick=0 engine_pcm=21037920 expected=20963040 drift_frames=74880
AUDIO drift tick=0 engine_pcm=21038880 expected=20963040 drift_frames=75840
AUDIO drift tick=0 engine_pcm=21039360 expected=20963040 drift_frames=76320
AUDIO drift tick=0 engine_pcm=21040320 expected=20963040 drift_frames=77280
AUDIO drift tick=0 engine_pcm=21040800 expected=20963040 drift_frames=77760
AUDIO drift tick=0 engine_pcm=21041760 expected=20963040 drift_frames=78720
AUDIO drift tick=0 engine_pcm=21042720 expected=20963040 drift_frames=79680
AUDIO drift tick=0 engine_pcm=21043200 expected=20963040 drift_frames=80160
AUDIO drift tick=0 engine_pcm=21044160 expected=20963040 drift_frames=81120
AUDIO drift tick=0 engine_pcm=21045120 expected=20963040 drift_frames=82080
AUDIO drift tick=0 engine_pcm=21045600 expected=20963040 drift_frames=82560
AUDIO drift tick=0 engine_pcm=21046560 expected=20963040 drift_frames=83520
AUDIO drift tick=0 engine_pcm=21047520 expected=20963040 drift_frames=84480
AUDIO drift tick=0 engine_pcm=21048000 expected=20963040 drift_frames=84960
AUDIO drift tick=0 engine_pcm=21048960 expected=20963040 drift_frames=85920
AUDIO drift tick=0 engine_pcm=21049440 expected=20963040 drift_frames=86400
AUDIO drift tick=0 engine_pcm=21050400 expected=20963040 drift_frames=87360
AUDIO drift tick=0 engine_pcm=21051360 expected=20963040 drift_frames=88320
AUDIO drift tick=0 engine_pcm=21051840 expected=20963040 drift_frames=88800
AUDIO drift tick=0 engine_pcm=21052800 expected=20963040 drift_frames=89760
AUDIO drift tick=0 engine_pcm=21053280 expected=20963040 drift_frames=90240
AUDIO drift tick=0 engine_pcm=21054240 expected=20963040 drift_frames=91200
AUDIO drift tick=0 engine_pcm=21055200 expected=20963040 drift_frames=92160
AUDIO drift tick=0 engine_pcm=21055680 expected=20963040 drift_frames=92640
AUDIO drift tick=0 engine_pcm=21056640 expected=20963040 drift_frames=93600
AUDIO drift tick=0 engine_pcm=21057600 expected=20963040 drift_frames=94560
AUDIO drift tick=0 engine_pcm=21058080 expected=20963040 drift_frames=95040
AUDIO drift tick=0 engine_pcm=21059040 expected=20963040 drift_frames=96000
AUDIO drift tick=0 engine_pcm=21059520 expected=20963040 drift_frames=96480
AUDIO drift tick=0 engine_pcm=21060480 expected=20963040 drift_frames=97440
AUDIO drift tick=0 engine_pcm=21061440 expected=20963040 drift_frames=98400
AUDIO drift tick=0 engine_pcm=21061920 expected=20963040 drift_frames=98880
AUDIO drift tick=0 engine_pcm=21062880 expected=20963040 drift_frames=99840
AUDIO drift tick=0 engine_pcm=21063840 expected=20963040 drift_frames=100800
AUDIO drift tick=0 engine_pcm=21064320 expected=20963040 drift_frames=101280
AUDIO drift tick=0 engine_pcm=21065280 expected=20963040 drift_frames=102240
AUDIO drift tick=0 engine_pcm=21066240 expected=20963040 drift_frames=103200
AUDIO drift tick=0 engine_pcm=21066720 expected=20963040 drift_frames=103680
AUDIO drift tick=0 engine_pcm=21067680 expected=20963040 drift_frames=104640
AUDIO drift tick=0 engine_pcm=21068640 expected=20963040 drift_frames=105600
AUDIO drift tick=0 engine_pcm=21069120 expected=20963040 drift_frames=106080
AUDIO drift tick=0 engine_pcm=21070080 expected=20963040 drift_frames=107040
AUDIO drift tick=0 engine_pcm=21070560 expected=20963040 drift_frames=107520
AUDIO drift tick=0 engine_pcm=21071520 expected=20963040 drift_frames=108480
AUDIO drift tick=0 engine_pcm=21072480 expected=20963040 drift_frames=109440
AUDIO drift tick=0 engine_pcm=21072960 expected=20963040 drift_frames=109920
AUDIO drift tick=0 engine_pcm=21073920 expected=20963040 drift_frames=110880
AUDIO drift tick=0 engine_pcm=21074880 expected=20963040 drift_frames=111840
AUDIO drift tick=0 engine_pcm=21075360 expected=20963040 drift_frames=112320
AUDIO drift tick=0 engine_pcm=21076320 expected=20963040 drift_frames=113280
AUDIO drift tick=0 engine_pcm=21076800 expected=20963040 drift_frames=113760
AUDIO drift tick=0 engine_pcm=21077760 expected=20963040 drift_frames=114720
AUDIO drift tick=0 engine_pcm=21078720 expected=20963040 drift_frames=115680
AUDIO drift tick=0 engine_pcm=21079200 expected=20963040 drift_frames=116160
AUDIO drift tick=0 engine_pcm=21080160 expected=20963040 drift_frames=117120
AUDIO drift tick=0 engine_pcm=21081120 expected=20963040 drift_frames=118080
AUDIO drift tick=0 engine_pcm=21081600 expected=20963040 drift_frames=118560
AUDIO drift tick=0 engine_pcm=21082560 expected=20963040 drift_frames=119520
AUDIO drift tick=0 engine_pcm=21083520 expected=20963040 drift_frames=120480
AUDIO drift tick=0 engine_pcm=21084000 expected=20963040 drift_frames=120960
AUDIO drift tick=0 engine_pcm=21084960 expected=20963040 drift_frames=121920
AUDIO drift tick=0 engine_pcm=21085440 expected=20963040 drift_frames=122400
AUDIO drift tick=0 engine_pcm=21086400 expected=20963040 drift_frames=123360
AUDIO drift tick=0 engine_pcm=21087360 expected=20963040 drift_frames=124320
AUDIO drift tick=0 engine_pcm=21087840 expected=20963040 drift_frames=124800
AUDIO drift tick=0 engine_pcm=21088800 expected=20963040 drift_frames=125760
AUDIO drift tick=0 engine_pcm=21089760 expected=20963040 drift_frames=126720
AUDIO drift tick=0 engine_pcm=21090240 expected=20963040 drift_frames=127200
AUDIO drift tick=0 engine_pcm=21091200 expected=20963040 drift_frames=128160
AUDIO drift tick=0 engine_pcm=21091680 expected=20963040 drift_frames=128640
AUDIO drift tick=0 engine_pcm=21092640 expected=20963040 drift_frames=129600
AUDIO drift tick=0 engine_pcm=21093600 expected=20963040 drift_frames=130560
AUDIO drift tick=0 engine_pcm=21094080 expected=20963040 drift_frames=131040
AUDIO drift tick=0 engine_pcm=21095040 expected=20963040 drift_frames=132000
AUDIO drift tick=0 engine_pcm=21096000 expected=20963040 drift_frames=132960
AUDIO drift tick=0 engine_pcm=21096480 expected=20963040 drift_frames=133440
AUDIO drift tick=0 engine_pcm=21097440 expected=20963040 drift_frames=134400
AUDIO drift tick=0 engine_pcm=21098400 expected=20963040 drift_frames=135360
AUDIO drift tick=0 engine_pcm=21098880 expected=20963040 drift_frames=135840
AUDIO drift tick=0 engine_pcm=21099840 expected=20963040 drift_frames=136800
AUDIO drift tick=0 engine_pcm=21100320 expected=20963040 drift_frames=137280
AUDIO drift tick=0 engine_pcm=21101280 expected=20963040 drift_frames=138240
AUDIO drift tick=0 engine_pcm=21102240 expected=20963040 drift_frames=139200
AUDIO drift tick=0 engine_pcm=21102720 expected=20963040 drift_frames=139680
AUDIO drift tick=0 engine_pcm=21103680 expected=20963040 drift_frames=140640
AUDIO drift tick=0 engine_pcm=21104640 expected=20963040 drift_frames=141600
AUDIO drift tick=0 engine_pcm=21105120 expected=20963040 drift_frames=142080
AUDIO drift tick=0 engine_pcm=21106080 expected=20963040 drift_frames=143040
AUDIO drift tick=0 engine_pcm=21106560 expected=20963040 drift_frames=143520
AUDIO drift tick=0 engine_pcm=21107520 expected=20963040 drift_frames=144480
AUDIO drift tick=0 engine_pcm=21108480 expected=20963040 drift_frames=145440
AUDIO drift tick=0 engine_pcm=21108960 expected=20963040 drift_frames=145920
AUDIO drift tick=0 engine_pcm=21109920 expected=20963040 drift_frames=146880
AUDIO drift tick=0 engine_pcm=21110400 expected=20963040 drift_frames=147360
AUDIO drift tick=0 engine_pcm=21111360 expected=20963040 drift_frames=148320
AUDIO drift tick=0 engine_pcm=21112320 expected=20963040 drift_frames=149280
AUDIO drift tick=0 engine_pcm=21112800 expected=20963040 drift_frames=149760
AUDIO drift tick=0 engine_pcm=21113760 expected=20963040 drift_frames=150720
AUDIO drift tick=0 engine_pcm=21114720 expected=20963040 drift_frames=151680
AUDIO drift tick=0 engine_pcm=21115200 expected=20963040 drift_frames=152160
AUDIO drift tick=0 engine_pcm=21116160 expected=20963040 drift_frames=153120
AUDIO drift tick=0 engine_pcm=21116640 expected=20963040 drift_frames=153600
AUDIO drift tick=0 engine_pcm=21117600 expected=20963040 drift_frames=154560
AUDIO drift tick=0 engine_pcm=21118560 expected=20963040 drift_frames=155520
AUDIO drift tick=0 engine_pcm=21119040 expected=20963040 drift_frames=156000
AUDIO drift tick=0 engine_pcm=21120000 expected=20963040 drift_frames=156960
AUDIO drift tick=0 engine_pcm=21120480 expected=20963040 drift_frames=157440
AUDIO drift tick=0 engine_pcm=21121440 expected=20963040 drift_frames=158400
AUDIO drift tick=0 engine_pcm=21122400 expected=20963040 drift_frames=159360
AUDIO drift tick=0 engine_pcm=21122880 expected=20963040 drift_frames=159840
AUDIO drift tick=0 engine_pcm=21123840 expected=20963040 drift_frames=160800
AUDIO drift tick=0 engine_pcm=21124800 expected=20963040 drift_frames=161760
AUDIO drift tick=0 engine_pcm=21125280 expected=20963040 drift_frames=162240
AUDIO drift tick=0 engine_pcm=21126240 expected=20963040 drift_frames=163200
AUDIO drift tick=0 engine_pcm=21127200 expected=20963040 drift_frames=164160
AUDIO drift tick=0 engine_pcm=21127680 expected=20963040 drift_frames=164640
AUDIO drift tick=0 engine_pcm=21128640 expected=20963040 drift_frames=165600
AUDIO drift tick=0 engine_pcm=21129600 expected=20963040 drift_frames=166560
AUDIO drift tick=0 engine_pcm=21130080 expected=20963040 drift_frames=167040
AUDIO drift tick=0 engine_pcm=21131040 expected=20963040 drift_frames=168000
AUDIO drift tick=0 engine_pcm=21131520 expected=20963040 drift_frames=168480
AUDIO drift tick=0 engine_pcm=21132480 expected=20963040 drift_frames=169440
AUDIO drift tick=0 engine_pcm=21133440 expected=20963040 drift_frames=170400
AUDIO drift tick=0 engine_pcm=21133920 expected=20963040 drift_frames=170880
AUDIO drift tick=0 engine_pcm=21134880 expected=20963040 drift_frames=171840
AUDIO drift tick=0 engine_pcm=21135840 expected=20963040 drift_frames=172800
AUDIO drift tick=0 engine_pcm=21136320 expected=20963040 drift_frames=173280
AUDIO drift tick=0 engine_pcm=21137280 expected=20963040 drift_frames=174240
AUDIO drift tick=0 engine_pcm=21138240 expected=20963040 drift_frames=175200
AUDIO drift tick=0 engine_pcm=21138720 expected=20963040 drift_frames=175680
AUDIO drift tick=0 engine_pcm=21139680 expected=20963040 drift_frames=176640
AUDIO drift tick=0 engine_pcm=21140160 expected=20963040 drift_frames=177120
AUDIO drift tick=0 engine_pcm=21141120 expected=20963040 drift_frames=178080
AUDIO drift tick=0 engine_pcm=21142080 expected=20963040 drift_frames=179040
AUDIO drift tick=0 engine_pcm=21142560 expected=20963040 drift_frames=179520
AUDIO drift tick=0 engine_pcm=21143520 expected=20963040 drift_frames=180480
AUDIO drift tick=0 engine_pcm=21144480 expected=20963040 drift_frames=181440
AUDIO drift tick=0 engine_pcm=21144960 expected=20963040 drift_frames=181920
AUDIO drift tick=0 engine_pcm=21145920 expected=20963040 drift_frames=182880
AUDIO drift tick=0 engine_pcm=21146400 expected=20963040 drift_frames=183360
AUDIO drift tick=0 engine_pcm=21147360 expected=20963040 drift_frames=184320
AUDIO drift tick=0 engine_pcm=21148320 expected=20963040 drift_frames=185280
AUDIO drift tick=0 engine_pcm=21148800 expected=20963040 drift_frames=185760
AUDIO drift tick=0 engine_pcm=21149760 expected=20963040 drift_frames=186720
AUDIO drift tick=0 engine_pcm=21150720 expected=20963040 drift_frames=187680
AUDIO drift tick=0 engine_pcm=21151200 expected=20963040 drift_frames=188160
AUDIO drift tick=0 engine_pcm=21152160 expected=20963040 drift_frames=189120
AUDIO drift tick=0 engine_pcm=21153120 expected=20963040 drift_frames=190080
AUDIO drift tick=0 engine_pcm=21153600 expected=20963040 drift_frames=190560
AUDIO drift tick=0 engine_pcm=21154560 expected=20963040 drift_frames=191520
AUDIO drift tick=0 engine_pcm=21155040 expected=20963040 drift_frames=192000
AUDIO drift tick=0 engine_pcm=21156000 expected=20963040 drift_frames=192960
AUDIO drift tick=0 engine_pcm=21156960 expected=20963040 drift_frames=193920
AUDIO drift tick=0 engine_pcm=21157440 expected=20963040 drift_frames=194400
AUDIO drift tick=0 engine_pcm=21158400 expected=20963040 drift_frames=195360
AUDIO drift tick=0 engine_pcm=21159360 expected=20963040 drift_frames=196320
AUDIO drift tick=0 engine_pcm=21159840 expected=20963040 drift_frames=196800
AUDIO drift tick=0 engine_pcm=21160800 expected=20963040 drift_frames=197760
AUDIO drift tick=0 engine_pcm=21161760 expected=20963040 drift_frames=198720
AUDIO drift tick=0 engine_pcm=21162240 expected=20963040 drift_frames=199200
AUDIO drift tick=0 engine_pcm=21163200 expected=20963040 drift_frames=200160
AUDIO drift tick=0 engine_pcm=21164160 expected=20963040 drift_frames=201120
AUDIO drift tick=0 engine_pcm=21164640 expected=20963040 drift_frames=201600
AUDIO drift tick=0 engine_pcm=21165600 expected=20963040 drift_frames=202560
AUDIO drift tick=0 engine_pcm=21166080 expected=20963040 drift_frames=203040
AUDIO drift tick=0 engine_pcm=21167040 expected=20963040 drift_frames=204000
AUDIO drift tick=0 engine_pcm=21168000 expected=20963040 drift_frames=204960
AUDIO drift tick=0 engine_pcm=21168480 expected=20963040 drift_frames=205440
AUDIO drift tick=0 engine_pcm=21169440 expected=20963040 drift_frames=206400
AUDIO drift tick=0 engine_pcm=21170400 expected=20963040 drift_frames=207360
AUDIO drift tick=0 engine_pcm=21170880 expected=20963040 drift_frames=207840
AUDIO drift tick=0 engine_pcm=21171840 expected=20963040 drift_frames=208800
AUDIO drift tick=0 engine_pcm=21172320 expected=20963040 drift_frames=209280
AUDIO drift tick=0 engine_pcm=21173280 expected=20963040 drift_frames=210240
AUDIO drift tick=0 engine_pcm=21174240 expected=20963040 drift_frames=211200
AUDIO drift tick=0 engine_pcm=21174720 expected=20963040 drift_frames=211680
AUDIO drift tick=0 engine_pcm=21175680 expected=20963040 drift_frames=212640
AUDIO drift tick=0 engine_pcm=21176640 expected=20963040 drift_frames=213600
AUDIO drift tick=0 engine_pcm=21177120 expected=20963040 drift_frames=214080
AUDIO drift tick=0 engine_pcm=21178080 expected=20963040 drift_frames=215040
AUDIO drift tick=0 engine_pcm=21179040 expected=20963040 drift_frames=216000
AUDIO drift tick=0 engine_pcm=21179520 expected=20963040 drift_frames=216480
AUDIO drift tick=0 engine_pcm=21180480 expected=20963040 drift_frames=217440
AUDIO drift tick=0 engine_pcm=21181440 expected=20963040 drift_frames=218400
AUDIO drift tick=0 engine_pcm=21181920 expected=20963040 drift_frames=218880
AUDIO drift tick=0 engine_pcm=21182880 expected=20963040 drift_frames=219840
AUDIO drift tick=0 engine_pcm=21183840 expected=20963040 drift_frames=220800
AUDIO drift tick=0 engine_pcm=21184320 expected=20963040 drift_frames=221280
AUDIO drift tick=0 engine_pcm=21185280 expected=20963040 drift_frames=222240
AUDIO drift tick=0 engine_pcm=21185760 expected=20963040 drift_frames=222720
AUDIO drift tick=0 engine_pcm=21186720 expected=20963040 drift_frames=223680
AUDIO drift tick=0 engine_pcm=21187680 expected=20963040 drift_frames=224640
AUDIO drift tick=0 engine_pcm=21188160 expected=20963040 drift_frames=225120
AUDIO drift tick=0 engine_pcm=21189120 expected=20963040 drift_frames=226080
AUDIO drift tick=0 engine_pcm=21189600 expected=20963040 drift_frames=226560
AUDIO drift tick=0 engine_pcm=21190560 expected=20963040 drift_frames=227520
AUDIO drift tick=0 engine_pcm=21191520 expected=20963040 drift_frames=228480
AUDIO drift tick=0 engine_pcm=21192000 expected=20963040 drift_frames=228960
AUDIO drift tick=0 engine_pcm=21192960 expected=20963040 drift_frames=229920
AUDIO drift tick=0 engine_pcm=21193920 expected=20963040 drift_frames=230880
AUDIO drift tick=0 engine_pcm=21194400 expected=20963040 drift_frames=231360
AUDIO drift tick=0 engine_pcm=21195360 expected=20963040 drift_frames=232320
AUDIO drift tick=0 engine_pcm=21196320 expected=20963040 drift_frames=233280
AUDIO drift tick=0 engine_pcm=21196800 expected=20963040 drift_frames=233760
AUDIO drift tick=0 engine_pcm=21197760 expected=20963040 drift_frames=234720
AUDIO drift tick=0 engine_pcm=21198240 expected=20963040 drift_frames=235200
AUDIO drift tick=0 engine_pcm=21199200 expected=20963040 drift_frames=236160
AUDIO drift tick=0 engine_pcm=21200160 expected=20963040 drift_frames=237120
AUDIO drift tick=0 engine_pcm=21200640 expected=20963040 drift_frames=237600
AUDIO drift tick=0 engine_pcm=21201600 expected=20963040 drift_frames=238560
AUDIO drift tick=0 engine_pcm=21202560 expected=20963040 drift_frames=239520
AUDIO drift tick=0 engine_pcm=21203040 expected=20963040 drift_frames=240000
AUDIO drift tick=0 engine_pcm=21204000 expected=20963040 drift_frames=240960
AUDIO drift tick=0 engine_pcm=21204480 expected=20963040 drift_frames=241440
AUDIO drift tick=0 engine_pcm=21205440 expected=20963040 drift_frames=242400
AUDIO drift tick=0 engine_pcm=21206400 expected=20963040 drift_frames=243360
AUDIO drift tick=0 engine_pcm=21206880 expected=20963040 drift_frames=243840
AUDIO drift tick=0 engine_pcm=21207840 expected=20963040 drift_frames=244800
AUDIO drift tick=0 engine_pcm=21208800 expected=20963040 drift_frames=245760
AUDIO drift tick=0 engine_pcm=21209280 expected=20963040 drift_frames=246240
AUDIO drift tick=0 engine_pcm=21210240 expected=20963040 drift_frames=247200
AUDIO drift tick=0 engine_pcm=21210720 expected=20963040 drift_frames=247680
AUDIO drift tick=0 engine_pcm=21211680 expected=20963040 drift_frames=248640
AUDIO drift tick=0 engine_pcm=21212640 expected=20963040 drift_frames=249600
AUDIO drift tick=0 engine_pcm=21213120 expected=20963040 drift_frames=250080
AUDIO drift tick=0 engine_pcm=21214080 expected=20963040 drift_frames=251040
AUDIO drift tick=0 engine_pcm=21215040 expected=20963040 drift_frames=252000
AUDIO drift tick=0 engine_pcm=21215520 expected=20963040 drift_frames=252480
AUDIO drift tick=0 engine_pcm=21216480 expected=20963040 drift_frames=253440
AUDIO drift tick=0 engine_pcm=21217440 expected=20963040 drift_frames=254400
AUDIO drift tick=0 engine_pcm=21217920 expected=20963040 drift_frames=254880
AUDIO drift tick=0 engine_pcm=21218880 expected=20963040 drift_frames=255840
AUDIO drift tick=0 engine_pcm=21219840 expected=20963040 drift_frames=256800
AUDIO drift tick=0 engine_pcm=21220320 expected=20963040 drift_frames=257280
AUDIO drift tick=0 engine_pcm=21221280 expected=20963040 drift_frames=258240
AUDIO drift tick=0 engine_pcm=21221760 expected=20963040 drift_frames=258720
AUDIO drift tick=0 engine_pcm=21222720 expected=20963040 drift_frames=259680
AUDIO drift tick=0 engine_pcm=21223680 expected=20963040 drift_frames=260640
AUDIO drift tick=0 engine_pcm=21224160 expected=20963040 drift_frames=261120
AUDIO drift tick=0 engine_pcm=21225120 expected=20963040 drift_frames=262080
AUDIO drift tick=0 engine_pcm=21226080 expected=20963040 drift_frames=263040
AUDIO drift tick=0 engine_pcm=21226560 expected=20963040 drift_frames=263520
AUDIO drift tick=0 engine_pcm=21227520 expected=20963040 drift_frames=264480
AUDIO drift tick=0 engine_pcm=21228000 expected=20963040 drift_frames=264960
AUDIO drift tick=0 engine_pcm=21228960 expected=20963040 drift_frames=265920
AUDIO drift tick=0 engine_pcm=21229920 expected=20963040 drift_frames=266880
AUDIO drift tick=0 engine_pcm=21230400 expected=20963040 drift_frames=267360
AUDIO drift tick=0 engine_pcm=21231360 expected=20963040 drift_frames=268320
AUDIO drift tick=0 engine_pcm=21232320 expected=20963040 drift_frames=269280
AUDIO drift tick=0 engine_pcm=21232800 expected=20963040 drift_frames=269760
AUDIO drift tick=0 engine_pcm=21233760 expected=20963040 drift_frames=270720
AUDIO drift tick=0 engine_pcm=21234720 expected=20963040 drift_frames=271680
AUDIO drift tick=0 engine_pcm=21235200 expected=20963040 drift_frames=272160
AUDIO drift tick=0 engine_pcm=21236160 expected=20963040 drift_frames=273120
AUDIO drift tick=0 engine_pcm=21236640 expected=20963040 drift_frames=273600
AUDIO drift tick=0 engine_pcm=21237600 expected=20963040 drift_frames=274560
AUDIO drift tick=0 engine_pcm=21238560 expected=20963040 drift_frames=275520
AUDIO drift tick=0 engine_pcm=21239040 expected=20963040 drift_frames=276000
AUDIO drift tick=0 engine_pcm=21240000 expected=20963040 drift_frames=276960
AUDIO drift tick=0 engine_pcm=21240960 expected=20963040 drift_frames=277920
AUDIO drift tick=0 engine_pcm=21241440 expected=20963040 drift_frames=278400
AUDIO drift tick=0 engine_pcm=21242400 expected=20963040 drift_frames=279360
AUDIO drift tick=0 engine_pcm=21242880 expected=20963040 drift_frames=279840
AUDIO drift tick=0 engine_pcm=21243840 expected=20963040 drift_frames=280800
AUDIO drift tick=0 engine_pcm=21244800 expected=20963040 drift_frames=281760
AUDIO drift tick=0 engine_pcm=21245280 expected=20963040 drift_frames=282240
AUDIO drift tick=0 engine_pcm=21246240 expected=20963040 drift_frames=283200
AUDIO drift tick=0 engine_pcm=21247200 expected=20963040 drift_frames=284160
AUDIO drift tick=0 engine_pcm=21247680 expected=20963040 drift_frames=284640
AUDIO drift tick=0 engine_pcm=21248640 expected=20963040 drift_frames=285600
AUDIO drift tick=0 engine_pcm=21249600 expected=20963040 drift_frames=286560
AUDIO drift tick=0 engine_pcm=21250080 expected=20963040 drift_frames=287040
AUDIO drift tick=0 engine_pcm=21251040 expected=20963040 drift_frames=288000
AUDIO drift tick=0 engine_pcm=21251520 expected=20963040 drift_frames=288480
AUDIO drift tick=0 engine_pcm=21252480 expected=20963040 drift_frames=289440
AUDIO drift tick=0 engine_pcm=21253440 expected=20963040 drift_frames=290400
AUDIO drift tick=0 engine_pcm=21253920 expected=20963040 drift_frames=290880
AUDIO drift tick=0 engine_pcm=21254880 expected=20963040 drift_frames=291840
AUDIO drift tick=0 engine_pcm=21255840 expected=20963040 drift_frames=292800
AUDIO drift tick=0 engine_pcm=21256320 expected=20963040 drift_frames=293280
AUDIO drift tick=0 engine_pcm=21257280 expected=20963040 drift_frames=294240
AUDIO drift tick=0 engine_pcm=21257760 expected=20963040 drift_frames=294720
AUDIO drift tick=0 engine_pcm=21258720 expected=20963040 drift_frames=295680
AUDIO drift tick=0 engine_pcm=21259680 expected=20963040 drift_frames=296640
AUDIO drift tick=0 engine_pcm=21260160 expected=20963040 drift_frames=297120
AUDIO drift tick=0 engine_pcm=21261120 expected=20963040 drift_frames=298080
AUDIO drift tick=0 engine_pcm=21262080 expected=20963040 drift_frames=299040
AUDIO drift tick=0 engine_pcm=21262560 expected=20963040 drift_frames=299520
AUDIO drift tick=0 engine_pcm=21263520 expected=20963040 drift_frames=300480
AUDIO drift tick=0 engine_pcm=21264480 expected=20963040 drift_frames=301440
AUDIO drift tick=0 engine_pcm=21264960 expected=20963040 drift_frames=301920
AUDIO drift tick=0 engine_pcm=21265920 expected=20963040 drift_frames=302880
AUDIO drift tick=0 engine_pcm=21266880 expected=20963040 drift_frames=303840
AUDIO drift tick=0 engine_pcm=21267360 expected=20963040 drift_frames=304320
AUDIO drift tick=0 engine_pcm=21268320 expected=20963040 drift_frames=305280
AUDIO drift tick=0 engine_pcm=21269280 expected=20963040 drift_frames=306240
AUDIO drift tick=0 engine_pcm=21269760 expected=20963040 drift_frames=306720
AUDIO drift tick=0 engine_pcm=21270720 expected=20963040 drift_frames=307680
AUDIO drift tick=0 engine_pcm=21271200 expected=20963040 drift_frames=308160
AUDIO drift tick=0 engine_pcm=21272160 expected=20963040 drift_frames=309120
AUDIO drift tick=0 engine_pcm=21273120 expected=20963040 drift_frames=310080
AUDIO drift tick=0 engine_pcm=21273600 expected=20963040 drift_frames=310560
AUDIO drift tick=0 engine_pcm=21274560 expected=20963040 drift_frames=311520
AUDIO drift tick=0 engine_pcm=21275520 expected=20963040 drift_frames=312480
AUDIO drift tick=0 engine_pcm=21276000 expected=20963040 drift_frames=312960
AUDIO drift tick=0 engine_pcm=21276960 expected=20963040 drift_frames=313920
AUDIO drift tick=0 engine_pcm=21277920 expected=20963040 drift_frames=314880
AUDIO drift tick=0 engine_pcm=21278400 expected=20963040 drift_frames=315360
AUDIO drift tick=0 engine_pcm=21279360 expected=20963040 drift_frames=316320
AUDIO drift tick=0 engine_pcm=21279840 expected=20963040 drift_frames=316800
AUDIO drift tick=0 engine_pcm=21280800 expected=20963040 drift_frames=317760
AUDIO drift tick=0 engine_pcm=21281760 expected=20963040 drift_frames=318720
AUDIO drift tick=0 engine_pcm=21282240 expected=20963040 drift_frames=319200
AUDIO drift tick=0 engine_pcm=21283200 expected=20963040 drift_frames=320160
AUDIO drift tick=0 engine_pcm=21284160 expected=20963040 drift_frames=321120
AUDIO drift tick=0 engine_pcm=21284640 expected=20963040 drift_frames=321600
AUDIO drift tick=0 engine_pcm=21285600 expected=20963040 drift_frames=322560
AUDIO drift tick=0 engine_pcm=21286560 expected=20963040 drift_frames=323520
AUDIO drift tick=0 engine_pcm=21287040 expected=20963040 drift_frames=324000
AUDIO drift tick=0 engine_pcm=21288000 expected=20963040 drift_frames=324960
AUDIO drift tick=0 engine_pcm=21288480 expected=20963040 drift_frames=325440
AUDIO drift tick=0 engine_pcm=21289440 expected=20963040 drift_frames=326400
AUDIO drift tick=0 engine_pcm=21290400 expected=20963040 drift_frames=327360
AUDIO drift tick=0 engine_pcm=21290880 expected=20963040 drift_frames=327840
AUDIO drift tick=0 engine_pcm=21291840 expected=20963040 drift_frames=328800
AUDIO drift tick=0 engine_pcm=21292800 expected=20963040 drift_frames=329760
AUDIO drift tick=0 engine_pcm=21293280 expected=20963040 drift_frames=330240
AUDIO drift tick=0 engine_pcm=21294240 expected=20963040 drift_frames=331200
AUDIO drift tick=0 engine_pcm=21295200 expected=20963040 drift_frames=332160
AUDIO drift tick=0 engine_pcm=21295680 expected=20963040 drift_frames=332640
AUDIO drift tick=0 engine_pcm=21296640 expected=20963040 drift_frames=333600
AUDIO drift tick=0 engine_pcm=21297600 expected=20963040 drift_frames=334560
AUDIO drift tick=0 engine_pcm=21298080 expected=20963040 drift_frames=335040
AUDIO drift tick=0 engine_pcm=21299040 expected=20963040 drift_frames=336000
AUDIO drift tick=0 engine_pcm=21299520 expected=20963040 drift_frames=336480
AUDIO drift tick=0 engine_pcm=21300480 expected=20963040 drift_frames=337440
AUDIO drift tick=0 engine_pcm=21301440 expected=20963040 drift_frames=338400
AUDIO drift tick=0 engine_pcm=21301920 expected=20963040 drift_frames=338880
AUDIO drift tick=0 engine_pcm=21302880 expected=20963040 drift_frames=339840
AUDIO drift tick=0 engine_pcm=21303840 expected=20963040 drift_frames=340800
AUDIO drift tick=0 engine_pcm=21304320 expected=20963040 drift_frames=341280
AUDIO drift tick=0 engine_pcm=21305280 expected=20963040 drift_frames=342240
AUDIO drift tick=0 engine_pcm=21306240 expected=20963040 drift_frames=343200
AUDIO drift tick=0 engine_pcm=21306720 expected=20963040 drift_frames=343680
AUDIO drift tick=0 engine_pcm=21307680 expected=20963040 drift_frames=344640
AUDIO drift tick=0 engine_pcm=21308640 expected=20963040 drift_frames=345600
AUDIO drift tick=0 engine_pcm=21309120 expected=20963040 drift_frames=346080
AUDIO drift tick=0 engine_pcm=21310080 expected=20963040 drift_frames=347040
AUDIO drift tick=0 engine_pcm=21311040 expected=20963040 drift_frames=348000
AUDIO drift tick=0 engine_pcm=21311520 expected=20963040 drift_frames=348480
AUDIO drift tick=0 engine_pcm=21312480 expected=20963040 drift_frames=349440
AUDIO drift tick=0 engine_pcm=21312960 expected=20963040 drift_frames=349920
AUDIO drift tick=0 engine_pcm=21313920 expected=20963040 drift_frames=350880
AUDIO drift tick=0 engine_pcm=21314880 expected=20963040 drift_frames=351840
AUDIO drift tick=0 engine_pcm=21315360 expected=20963040 drift_frames=352320
AUDIO drift tick=0 engine_pcm=21316320 expected=20963040 drift_frames=353280
AUDIO drift tick=0 engine_pcm=21317280 expected=20963040 drift_frames=354240
AUDIO drift tick=0 engine_pcm=21317760 expected=20963040 drift_frames=354720
AUDIO drift tick=0 engine_pcm=21318720 expected=20963040 drift_frames=355680
AUDIO drift tick=0 engine_pcm=21319200 expected=20963040 drift_frames=356160
AUDIO drift tick=0 engine_pcm=21320160 expected=20963040 drift_frames=357120
AUDIO drift tick=0 engine_pcm=21321120 expected=20963040 drift_frames=358080
AUDIO drift tick=0 engine_pcm=21321600 expected=20963040 drift_frames=358560
AUDIO drift tick=0 engine_pcm=21322560 expected=20963040 drift_frames=359520
AUDIO drift tick=0 engine_pcm=21323520 expected=20963040 drift_frames=360480
AUDIO drift tick=0 engine_pcm=21324000 expected=20963040 drift_frames=360960
AUDIO drift tick=0 engine_pcm=21324960 expected=20963040 drift_frames=361920
AUDIO drift tick=0 engine_pcm=21325920 expected=20963040 drift_frames=362880
AUDIO drift tick=0 engine_pcm=21326400 expected=20963040 drift_frames=363360
AUDIO drift tick=0 engine_pcm=21327360 expected=20963040 drift_frames=364320
AUDIO drift tick=0 engine_pcm=21328320 expected=20963040 drift_frames=365280
AUDIO drift tick=0 engine_pcm=21328800 expected=20963040 drift_frames=365760
AUDIO drift tick=0 engine_pcm=21329760 expected=20963040 drift_frames=366720
AUDIO drift tick=0 engine_pcm=21330240 expected=20963040 drift_frames=367200
AUDIO drift tick=0 engine_pcm=21331200 expected=20963040 drift_frames=368160
AUDIO drift tick=0 engine_pcm=21332160 expected=20963040 drift_frames=369120
AUDIO drift tick=0 engine_pcm=21332640 expected=20963040 drift_frames=369600
AUDIO drift tick=0 engine_pcm=21333600 expected=20963040 drift_frames=370560
AUDIO drift tick=0 engine_pcm=21334080 expected=20963040 drift_frames=371040
AUDIO drift tick=0 engine_pcm=21335040 expected=20963040 drift_frames=372000
AUDIO drift tick=0 engine_pcm=21336000 expected=20963040 drift_frames=372960
AUDIO drift tick=0 engine_pcm=21336480 expected=20963040 drift_frames=373440
AUDIO drift tick=0 engine_pcm=21337440 expected=20963040 drift_frames=374400
AUDIO drift tick=0 engine_pcm=21338400 expected=20963040 drift_frames=375360
AUDIO drift tick=0 engine_pcm=21338880 expected=20963040 drift_frames=375840
AUDIO drift tick=0 engine_pcm=21339840 expected=20963040 drift_frames=376800
AUDIO drift tick=0 engine_pcm=21340800 expected=20963040 drift_frames=377760
AUDIO drift tick=0 engine_pcm=21341280 expected=20963040 drift_frames=378240
AUDIO drift tick=0 engine_pcm=21342240 expected=20963040 drift_frames=379200
AUDIO drift tick=0 engine_pcm=21342720 expected=20963040 drift_frames=379680
AUDIO drift tick=0 engine_pcm=21343680 expected=20963040 drift_frames=380640
AUDIO drift tick=0 engine_pcm=21344640 expected=20963040 drift_frames=381600
AUDIO drift tick=0 engine_pcm=21345120 expected=20963040 drift_frames=382080
AUDIO drift tick=0 engine_pcm=21346080 expected=20963040 drift_frames=383040
AUDIO drift tick=0 engine_pcm=21347040 expected=20963040 drift_frames=384000
AUDIO drift tick=0 engine_pcm=21347520 expected=20963040 drift_frames=384480
AUDIO drift tick=0 engine_pcm=21348480 expected=20963040 drift_frames=385440
AUDIO drift tick=0 engine_pcm=21349440 expected=20963040 drift_frames=386400
AUDIO drift tick=0 engine_pcm=21349920 expected=20963040 drift_frames=386880
AUDIO drift tick=0 engine_pcm=21350880 expected=20963040 drift_frames=387840
AUDIO drift tick=0 engine_pcm=21351840 expected=20963040 drift_frames=388800
AUDIO drift tick=0 engine_pcm=21352320 expected=20963040 drift_frames=389280
AUDIO drift tick=0 engine_pcm=21353280 expected=20963040 drift_frames=390240
AUDIO drift tick=0 engine_pcm=21354240 expected=20963040 drift_frames=391200
AUDIO drift tick=0 engine_pcm=21354720 expected=20963040 drift_frames=391680
AUDIO drift tick=0 engine_pcm=21355680 expected=20963040 drift_frames=392640
AUDIO drift tick=0 engine_pcm=21356160 expected=20963040 drift_frames=393120
AUDIO drift tick=0 engine_pcm=21357120 expected=20963040 drift_frames=394080
AUDIO drift tick=0 engine_pcm=21358080 expected=20963040 drift_frames=395040
AUDIO drift tick=0 engine_pcm=21358560 expected=20963040 drift_frames=395520
AUDIO drift tick=0 engine_pcm=21359520 expected=20963040 drift_frames=396480
AUDIO drift tick=0 engine_pcm=21360480 expected=20963040 drift_frames=397440
AUDIO drift tick=0 engine_pcm=21360960 expected=20963040 drift_frames=397920
AUDIO drift tick=0 engine_pcm=21361920 expected=20963040 drift_frames=398880
AUDIO drift tick=0 engine_pcm=21362400 expected=20963040 drift_frames=399360
AUDIO drift tick=0 engine_pcm=21363360 expected=20963040 drift_frames=400320
AUDIO drift tick=0 engine_pcm=21364320 expected=20963040 drift_frames=401280
AUDIO drift tick=0 engine_pcm=21364800 expected=20963040 drift_frames=401760
AUDIO drift tick=0 engine_pcm=21365760 expected=20963040 drift_frames=402720
AUDIO drift tick=0 engine_pcm=21366720 expected=20963040 drift_frames=403680
AUDIO drift tick=0 engine_pcm=21367200 expected=20963040 drift_frames=404160
AUDIO drift tick=0 engine_pcm=21368160 expected=20963040 drift_frames=405120
AUDIO drift tick=0 engine_pcm=21369120 expected=20963040 drift_frames=406080
AUDIO drift tick=0 engine_pcm=21369600 expected=20963040 drift_frames=406560
AUDIO drift tick=0 engine_pcm=21370560 expected=20963040 drift_frames=407520
AUDIO drift tick=0 engine_pcm=21371040 expected=20963040 drift_frames=408000
AUDIO drift tick=0 engine_pcm=21372000 expected=20963040 drift_frames=408960
AUDIO drift tick=0 engine_pcm=21372960 expected=20963040 drift_frames=409920
AUDIO drift tick=0 engine_pcm=21373440 expected=20963040 drift_frames=410400
AUDIO drift tick=0 engine_pcm=21374400 expected=20963040 drift_frames=411360
AUDIO drift tick=0 engine_pcm=21375360 expected=20963040 drift_frames=412320
AUDIO drift tick=0 engine_pcm=21375840 expected=20963040 drift_frames=412800
AUDIO drift tick=0 engine_pcm=21376800 expected=20963040 drift_frames=413760
AUDIO drift tick=0 engine_pcm=21377760 expected=20963040 drift_frames=414720
AUDIO drift tick=0 engine_pcm=21378240 expected=20963040 drift_frames=415200
AUDIO drift tick=0 engine_pcm=21379200 expected=20963040 drift_frames=416160
AUDIO drift tick=0 engine_pcm=21380160 expected=20963040 drift_frames=417120
AUDIO drift tick=0 engine_pcm=21380640 expected=20963040 drift_frames=417600
AUDIO drift tick=0 engine_pcm=21381600 expected=20963040 drift_frames=418560
AUDIO drift tick=0 engine_pcm=21382560 expected=20963040 drift_frames=419520
AUDIO drift tick=0 engine_pcm=21383040 expected=20963040 drift_frames=420000
AUDIO drift tick=0 engine_pcm=21384000 expected=20963040 drift_frames=420960
AUDIO drift tick=0 engine_pcm=21384960 expected=20963040 drift_frames=421920
AUDIO drift tick=0 engine_pcm=21385440 expected=20963040 drift_frames=422400
AUDIO drift tick=0 engine_pcm=21386400 expected=20963040 drift_frames=423360
AUDIO drift tick=0 engine_pcm=21387360 expected=20963040 drift_frames=424320
AUDIO drift tick=0 engine_pcm=21387840 expected=20963040 drift_frames=424800
AUDIO drift tick=0 engine_pcm=21388800 expected=20963040 drift_frames=425760
AUDIO drift tick=0 engine_pcm=21389280 expected=20963040 drift_frames=426240
AUDIO drift tick=0 engine_pcm=21390240 expected=20963040 drift_frames=427200
AUDIO drift tick=0 engine_pcm=21391200 expected=20963040 drift_frames=428160
AUDIO drift tick=0 engine_pcm=21391680 expected=20963040 drift_frames=428640
AUDIO drift tick=0 engine_pcm=21392640 expected=20963040 drift_frames=429600
AUDIO drift tick=0 engine_pcm=21393600 expected=20963040 drift_frames=430560
AUDIO drift tick=0 engine_pcm=21394080 expected=20963040 drift_frames=431040
AUDIO drift tick=0 engine_pcm=21395040 expected=20963040 drift_frames=432000
AUDIO drift tick=0 engine_pcm=21396000 expected=20963040 drift_frames=432960
AUDIO drift tick=0 engine_pcm=21396480 expected=20963040 drift_frames=433440
AUDIO drift tick=0 engine_pcm=21397440 expected=20963040 drift_frames=434400
AUDIO drift tick=0 engine_pcm=21397920 expected=20963040 drift_frames=434880
AUDIO drift tick=0 engine_pcm=21398880 expected=20963040 drift_frames=435840
AUDIO drift tick=0 engine_pcm=21399840 expected=20963040 drift_frames=436800
AUDIO drift tick=0 engine_pcm=21400320 expected=20963040 drift_frames=437280
AUDIO drift tick=0 engine_pcm=21401280 expected=20963040 drift_frames=438240
AUDIO drift tick=0 engine_pcm=21402240 expected=20963040 drift_frames=439200
AUDIO drift tick=0 engine_pcm=21402720 expected=20963040 drift_frames=439680
AUDIO drift tick=0 engine_pcm=21403680 expected=20963040 drift_frames=440640
AUDIO drift tick=0 engine_pcm=21404640 expected=20963040 drift_frames=441600
AUDIO drift tick=0 engine_pcm=21405120 expected=20963040 drift_frames=442080
AUDIO drift tick=0 engine_pcm=21406080 expected=20963040 drift_frames=443040
AUDIO drift tick=0 engine_pcm=21406560 expected=20963040 drift_frames=443520
AUDIO drift tick=0 engine_pcm=21407520 expected=20963040 drift_frames=444480
AUDIO drift tick=0 engine_pcm=21408480 expected=20963040 drift_frames=445440
AUDIO drift tick=0 engine_pcm=21408960 expected=20963040 drift_frames=445920
AUDIO drift tick=0 engine_pcm=21409920 expected=20963040 drift_frames=446880
AUDIO drift tick=0 engine_pcm=21410880 expected=20963040 drift_frames=447840
AUDIO drift tick=0 engine_pcm=21411360 expected=20963040 drift_frames=448320
AUDIO drift tick=0 engine_pcm=21412320 expected=20963040 drift_frames=449280
AUDIO drift tick=0 engine_pcm=21413280 expected=20963040 drift_frames=450240
AUDIO drift tick=0 engine_pcm=21413760 expected=20963040 drift_frames=450720
AUDIO drift tick=0 engine_pcm=21414720 expected=20963040 drift_frames=451680
AUDIO drift tick=0 engine_pcm=21415200 expected=20963040 drift_frames=452160
AUDIO drift tick=0 engine_pcm=21416160 expected=20963040 drift_frames=453120
AUDIO drift tick=0 engine_pcm=21417120 expected=20963040 drift_frames=454080
AUDIO drift tick=0 engine_pcm=21417600 expected=20963040 drift_frames=454560
AUDIO drift tick=0 engine_pcm=21418560 expected=20963040 drift_frames=455520
AUDIO drift tick=0 engine_pcm=21419520 expected=20963040 drift_frames=456480
AUDIO drift tick=0 engine_pcm=21420000 expected=20963040 drift_frames=456960
AUDIO drift tick=0 engine_pcm=21420960 expected=20963040 drift_frames=457920
AUDIO drift tick=0 engine_pcm=21421920 expected=20963040 drift_frames=458880
AUDIO drift tick=0 engine_pcm=21422400 expected=20963040 drift_frames=459360
AUDIO drift tick=0 engine_pcm=21423360 expected=20963040 drift_frames=460320
AUDIO drift tick=0 engine_pcm=21423840 expected=20963040 drift_frames=460800
AUDIO drift tick=0 engine_pcm=21424800 expected=20963040 drift_frames=461760
AUDIO drift tick=0 engine_pcm=21425760 expected=20963040 drift_frames=462720
AUDIO drift tick=0 engine_pcm=21426240 expected=20963040 drift_frames=463200
AUDIO drift tick=0 engine_pcm=21427200 expected=20963040 drift_frames=464160
AUDIO drift tick=0 engine_pcm=21428160 expected=20963040 drift_frames=465120
AUDIO drift tick=0 engine_pcm=21428640 expected=20963040 drift_frames=465600
AUDIO drift tick=0 engine_pcm=21429600 expected=20963040 drift_frames=466560
AUDIO drift tick=0 engine_pcm=21430560 expected=20963040 drift_frames=467520
AUDIO drift tick=0 engine_pcm=21431040 expected=20963040 drift_frames=468000
AUDIO drift tick=0 engine_pcm=21432000 expected=20963040 drift_frames=468960
AUDIO drift tick=0 engine_pcm=21432480 expected=20963040 drift_frames=469440
AUDIO drift tick=0 engine_pcm=21433440 expected=20963040 drift_frames=470400
AUDIO drift tick=0 engine_pcm=21434400 expected=20963040 drift_frames=471360
AUDIO drift tick=0 engine_pcm=21434880 expected=20963040 drift_frames=471840
AUDIO drift tick=0 engine_pcm=21435840 expected=20963040 drift_frames=472800
AUDIO drift tick=0 engine_pcm=21436800 expected=20963040 drift_frames=473760
AUDIO drift tick=0 engine_pcm=21437280 expected=20963040 drift_frames=474240
AUDIO drift tick=0 engine_pcm=21438240 expected=20963040 drift_frames=475200
AUDIO drift tick=0 engine_pcm=21439200 expected=20963040 drift_frames=476160
AUDIO drift tick=0 engine_pcm=21439680 expected=20963040 drift_frames=476640
AUDIO drift tick=0 engine_pcm=21440640 expected=20963040 drift_frames=477600
AUDIO drift tick=0 engine_pcm=21441120 expected=20963040 drift_frames=478080
AUDIO drift tick=0 engine_pcm=21442080 expected=20963040 drift_frames=479040
AUDIO drift tick=0 engine_pcm=21443040 expected=20963040 drift_frames=480000
AUDIO drift tick=0 engine_pcm=21443520 expected=20963040 drift_frames=480480
AUDIO drift tick=0 engine_pcm=21444480 expected=20963040 drift_frames=481440
AUDIO drift tick=0 engine_pcm=21445440 expected=20963040 drift_frames=482400
AUDIO drift tick=0 engine_pcm=21445920 expected=20963040 drift_frames=482880
AUDIO drift tick=0 engine_pcm=21446880 expected=20963040 drift_frames=483840
AUDIO drift tick=0 engine_pcm=21447360 expected=20963040 drift_frames=484320
AUDIO drift tick=0 engine_pcm=21448320 expected=20963040 drift_frames=485280
AUDIO drift tick=0 engine_pcm=21449280 expected=20963040 drift_frames=486240
AUDIO drift tick=0 engine_pcm=21449760 expected=20963040 drift_frames=486720
AUDIO drift tick=0 engine_pcm=21450720 expected=20963040 drift_frames=487680
AUDIO drift tick=0 engine_pcm=21451680 expected=20963040 drift_frames=488640
AUDIO drift tick=0 engine_pcm=21452160 expected=20963040 drift_frames=489120
AUDIO drift tick=0 engine_pcm=21453120 expected=20963040 drift_frames=490080
AUDIO drift tick=0 engine_pcm=21454080 expected=20963040 drift_frames=491040
AUDIO drift tick=0 engine_pcm=21454560 expected=20963040 drift_frames=491520
AUDIO drift tick=0 engine_pcm=21455520 expected=20963040 drift_frames=492480
AUDIO drift tick=0 engine_pcm=21456000 expected=20963040 drift_frames=492960
AUDIO drift tick=0 engine_pcm=21456960 expected=20963040 drift_frames=493920
AUDIO drift tick=0 engine_pcm=21457920 expected=20963040 drift_frames=494880
AUDIO drift tick=0 engine_pcm=21458400 expected=20963040 drift_frames=495360
AUDIO drift tick=0 engine_pcm=21459360 expected=20963040 drift_frames=496320
AUDIO drift tick=0 engine_pcm=21460320 expected=20963040 drift_frames=497280
AUDIO drift tick=0 engine_pcm=21460800 expected=20963040 drift_frames=497760
AUDIO drift tick=1800 engine_pcm=23395200 expected=22403040 drift_frames=992160
AUDIO drift tick=3600 engine_pcm=25204320 expected=23843040 drift_frames=1361280
AUDIO drift tick=5400 engine_pcm=26810880 expected=25283040 drift_frames=1527840
AUDIO drift tick=7200 engine_pcm=28375200 expected=26723040 drift_frames=1652160
AUDIO drift tick=9000 engine_pcm=30068640 expected=28163040 drift_frames=1905600
AUDIO drift tick=10800 engine_pcm=31623840 expected=29603040 drift_frames=2020800
AUDIO drift tick=12600 engine_pcm=33135840 expected=31043040 drift_frames=2092800
AUDIO drift tick=14400 engine_pcm=34717920 expected=32483040 drift_frames=2234880
AUDIO drift tick=16200 engine_pcm=36315840 expected=33923040 drift_frames=2392800
AUDIO drift tick=18000 engine_pcm=37913760 expected=35363040 drift_frames=2550720
AUDIO drift tick=19800 engine_pcm=39622080 expected=36803040 drift_frames=2819040
AUDIO drift tick=21600 engine_pcm=41221920 expected=38243040 drift_frames=2978880
AUDIO drift tick=23400 engine_pcm=42833760 expected=39683040 drift_frames=3150720
AUDIO drift tick=25200 engine_pcm=44453280 expected=41123040 drift_frames=3330240
AUDIO drift tick=27000 engine_pcm=46075680 expected=42563040 drift_frames=3512640
AUDIO drift tick=28800 engine_pcm=47728800 expected=44003040 drift_frames=3725760
AUDIO drift tick=30600 engine_pcm=49377600 expected=45443040 drift_frames=3934560
AUDIO drift tick=32400 engine_pcm=51027840 expected=46883040 drift_frames=4144800
AUDIO drift tick=34200 engine_pcm=52658400 expected=48323040 drift_frames=4335360
AUDIO drift tick=36000 engine_pcm=54295200 expected=49763040 drift_frames=4532160
AUDIO teardown clean (dropped_cues=0)
