AUDIO on: device=1 sha=15f03e0219d6 lib=C:/Users/gabri/workspace/game-two-audio
TELEMETRY persist loaded digest=c4b8df2bd9cecb0b887578b7ec0e80a1 schema=1 banked=20 provisions=0 seals=2 marks=0 sessions=5 source=file
TELEMETRY session seed=1244851749
TELEMETRY d1_fired carrying_deaths=1 wipes=3 corpse_looted=0 carried_lost=0 banked_events=0 fights=4 recovery_fights=0 negative_fights=1
TELEMETRY a2_fired wipes=3 body_deaths=5 retargets{hate=1 lowhp=8 proximity=0 acquired=78 challenged=0} leashes=45 deepest_band=2 banked=0
TELEMETRY d1b_fired inscriptions=0 marks_consumed=0 dissolved=6 regrown=0 tributes=0 floor_fired=3 banked_spent{inscribe=0 tribute=0} banked_end=0
TELEMETRY q6_cadence banks{n=0 mean=0 max=0} kills_by_band{b0=4 b1=2 b2=5}
TELEMETRY density pockets{mean=7.0 max=18} arrivals{pocket=8 seed=0 home=0} singles_pct=48
TELEMETRY arc breach{fired=0 first_frame=0 banked_after=0} rehomed=0 camp_visits=4 d2{entered=1 kills=11} seal2_breached=0
TELEMETRY q6_margins banks{n=0 pure=0} amount{mean=0 max=0} hp{mean=0.00} dead{mean=0.0} wounded{mean=0.0} gap{mean_s=0}
TELEMETRY v13 whirl{casts=0 hits{1=0 2=0 3=0 4=0 5plus=0} kills=0} challenge{casts=1 retargets=0}
TELEMETRY drift thirds{k1=8 k2=0 k3=3} pockets{p1=3.6 p2=2.9 p3=0.0} span_thirds{k1=8 k2=0 k3=3 span=4045}
TELEMETRY v14 telegraphs_shown=9 first_special{striker=never blocker=4848 lobber=never}
TELEMETRY quay entries=1 frames=304 kills=0 deaths=1 banked_after{events=0 amount=0}
TELEMETRY varekka engaged=1 chants=0 interrupted=0 seized=0 swap_escapes=0 slain=0 deaths_while_seized=0 burns=0 ends{expired=0 slain=0 died=0 zone_left=0 wiped=0}
TELEMETRY sustain bought=0 used=0 refused=0
TELEMETRY persist saved digest=189a80723c87b90f27bc8436533d8cc1 schema=1 banked=20 provisions=0 seals=2 marks=0 sessions=6
AUDIO drift anchor tick=1800 engine_pcm=1426560 tick_frames=800
AUDIO drift tick=1800 engine_pcm=1426560 expected=1426560 drift_frames=0
AUDIO drift tick=3600 engine_pcm=2843040 expected=2866560 drift_frames=-23520
AUDIO drift tick=5400 engine_pcm=4256640 expected=4306560 drift_frames=-49920
AUDIO teardown clean (dropped_cues=0)
