AUDIO on: device=1 sha=15f03e0219d6 lib=C:/Users/gabri/workspace/game-two-audio
TELEMETRY persist loaded digest=822b2e98814439b6295883f573f09451 schema=1 banked=20 provisions=0 seals=2 marks=3 sessions=4 source=file
TELEMETRY session seed=3454489876
TELEMETRY d1_fired carrying_deaths=0 wipes=1 corpse_looted=0 carried_lost=0 banked_events=0 fights=1 recovery_fights=0 negative_fights=0
TELEMETRY a2_fired wipes=1 body_deaths=3 retargets{hate=3 lowhp=0 proximity=2 acquired=34 challenged=0} leashes=9 deepest_band=1 banked=0
TELEMETRY d1b_fired inscriptions=0 marks_consumed=3 dissolved=0 regrown=0 tributes=0 floor_fired=0 banked_spent{inscribe=0 tribute=0} banked_end=0
TELEMETRY q6_cadence banks{n=0 mean=0 max=0} kills_by_band{b0=4 b1=5 b2=0}
TELEMETRY density pockets{mean=5.9 max=12} arrivals{pocket=8 seed=0 home=0} singles_pct=53
TELEMETRY arc breach{fired=0 first_frame=0 banked_after=0} rehomed=0 camp_visits=2 d2{entered=1 kills=9} seal2_breached=0
TELEMETRY q6_margins banks{n=0 pure=0} amount{mean=0 max=0} hp{mean=0.00} dead{mean=0.0} wounded{mean=0.0} gap{mean_s=0}
TELEMETRY v13 whirl{casts=0 hits{1=0 2=0 3=0 4=0 5plus=0} kills=0} challenge{casts=0 retargets=0}
TELEMETRY drift thirds{k1=0 k2=0 k3=9} pockets{p1=0.0 p2=0.0 p3=3.4} span_thirds{k1=5 k2=3 k3=1 span=1325}
TELEMETRY v14 telegraphs_shown=8 first_special{striker=never blocker=never lobber=never}
TELEMETRY quay entries=0 frames=0 kills=0 deaths=0 banked_after{events=0 amount=0}
TELEMETRY varekka engaged=0 chants=0 interrupted=0 seized=0 swap_escapes=0 slain=0 deaths_while_seized=0 burns=0 ends{expired=0 slain=0 died=0 zone_left=0 wiped=0}
TELEMETRY sustain bought=0 used=0 refused=0
TELEMETRY persist saved digest=c4b8df2bd9cecb0b887578b7ec0e80a1 schema=1 banked=20 provisions=0 seals=2 marks=0 sessions=5
AUDIO drift anchor tick=1800 engine_pcm=1427520 tick_frames=800
AUDIO drift tick=1800 engine_pcm=1427520 expected=1427520 drift_frames=0
AUDIO drift tick=3600 engine_pcm=2844000 expected=2867520 drift_frames=-23520
AUDIO drift tick=5400 engine_pcm=4259520 expected=4307520 drift_frames=-48000
AUDIO teardown clean (dropped_cues=0)
